2026-10-03T17:11:30.7353795Z Current runner version: '2.337.0'
2026-10-03T17:11:30.7389656Z ##[group]Runner Image Provisioner
2026-10-03T17:11:30.7391121Z Hosted Compute Agent
2026-10-03T17:11:30.7392251Z Version: 20260901.588
2026-10-03T17:11:30.7393549Z Commit: f88ec8081b781fac6c440065ac7ff9e710ce3d0b
2026-10-03T17:11:30.7394884Z Build Date: 2026-09-01T19:56:44Z
2026-10-03T17:11:30.7396070Z Worker ID: {64890923-4bd0-4e7a-8445-d5b190a941fc}
2026-10-03T17:11:30.7397506Z Azure Region: eastus2
2026-10-03T17:11:30.7398564Z ##[endgroup]
2026-10-03T17:11:30.7401526Z ##[group]Operating System
2026-10-03T17:11:30.7402715Z Ubuntu
2026-10-03T17:11:30.7403646Z 24.04.5
2026-10-03T17:11:30.7404715Z LTS
2026-10-03T17:11:30.7405677Z ##[endgroup]
2026-10-03T17:11:30.7407157Z ##[group]Runner Image
2026-10-03T17:11:30.7408212Z Image: ubuntu-24.04
2026-10-03T17:11:30.7409207Z Version: 20260927.320.1
2026-10-03T17:11:30.7411795Z Included Software: https://github.com/actions/runner-images/blob/ubuntu24/20260927.320/images/ubuntu/Ubuntu2404-Readme.md
2026-10-03T17:11:30.7415071Z Image Release: https://github.com/actions/runner-images/releases/tag/ubuntu24%2F20260927.320
2026-10-03T17:11:30.7416964Z ##[endgroup]
2026-10-03T17:11:30.7419074Z ##[group]GITHUB_TOKEN Permissions
2026-10-03T17:11:30.7422372Z Contents: read
2026-10-03T17:11:30.7423398Z Metadata: read
2026-10-03T17:11:30.7424335Z Packages: read
2026-10-03T17:11:30.7425338Z ##[endgroup]
2026-10-03T17:11:30.7428285Z Secret source: Actions
2026-10-03T17:11:30.7430158Z Cache mode: write
2026-10-03T17:11:30.7431496Z Prepare workflow directory
2026-10-03T17:11:30.8123084Z Prepare all required actions
2026-10-03T17:11:30.8172378Z Getting action download info
2026-10-03T17:11:31.0027091Z Download action repository 'actions/checkout@v4' (SHA:11d5960a326750d5838078e36cf38b85af677262)
2026-10-03T17:11:31.1036499Z Download action repository 'Swatinem/rust-cache@v2' (SHA:6323deb102c322ba6fcbdcafc7e3dddab59af2b6)
2026-10-03T17:11:31.3497318Z Download action repository 'taiki-e/install-action@v2' (SHA:861a07ce7084f55488e375df125cdc99bba60eb7)
2026-10-03T17:11:31.7338967Z Complete job name: Check (ubuntu-24.04)
2026-10-03T17:11:31.8186296Z ##[group]Run actions/checkout@v4
2026-10-03T17:11:31.8187670Z with:
2026-10-03T17:11:31.8188506Z   repository: hoangvu12/pane
2026-10-03T17:11:31.8197441Z   token: ***
2026-10-03T17:11:31.8198287Z   ssh-strict: true
2026-10-03T17:11:31.8199137Z   ssh-user: git
2026-10-03T17:11:31.8200148Z   persist-credentials: true
2026-10-03T17:11:31.8201110Z   clean: true
2026-10-03T17:11:31.8201968Z   sparse-checkout-cone-mode: true
2026-10-03T17:11:31.8202993Z   fetch-depth: 1
2026-10-03T17:11:31.8203835Z   fetch-tags: false
2026-10-03T17:11:31.8204698Z   show-progress: true
2026-10-03T17:11:31.8205571Z   lfs: false
2026-10-03T17:11:31.8206374Z   submodules: false
2026-10-03T17:11:31.8207277Z   set-safe-directory: true
2026-10-03T17:11:31.8208269Z   allow-unsafe-pr-checkout: false
2026-10-03T17:11:31.8209987Z env:
2026-10-03T17:11:31.8211219Z   CARGO_TARGET_X86_64_UNKNOWN_LINUX_GNU_RUSTFLAGS: -C link-arg=-fuse-ld=mold
2026-10-03T17:11:31.8212710Z ##[endgroup]
2026-10-03T17:11:31.9230515Z Syncing repository: hoangvu12/pane
2026-10-03T17:11:31.9234861Z ##[group]Getting Git version info
2026-10-03T17:11:31.9237108Z Working directory is '/home/runner/work/pane/pane'
2026-10-03T17:11:31.9240692Z [command]/usr/bin/git version
2026-10-03T17:11:31.9299788Z git version 2.55.0
2026-10-03T17:11:31.9322763Z ##[endgroup]
2026-10-03T17:11:31.9337135Z Temporarily overriding HOME='/home/runner/work/_temp/318573c2-4f64-4ae1-82a1-938989022561' before making global git config changes
2026-10-03T17:11:31.9340782Z Adding repository directory to the temporary git global config as a safe directory
2026-10-03T17:11:31.9343687Z [command]/usr/bin/git config --global --add safe.directory /home/runner/work/pane/pane
2026-10-03T17:11:31.9403625Z Deleting the contents of '/home/runner/work/pane/pane'
2026-10-03T17:11:31.9407784Z ##[group]Initializing the repository
2026-10-03T17:11:31.9412544Z [command]/usr/bin/git init /home/runner/work/pane/pane
2026-10-03T17:11:31.9552136Z hint: Using 'master' as the name for the initial branch. This default branch name
2026-10-03T17:11:31.9556283Z hint: will change to "main" in Git 3.0. To configure the initial branch name
2026-10-03T17:11:31.9559686Z hint: to use in all of your new repositories, which will suppress this warning,
2026-10-03T17:11:31.9562035Z hint: call:
2026-10-03T17:11:31.9563042Z hint:
2026-10-03T17:11:31.9564145Z hint: 	git config --global init.defaultBranch <name>
2026-10-03T17:11:31.9565523Z hint:
2026-10-03T17:11:31.9567137Z hint: Names commonly chosen instead of 'master' are 'main', 'trunk' and
2026-10-03T17:11:31.9569172Z hint: 'development'. The just-created branch can be renamed via this command:
2026-10-03T17:11:31.9571989Z hint:
2026-10-03T17:11:31.9573491Z hint: 	git branch -m <name>
2026-10-03T17:11:31.9574628Z hint:
2026-10-03T17:11:31.9577038Z hint: Disable this message with "git config set advice.defaultBranchName false"
2026-10-03T17:11:31.9580482Z Initialized empty Git repository in /home/runner/work/pane/pane/.git/
2026-10-03T17:11:31.9586187Z [command]/usr/bin/git remote add origin https://github.com/hoangvu12/pane
2026-10-03T17:11:31.9622038Z ##[endgroup]
2026-10-03T17:11:31.9627808Z ##[group]Disabling automatic garbage collection
2026-10-03T17:11:31.9630303Z [command]/usr/bin/git config --local gc.auto 0
2026-10-03T17:11:31.9666132Z ##[endgroup]
2026-10-03T17:11:31.9667692Z ##[group]Setting up auth
2026-10-03T17:11:31.9672990Z [command]/usr/bin/git config --local --name-only --get-regexp core\.sshCommand
2026-10-03T17:11:31.9706044Z [command]/usr/bin/git submodule foreach --recursive sh -c "git config --local --name-only --get-regexp 'core\.sshCommand' && git config --local --unset-all 'core.sshCommand' || :"
2026-10-03T17:11:32.0109027Z [command]/usr/bin/git config --local --name-only --get-regexp http\.https\:\/\/github\.com\/\.extraheader
2026-10-03T17:11:32.0152369Z [command]/usr/bin/git submodule foreach --recursive sh -c "git config --local --name-only --get-regexp 'http\.https\:\/\/github\.com\/\.extraheader' && git config --local --unset-all 'http.https://github.com/.extraheader' || :"
2026-10-03T17:11:32.0382851Z [command]/usr/bin/git config --local --name-only --get-regexp ^includeIf\.gitdir:
2026-10-03T17:11:32.0418732Z [command]/usr/bin/git submodule foreach --recursive git config --local --show-origin --name-only --get-regexp remote.origin.url
2026-10-03T17:11:32.0640081Z [command]/usr/bin/git config --local http.https://github.com/.extraheader AUTHORIZATION: basic ***
2026-10-03T17:11:32.0681790Z ##[endgroup]
2026-10-03T17:11:32.0684229Z ##[group]Fetching the repository
2026-10-03T17:11:32.0691697Z [command]/usr/bin/git -c protocol.version=2 fetch --no-tags --prune --no-recurse-submodules --depth=1 origin +4906a8fd220f6d4d96e8398a267d07d8d040e642:refs/remotes/origin/pi-subagent/ticket-85
2026-10-03T17:11:35.1883521Z From https://github.com/hoangvu12/pane
2026-10-03T17:11:35.1884880Z  * [new ref]         4906a8fd220f6d4d96e8398a267d07d8d040e642 -> origin/pi-subagent/ticket-85
2026-10-03T17:11:35.1888893Z ##[endgroup]
2026-10-03T17:11:35.1890482Z ##[group]Determining the checkout info
2026-10-03T17:11:35.1892701Z ##[endgroup]
2026-10-03T17:11:35.1899682Z [command]/usr/bin/git sparse-checkout disable
2026-10-03T17:11:35.1962242Z [command]/usr/bin/git config --local --unset-all extensions.worktreeConfig
2026-10-03T17:11:35.2000587Z ##[group]Checking out the ref
2026-10-03T17:11:35.2007360Z [command]/usr/bin/git checkout --progress --force -B pi-subagent/ticket-85 refs/remotes/origin/pi-subagent/ticket-85
2026-10-03T17:11:35.4629524Z Switched to a new branch 'pi-subagent/ticket-85'
2026-10-03T17:11:35.4637844Z branch 'pi-subagent/ticket-85' set up to track 'origin/pi-subagent/ticket-85'.
2026-10-03T17:11:35.4656094Z ##[endgroup]
2026-10-03T17:11:35.4710716Z [command]/usr/bin/git log -1 --format=%H
2026-10-03T17:11:35.4739308Z 4906a8fd220f6d4d96e8398a267d07d8d040e642
2026-10-03T17:11:35.4961499Z ##[group]Run sudo apt-get update
2026-10-03T17:11:35.4962052Z [36;1msudo apt-get update[0m
2026-10-03T17:11:35.4962899Z [36;1msudo apt-get install -y libxkbcommon-dev libxkbcommon-x11-dev libwayland-dev \[0m
2026-10-03T17:11:35.4963641Z [36;1m  libxcb1-dev libfontconfig1-dev libfreetype-dev libvulkan1 mesa-vulkan-drivers \[0m
2026-10-03T17:11:35.4964306Z [36;1m  xvfb xdotool imagemagick mold[0m
2026-10-03T17:11:35.5314639Z shell: /usr/bin/bash -e {0}
2026-10-03T17:11:35.5315083Z env:
2026-10-03T17:11:35.5315643Z   CARGO_TARGET_X86_64_UNKNOWN_LINUX_GNU_RUSTFLAGS: -C link-arg=-fuse-ld=mold
2026-10-03T17:11:35.5316310Z ##[endgroup]
2026-10-03T17:11:35.6242563Z Get:1 file:/etc/apt/apt-mirrors.txt Mirrorlist [144 B]
2026-10-03T17:11:35.6566761Z Hit:2 http://azure.archive.ubuntu.com/ubuntu noble InRelease
2026-10-03T17:11:35.6567917Z Get:6 https://packages.microsoft.com/ubuntu/24.04/prod noble InRelease [3600 B]
2026-10-03T17:11:35.6580453Z Get:3 http://azure.archive.ubuntu.com/ubuntu noble-updates InRelease [126 kB]
2026-10-03T17:11:35.6640380Z Get:4 http://azure.archive.ubuntu.com/ubuntu noble-backports InRelease [126 kB]
2026-10-03T17:11:35.6650394Z Get:5 http://azure.archive.ubuntu.com/ubuntu noble-security InRelease [126 kB]
2026-10-03T17:11:35.7815084Z Get:7 https://packages.microsoft.com/ubuntu/24.04/prod noble/main arm64 Packages [458 kB]
2026-10-03T17:11:35.7972414Z Get:8 https://packages.microsoft.com/ubuntu/24.04/prod noble/main armhf Packages [12.6 kB]
2026-10-03T17:11:35.8022704Z Get:9 https://packages.microsoft.com/ubuntu/24.04/prod noble/main amd64 Packages [511 kB]
2026-10-03T17:11:35.8307588Z Get:10 http://azure.archive.ubuntu.com/ubuntu noble-updates/main amd64 Packages [1364 kB]
2026-10-03T17:11:35.8392194Z Get:11 http://azure.archive.ubuntu.com/ubuntu noble-updates/main Translation-en [304 kB]
2026-10-03T17:11:35.8402918Z Get:12 http://azure.archive.ubuntu.com/ubuntu noble-updates/main amd64 Components [181 kB]
2026-10-03T17:11:35.8422190Z Get:13 http://azure.archive.ubuntu.com/ubuntu noble-updates/universe amd64 Packages [1699 kB]
2026-10-03T17:11:35.8540758Z Get:14 http://azure.archive.ubuntu.com/ubuntu noble-updates/universe Translation-en [341 kB]
2026-10-03T17:11:35.8565535Z Get:15 http://azure.archive.ubuntu.com/ubuntu noble-updates/universe amd64 Components [388 kB]
2026-10-03T17:11:35.8570351Z Get:16 http://azure.archive.ubuntu.com/ubuntu noble-updates/restricted amd64 Packages [1720 kB]
2026-10-03T17:11:35.8687569Z Get:17 http://azure.archive.ubuntu.com/ubuntu noble-updates/restricted Translation-en [394 kB]
2026-10-03T17:11:35.8693844Z Get:18 http://azure.archive.ubuntu.com/ubuntu noble-updates/multiverse amd64 Components [940 B]
2026-10-03T17:11:35.8880713Z Get:19 http://azure.archive.ubuntu.com/ubuntu noble-backports/main amd64 Components [5736 B]
2026-10-03T17:11:35.9374493Z Get:20 http://azure.archive.ubuntu.com/ubuntu noble-backports/universe amd64 Components [12.6 kB]
2026-10-03T17:11:35.9383823Z Get:21 http://azure.archive.ubuntu.com/ubuntu noble-security/main amd64 Packages [1069 kB]
2026-10-03T17:11:35.9436909Z Get:22 http://azure.archive.ubuntu.com/ubuntu noble-security/main Translation-en [221 kB]
2026-10-03T17:11:35.9451700Z Get:23 http://azure.archive.ubuntu.com/ubuntu noble-security/main amd64 Components [46.5 kB]
2026-10-03T17:11:35.9459617Z Get:24 http://azure.archive.ubuntu.com/ubuntu noble-security/universe amd64 Packages [1216 kB]
2026-10-03T17:11:35.9515914Z Get:25 http://azure.archive.ubuntu.com/ubuntu noble-security/universe Translation-en [244 kB]
2026-10-03T17:11:35.9531988Z Get:26 http://azure.archive.ubuntu.com/ubuntu noble-security/universe amd64 Components [76.3 kB]
2026-10-03T17:11:35.9541908Z Get:27 http://azure.archive.ubuntu.com/ubuntu noble-security/restricted amd64 Packages [1566 kB]
2026-10-03T17:11:35.9627490Z Get:28 http://azure.archive.ubuntu.com/ubuntu noble-security/restricted Translation-en [361 kB]
2026-10-03T17:11:40.1277994Z Fetched 12.6 MB in 1s (9364 kB/s)
2026-10-03T17:11:40.9288947Z Reading package lists...
2026-10-03T17:11:40.9596380Z Reading package lists...
2026-10-03T17:11:41.1343813Z Building dependency tree...
2026-10-03T17:11:41.1351511Z Reading state information...
2026-10-03T17:11:41.2696836Z libvulkan1 is already the newest version (1.3.275.0-1build1).
2026-10-03T17:11:41.2697824Z libvulkan1 set to manually installed.
2026-10-03T17:11:41.2698390Z xvfb is already the newest version (2:21.1.12-1ubuntu1.8).
2026-10-03T17:11:41.2699080Z The following additional packages will be installed:
2026-10-03T17:11:41.2700131Z   bzip2-doc fonts-droid-fallback fonts-noto-mono fonts-urw-base35 ghostscript
2026-10-03T17:11:41.2701096Z   imagemagick-6.q16 libbrotli-dev libbz2-dev libdjvulibre-text libdjvulibre21
2026-10-03T17:11:41.2702062Z   libfontconfig-dev libgbm1 libgl1-mesa-dri libglx-mesa0 libgs-common libgs10
2026-10-03T17:11:41.2710397Z   libgs10-common libidn12 libijs-0.35 libimath-3-1-29t64 libjbig2dec0
2026-10-03T17:11:41.2711274Z   libjxr-tools libjxr0t64 libmagickcore-6.q16-7-extra libnetpbm11t64
2026-10-03T17:11:41.2712161Z   libopenexr-3-1-30 libpaper-utils libpaper1 libpng-dev libpng-tools
2026-10-03T17:11:41.2713079Z   libpthread-stubs0-dev libwayland-bin libwayland-server0 libwmflite-0.2-7
2026-10-03T17:11:41.2713902Z   libxau-dev libxcb-xkb-dev libxcb-xkb1 libxdmcp-dev libxdo3
2026-10-03T17:11:41.2714637Z   libxkbcommon-x11-0 mesa-libgallium netpbm poppler-data uuid-dev x11proto-dev
2026-10-03T17:11:41.2715167Z   xfonts-encodings xfonts-utils xorg-sgml-doctools
2026-10-03T17:11:41.2715533Z Suggested packages:
2026-10-03T17:11:41.2715894Z   fonts-noto fonts-freefont-otf | fonts-freefont-ttf fonts-texgyre
2026-10-03T17:11:41.2716470Z   texlive-binaries imagemagick-6-doc autotrace cups-bsd | lpr | lprng enscript
2026-10-03T17:11:41.2717086Z   ffmpeg gimp gnuplot grads graphviz hp2xx html2ps libwmf-bin mplayer povray
2026-10-03T17:11:41.2717671Z   radiance sane-utils texlive-base-bin transfig libraw-bin freetype2-doc
2026-10-03T17:11:41.2718252Z   inkscape libwayland-doc libxcb-doc poppler-utils fonts-japanese-mincho
2026-10-03T17:11:41.2718853Z   | fonts-ipafont-mincho fonts-japanese-gothic | fonts-ipafont-gothic
2026-10-03T17:11:41.2719572Z   fonts-arphic-ukai fonts-arphic-uming fonts-nanum
2026-10-03T17:11:41.3053113Z The following NEW packages will be installed:
2026-10-03T17:11:41.3054061Z   bzip2-doc fonts-droid-fallback fonts-noto-mono fonts-urw-base35 ghostscript
2026-10-03T17:11:41.3055190Z   imagemagick imagemagick-6.q16 libbrotli-dev libbz2-dev libdjvulibre-text
2026-10-03T17:11:41.3056211Z   libdjvulibre21 libfontconfig-dev libfontconfig1-dev libfreetype-dev
2026-10-03T17:11:41.3057216Z   libgs-common libgs10 libgs10-common libidn12 libijs-0.35 libimath-3-1-29t64
2026-10-03T17:11:41.3058188Z   libjbig2dec0 libjxr-tools libjxr0t64 libmagickcore-6.q16-7-extra
2026-10-03T17:11:41.3059140Z   libnetpbm11t64 libopenexr-3-1-30 libpaper-utils libpaper1 libpng-dev
2026-10-03T17:11:41.3060441Z   libpng-tools libpthread-stubs0-dev libwayland-bin libwayland-dev
2026-10-03T17:11:41.3061482Z   libwayland-server0 libwmflite-0.2-7 libxau-dev libxcb-xkb-dev libxcb-xkb1
2026-10-03T17:11:41.3062527Z   libxcb1-dev libxdmcp-dev libxdo3 libxkbcommon-dev libxkbcommon-x11-0
2026-10-03T17:11:41.3063510Z   libxkbcommon-x11-dev mesa-vulkan-drivers mold netpbm poppler-data uuid-dev
2026-10-03T17:11:41.3064638Z   x11proto-dev xdotool xfonts-encodings xfonts-utils xorg-sgml-doctools
2026-10-03T17:11:41.3065465Z The following packages will be upgraded:
2026-10-03T17:11:41.3068329Z   libgbm1 libgl1-mesa-dri libglx-mesa0 mesa-libgallium
2026-10-03T17:11:41.3242456Z 4 upgraded, 54 newly installed, 0 to remove and 21 not upgraded.
2026-10-03T17:11:41.3243073Z Need to get 59.3 MB of archives.
2026-10-03T17:11:41.3243575Z After this operation, 213 MB of additional disk space will be used.
2026-10-03T17:11:41.3244003Z Get:1 file:/etc/apt/apt-mirrors.txt Mirrorlist [144 B]
2026-10-03T17:11:41.3620395Z Get:2 http://azure.archive.ubuntu.com/ubuntu noble/main amd64 fonts-droid-fallback all 1:6.0.1r16-1.1build1 [1805 kB]
2026-10-03T17:11:41.3954692Z Get:3 http://azure.archive.ubuntu.com/ubuntu noble/main amd64 poppler-data all 0.4.12-1 [2060 kB]
2026-10-03T17:11:41.4345091Z Get:4 http://azure.archive.ubuntu.com/ubuntu noble-updates/main amd64 bzip2-doc all 1.0.8-5.1ubuntu0.1 [499 kB]
2026-10-03T17:11:41.4617199Z Get:5 http://azure.archive.ubuntu.com/ubuntu noble/main amd64 fonts-noto-mono all 20201225-2 [435 kB]
2026-10-03T17:11:41.4827829Z Get:6 http://azure.archive.ubuntu.com/ubuntu noble/main amd64 xfonts-encodings all 1:1.0.5-0ubuntu2 [578 kB]
2026-10-03T17:11:41.5048985Z Get:7 http://azure.archive.ubuntu.com/ubuntu noble/main amd64 xfonts-utils amd64 1:7.7+6build3 [94.4 kB]
2026-10-03T17:11:41.5238127Z Get:8 http://azure.archive.ubuntu.com/ubuntu noble/main amd64 fonts-urw-base35 all 20200910-8 [11.0 MB]
2026-10-03T17:11:41.6187565Z Get:9 http://azure.archive.ubuntu.com/ubuntu noble-updates/main amd64 libgs-common all 10.02.1~dfsg1-0ubuntu7.9 [176 kB]
2026-10-03T17:11:41.6380184Z Get:10 http://azure.archive.ubuntu.com/ubuntu noble-updates/main amd64 libgs10-common all 10.02.1~dfsg1-0ubuntu7.9 [488 kB]
2026-10-03T17:11:41.6612144Z Get:11 http://azure.archive.ubuntu.com/ubuntu noble-updates/main amd64 libidn12 amd64 1.42-1ubuntu0.1 [56.1 kB]
2026-10-03T17:11:41.6798437Z Get:12 http://azure.archive.ubuntu.com/ubuntu noble/main amd64 libijs-0.35 amd64 0.35-15.1build1 [15.3 kB]
2026-10-03T17:11:41.6983611Z Get:13 http://azure.archive.ubuntu.com/ubuntu noble-updates/main amd64 libjbig2dec0 amd64 0.20-1ubuntu0.24.04.1 [65.2 kB]
2026-10-03T17:11:41.7172771Z Get:14 http://azure.archive.ubuntu.com/ubuntu noble/main amd64 libpaper1 amd64 1.1.29build1 [13.4 kB]
2026-10-03T17:11:41.7523332Z Get:15 http://azure.archive.ubuntu.com/ubuntu noble-updates/main amd64 libgs10 amd64 10.02.1~dfsg1-0ubuntu7.9 [3898 kB]
2026-10-03T17:11:41.9234220Z Get:16 http://azure.archive.ubuntu.com/ubuntu noble-updates/main amd64 ghostscript amd64 10.02.1~dfsg1-0ubuntu7.9 [43.4 kB]
2026-10-03T17:11:41.9419976Z Get:17 http://azure.archive.ubuntu.com/ubuntu noble/universe amd64 imagemagick-6.q16 amd64 8:6.9.12.98+dfsg1-5.2build2 [254 kB]
2026-10-03T17:11:41.9624722Z Get:18 http://azure.archive.ubuntu.com/ubuntu noble/universe amd64 imagemagick amd64 8:6.9.12.98+dfsg1-5.2build2 [14.2 kB]
2026-10-03T17:11:41.9805310Z Get:19 http://azure.archive.ubuntu.com/ubuntu noble/main amd64 libbrotli-dev amd64 1.1.0-2build2 [353 kB]
2026-10-03T17:11:42.0434740Z Get:20 http://azure.archive.ubuntu.com/ubuntu noble-updates/main amd64 libbz2-dev amd64 1.0.8-5.1ubuntu0.1 [33.6 kB]
2026-10-03T17:11:42.0618069Z Get:21 http://azure.archive.ubuntu.com/ubuntu noble-updates/main amd64 libdjvulibre-text all 3.5.28-2ubuntu0.24.04.2 [51.1 kB]
2026-10-03T17:11:42.0804774Z Get:22 http://azure.archive.ubuntu.com/ubuntu noble-updates/main amd64 libdjvulibre21 amd64 3.5.28-2ubuntu0.24.04.2 [638 kB]
2026-10-03T17:11:42.1066508Z Get:23 http://azure.archive.ubuntu.com/ubuntu noble-updates/main amd64 libpng-dev amd64 1.6.43-5ubuntu0.6 [265 kB]
2026-10-03T17:11:42.1265236Z Get:24 http://azure.archive.ubuntu.com/ubuntu noble-updates/main amd64 libfreetype-dev amd64 2.13.2+dfsg-1ubuntu0.1 [575 kB]
2026-10-03T17:11:42.1489766Z Get:25 http://azure.archive.ubuntu.com/ubuntu noble-updates/main amd64 uuid-dev amd64 2.39.3-9ubuntu6.6 [33.5 kB]
2026-10-03T17:11:42.1674803Z Get:26 http://azure.archive.ubuntu.com/ubuntu noble/main amd64 libfontconfig-dev amd64 2.15.0-1.1ubuntu2 [161 kB]
2026-10-03T17:11:42.1867914Z Get:27 http://azure.archive.ubuntu.com/ubuntu noble/main amd64 libfontconfig1-dev amd64 2.15.0-1.1ubuntu2 [1840 B]
2026-10-03T17:11:42.2047431Z Get:28 http://azure.archive.ubuntu.com/ubuntu noble-updates/main amd64 libgl1-mesa-dri amd64 25.2.8-0ubuntu0.24.04.4 [38.0 kB]
2026-10-03T17:11:42.2232275Z Get:29 http://azure.archive.ubuntu.com/ubuntu noble-updates/main amd64 libglx-mesa0 amd64 25.2.8-0ubuntu0.24.04.4 [110 kB]
2026-10-03T17:11:42.2422195Z Get:30 http://azure.archive.ubuntu.com/ubuntu noble-updates/main amd64 libgbm1 amd64 25.2.8-0ubuntu0.24.04.4 [34.2 kB]
2026-10-03T17:11:42.2606803Z Get:31 http://azure.archive.ubuntu.com/ubuntu noble-updates/main amd64 mesa-libgallium amd64 25.2.8-0ubuntu0.24.04.4 [10.8 MB]
2026-10-03T17:11:42.3584453Z Get:32 http://azure.archive.ubuntu.com/ubuntu noble/universe amd64 libimath-3-1-29t64 amd64 3.1.9-3.1ubuntu2 [72.2 kB]
2026-10-03T17:11:42.3769506Z Get:33 http://azure.archive.ubuntu.com/ubuntu noble/universe amd64 libjxr0t64 amd64 1.2~git20170615.f752187-5.1ubuntu2 [181 kB]
2026-10-03T17:11:42.3965785Z Get:34 http://azure.archive.ubuntu.com/ubuntu noble/universe amd64 libjxr-tools amd64 1.2~git20170615.f752187-5.1ubuntu2 [15.8 kB]
2026-10-03T17:11:42.4160392Z Get:35 http://azure.archive.ubuntu.com/ubuntu noble/universe amd64 libopenexr-3-1-30 amd64 3.1.5-5.1build3 [1004 kB]
2026-10-03T17:11:42.4415475Z Get:36 http://azure.archive.ubuntu.com/ubuntu noble/main amd64 libwmflite-0.2-7 amd64 0.2.13-1.1build3 [68.6 kB]
2026-10-03T17:11:42.4604433Z Get:37 http://azure.archive.ubuntu.com/ubuntu noble/universe amd64 libmagickcore-6.q16-7-extra amd64 8:6.9.12.98+dfsg1-5.2build2 [70.1 kB]
2026-10-03T17:11:42.5451931Z Get:38 http://azure.archive.ubuntu.com/ubuntu noble/universe amd64 libnetpbm11t64 amd64 2:11.05.02-1.1build1 [114 kB]
2026-10-03T17:11:42.6206854Z Get:39 http://azure.archive.ubuntu.com/ubuntu noble/main amd64 libpaper-utils amd64 1.1.29build1 [8650 B]
2026-10-03T17:11:42.6394138Z Get:40 http://azure.archive.ubuntu.com/ubuntu noble-updates/main amd64 libpng-tools amd64 1.6.43-5ubuntu0.6 [28.5 kB]
2026-10-03T17:11:42.6599937Z Get:41 http://azure.archive.ubuntu.com/ubuntu noble/main amd64 libpthread-stubs0-dev amd64 0.4-1build3 [4746 B]
2026-10-03T17:11:42.6786515Z Get:42 http://azure.archive.ubuntu.com/ubuntu noble/main amd64 libwayland-server0 amd64 1.22.0-2.1build1 [33.9 kB]
2026-10-03T17:11:42.6999572Z Get:43 http://azure.archive.ubuntu.com/ubuntu noble/main amd64 xorg-sgml-doctools all 1:1.11-1.1 [10.9 kB]
2026-10-03T17:11:42.7193909Z Get:44 http://azure.archive.ubuntu.com/ubuntu noble/main amd64 x11proto-dev all 2023.2-1 [602 kB]
2026-10-03T17:11:42.7866193Z Get:45 http://azure.archive.ubuntu.com/ubuntu noble/main amd64 libxau-dev amd64 1:1.0.9-1build6 [9570 B]
2026-10-03T17:11:42.8052989Z Get:46 http://azure.archive.ubuntu.com/ubuntu noble/main amd64 libxcb-xkb1 amd64 1.15-1ubuntu2 [32.3 kB]
2026-10-03T17:11:42.8240666Z Get:47 http://azure.archive.ubuntu.com/ubuntu noble/main amd64 libxdmcp-dev amd64 1:1.1.3-0ubuntu6 [26.5 kB]
2026-10-03T17:11:42.8426700Z Get:48 http://azure.archive.ubuntu.com/ubuntu noble/main amd64 libxcb1-dev amd64 1.15-1ubuntu2 [85.8 kB]
2026-10-03T17:11:42.8625133Z Get:49 http://azure.archive.ubuntu.com/ubuntu noble/main amd64 libxcb-xkb-dev amd64 1.15-1ubuntu2 [42.5 kB]
2026-10-03T17:11:42.8815138Z Get:50 http://azure.archive.ubuntu.com/ubuntu noble/main amd64 libxkbcommon-dev amd64 1.6.0-1build1 [56.3 kB]
2026-10-03T17:11:42.9005506Z Get:51 http://azure.archive.ubuntu.com/ubuntu noble/main amd64 libxkbcommon-x11-0 amd64 1.6.0-1build1 [14.5 kB]
2026-10-03T17:11:42.9193002Z Get:52 http://azure.archive.ubuntu.com/ubuntu noble-updates/main amd64 mesa-vulkan-drivers amd64 25.2.8-0ubuntu0.24.04.4 [17.5 MB]
2026-10-03T17:11:43.1143677Z Get:53 http://azure.archive.ubuntu.com/ubuntu noble/universe amd64 mold amd64 2.30.0+dfsg-1build1 [2529 kB]
2026-10-03T17:11:43.1528368Z Get:54 http://azure.archive.ubuntu.com/ubuntu noble/universe amd64 netpbm amd64 2:11.05.02-1.1build1 [2054 kB]
2026-10-03T17:11:43.2018844Z Get:55 http://azure.archive.ubuntu.com/ubuntu noble/main amd64 libwayland-bin amd64 1.22.0-2.1build1 [20.6 kB]
2026-10-03T17:11:43.2210903Z Get:56 http://azure.archive.ubuntu.com/ubuntu noble/main amd64 libwayland-dev amd64 1.22.0-2.1build1 [71.3 kB]
2026-10-03T17:11:43.2835427Z Get:57 http://azure.archive.ubuntu.com/ubuntu noble/universe amd64 libxdo3 amd64 1:3.20160805.1-5build1 [22.2 kB]
2026-10-03T17:11:43.3022593Z Get:58 http://azure.archive.ubuntu.com/ubuntu noble/main amd64 libxkbcommon-x11-dev amd64 1.6.0-1build1 [5586 B]
2026-10-03T17:11:43.3215542Z Get:59 http://azure.archive.ubuntu.com/ubuntu noble/universe amd64 xdotool amd64 1:3.20160805.1-5build1 [42.6 kB]
2026-10-03T17:11:43.5622758Z Preconfiguring packages ...
2026-10-03T17:11:43.6190525Z Fetched 59.3 MB in 2s (29.5 MB/s)
2026-10-03T17:11:43.6443701Z Selecting previously unselected package fonts-droid-fallback.
2026-10-03T17:11:43.6775447Z (Reading database ... 
2026-10-03T17:11:43.6776027Z (Reading database ... 5%
2026-10-03T17:11:43.6776300Z (Reading database ... 10%
2026-10-03T17:11:43.6776544Z (Reading database ... 15%
2026-10-03T17:11:43.6776768Z (Reading database ... 20%
2026-10-03T17:11:43.6776986Z (Reading database ... 25%
2026-10-03T17:11:43.6777202Z (Reading database ... 30%
2026-10-03T17:11:43.6777414Z (Reading database ... 35%
2026-10-03T17:11:43.6777634Z (Reading database ... 40%
2026-10-03T17:11:43.6777867Z (Reading database ... 45%
2026-10-03T17:11:43.6778080Z (Reading database ... 50%
2026-10-03T17:11:43.6835219Z (Reading database ... 55%
2026-10-03T17:11:43.7867723Z (Reading database ... 60%
2026-10-03T17:11:43.8787357Z (Reading database ... 65%
2026-10-03T17:11:44.0372361Z (Reading database ... 70%
2026-10-03T17:11:44.2263650Z (Reading database ... 75%
2026-10-03T17:11:44.3858388Z (Reading database ... 80%
2026-10-03T17:11:44.5886525Z (Reading database ... 85%
2026-10-03T17:11:44.7759900Z (Reading database ... 90%
2026-10-03T17:11:44.8850425Z (Reading database ... 95%
2026-10-03T17:11:44.8850937Z (Reading database ... 100%
2026-10-03T17:11:44.8851414Z (Reading database ... 202296 files and directories currently installed.)
2026-10-03T17:11:44.8891015Z Preparing to unpack .../00-fonts-droid-fallback_1%3a6.0.1r16-1.1build1_all.deb ...
2026-10-03T17:11:44.9101770Z Unpacking fonts-droid-fallback (1:6.0.1r16-1.1build1) ...
2026-10-03T17:11:45.0557772Z Selecting previously unselected package poppler-data.
2026-10-03T17:11:45.0685065Z Preparing to unpack .../01-poppler-data_0.4.12-1_all.deb ...
2026-10-03T17:11:45.0692563Z Unpacking poppler-data (0.4.12-1) ...
2026-10-03T17:11:45.1838594Z Selecting previously unselected package bzip2-doc.
2026-10-03T17:11:45.1967818Z Preparing to unpack .../02-bzip2-doc_1.0.8-5.1ubuntu0.1_all.deb ...
2026-10-03T17:11:45.1976009Z Unpacking bzip2-doc (1.0.8-5.1ubuntu0.1) ...
2026-10-03T17:11:45.2237154Z Selecting previously unselected package fonts-noto-mono.
2026-10-03T17:11:45.2362009Z Preparing to unpack .../03-fonts-noto-mono_20201225-2_all.deb ...
2026-10-03T17:11:45.2373159Z Unpacking fonts-noto-mono (20201225-2) ...
2026-10-03T17:11:45.2647815Z Selecting previously unselected package xfonts-encodings.
2026-10-03T17:11:45.2775773Z Preparing to unpack .../04-xfonts-encodings_1%3a1.0.5-0ubuntu2_all.deb ...
2026-10-03T17:11:45.2786163Z Unpacking xfonts-encodings (1:1.0.5-0ubuntu2) ...
2026-10-03T17:11:45.3069854Z Selecting previously unselected package xfonts-utils.
2026-10-03T17:11:45.3195612Z Preparing to unpack .../05-xfonts-utils_1%3a7.7+6build3_amd64.deb ...
2026-10-03T17:11:45.3203920Z Unpacking xfonts-utils (1:7.7+6build3) ...
2026-10-03T17:11:45.3601506Z Selecting previously unselected package fonts-urw-base35.
2026-10-03T17:11:45.3723662Z Preparing to unpack .../06-fonts-urw-base35_20200910-8_all.deb ...
2026-10-03T17:11:45.4353893Z Unpacking fonts-urw-base35 (20200910-8) ...
2026-10-03T17:11:45.5227055Z Selecting previously unselected package libgs-common.
2026-10-03T17:11:45.5353576Z Preparing to unpack .../07-libgs-common_10.02.1~dfsg1-0ubuntu7.9_all.deb ...
2026-10-03T17:11:45.5363733Z Unpacking libgs-common (10.02.1~dfsg1-0ubuntu7.9) ...
2026-10-03T17:11:45.5590732Z Selecting previously unselected package libgs10-common.
2026-10-03T17:11:45.5715823Z Preparing to unpack .../08-libgs10-common_10.02.1~dfsg1-0ubuntu7.9_all.deb ...
2026-10-03T17:11:45.5724272Z Unpacking libgs10-common (10.02.1~dfsg1-0ubuntu7.9) ...
2026-10-03T17:11:45.6330804Z Selecting previously unselected package libidn12:amd64.
2026-10-03T17:11:45.6456552Z Preparing to unpack .../09-libidn12_1.42-1ubuntu0.1_amd64.deb ...
2026-10-03T17:11:45.6476682Z Unpacking libidn12:amd64 (1.42-1ubuntu0.1) ...
2026-10-03T17:11:45.6696831Z Selecting previously unselected package libijs-0.35:amd64.
2026-10-03T17:11:45.6821198Z Preparing to unpack .../10-libijs-0.35_0.35-15.1build1_amd64.deb ...
2026-10-03T17:11:45.6828371Z Unpacking libijs-0.35:amd64 (0.35-15.1build1) ...
2026-10-03T17:11:45.7044582Z Selecting previously unselected package libjbig2dec0:amd64.
2026-10-03T17:11:45.7168678Z Preparing to unpack .../11-libjbig2dec0_0.20-1ubuntu0.24.04.1_amd64.deb ...
2026-10-03T17:11:45.7180855Z Unpacking libjbig2dec0:amd64 (0.20-1ubuntu0.24.04.1) ...
2026-10-03T17:11:45.7412257Z Selecting previously unselected package libpaper1:amd64.
2026-10-03T17:11:45.7534202Z Preparing to unpack .../12-libpaper1_1.1.29build1_amd64.deb ...
2026-10-03T17:11:45.7543220Z Unpacking libpaper1:amd64 (1.1.29build1) ...
2026-10-03T17:11:45.7763608Z Selecting previously unselected package libgs10:amd64.
2026-10-03T17:11:45.7884568Z Preparing to unpack .../13-libgs10_10.02.1~dfsg1-0ubuntu7.9_amd64.deb ...
2026-10-03T17:11:45.7893529Z Unpacking libgs10:amd64 (10.02.1~dfsg1-0ubuntu7.9) ...
2026-10-03T17:11:45.8856361Z Selecting previously unselected package ghostscript.
2026-10-03T17:11:45.8980466Z Preparing to unpack .../14-ghostscript_10.02.1~dfsg1-0ubuntu7.9_amd64.deb ...
2026-10-03T17:11:45.8990908Z Unpacking ghostscript (10.02.1~dfsg1-0ubuntu7.9) ...
2026-10-03T17:11:45.9320644Z Selecting previously unselected package imagemagick-6.q16.
2026-10-03T17:11:45.9445291Z Preparing to unpack .../15-imagemagick-6.q16_8%3a6.9.12.98+dfsg1-5.2build2_amd64.deb ...
2026-10-03T17:11:45.9456713Z Unpacking imagemagick-6.q16 (8:6.9.12.98+dfsg1-5.2build2) ...
2026-10-03T17:11:46.0466971Z Selecting previously unselected package imagemagick.
2026-10-03T17:11:46.0597155Z Preparing to unpack .../16-imagemagick_8%3a6.9.12.98+dfsg1-5.2build2_amd64.deb ...
2026-10-03T17:11:46.0606682Z Unpacking imagemagick (8:6.9.12.98+dfsg1-5.2build2) ...
2026-10-03T17:11:46.0800173Z Selecting previously unselected package libbrotli-dev:amd64.
2026-10-03T17:11:46.0930020Z Preparing to unpack .../17-libbrotli-dev_1.1.0-2build2_amd64.deb ...
2026-10-03T17:11:46.0938202Z Unpacking libbrotli-dev:amd64 (1.1.0-2build2) ...
2026-10-03T17:11:46.1187904Z Selecting previously unselected package libbz2-dev:amd64.
2026-10-03T17:11:46.1315112Z Preparing to unpack .../18-libbz2-dev_1.0.8-5.1ubuntu0.1_amd64.deb ...
2026-10-03T17:11:46.1322548Z Unpacking libbz2-dev:amd64 (1.0.8-5.1ubuntu0.1) ...
2026-10-03T17:11:46.1509422Z Selecting previously unselected package libdjvulibre-text.
2026-10-03T17:11:46.1635716Z Preparing to unpack .../19-libdjvulibre-text_3.5.28-2ubuntu0.24.04.2_all.deb ...
2026-10-03T17:11:46.1645473Z Unpacking libdjvulibre-text (3.5.28-2ubuntu0.24.04.2) ...
2026-10-03T17:11:46.1873340Z Selecting previously unselected package libdjvulibre21:amd64.
2026-10-03T17:11:46.2001241Z Preparing to unpack .../20-libdjvulibre21_3.5.28-2ubuntu0.24.04.2_amd64.deb ...
2026-10-03T17:11:46.2008299Z Unpacking libdjvulibre21:amd64 (3.5.28-2ubuntu0.24.04.2) ...
2026-10-03T17:11:46.2261219Z Selecting previously unselected package libpng-dev:amd64.
2026-10-03T17:11:46.2386810Z Preparing to unpack .../21-libpng-dev_1.6.43-5ubuntu0.6_amd64.deb ...
2026-10-03T17:11:46.2395134Z Unpacking libpng-dev:amd64 (1.6.43-5ubuntu0.6) ...
2026-10-03T17:11:46.2663341Z Selecting previously unselected package libfreetype-dev:amd64.
2026-10-03T17:11:46.2788825Z Preparing to unpack .../22-libfreetype-dev_2.13.2+dfsg-1ubuntu0.1_amd64.deb ...
2026-10-03T17:11:46.2798950Z Unpacking libfreetype-dev:amd64 (2.13.2+dfsg-1ubuntu0.1) ...
2026-10-03T17:11:46.3118493Z Selecting previously unselected package uuid-dev:amd64.
2026-10-03T17:11:46.3246185Z Preparing to unpack .../23-uuid-dev_2.39.3-9ubuntu6.6_amd64.deb ...
2026-10-03T17:11:46.3255989Z Unpacking uuid-dev:amd64 (2.39.3-9ubuntu6.6) ...
2026-10-03T17:11:46.3513679Z Selecting previously unselected package libfontconfig-dev:amd64.
2026-10-03T17:11:46.3639239Z Preparing to unpack .../24-libfontconfig-dev_2.15.0-1.1ubuntu2_amd64.deb ...
2026-10-03T17:11:46.3647584Z Unpacking libfontconfig-dev:amd64 (2.15.0-1.1ubuntu2) ...
2026-10-03T17:11:46.3882686Z Selecting previously unselected package libfontconfig1-dev:amd64.
2026-10-03T17:11:46.4009480Z Preparing to unpack .../25-libfontconfig1-dev_2.15.0-1.1ubuntu2_amd64.deb ...
2026-10-03T17:11:46.4018471Z Unpacking libfontconfig1-dev:amd64 (2.15.0-1.1ubuntu2) ...
2026-10-03T17:11:46.4340152Z Preparing to unpack .../26-libgl1-mesa-dri_25.2.8-0ubuntu0.24.04.4_amd64.deb ...
2026-10-03T17:11:46.4492105Z Unpacking libgl1-mesa-dri:amd64 (25.2.8-0ubuntu0.24.04.4) over (25.2.8-0ubuntu0.24.04.2) ...
2026-10-03T17:11:46.5012232Z Preparing to unpack .../27-libglx-mesa0_25.2.8-0ubuntu0.24.04.4_amd64.deb ...
2026-10-03T17:11:46.5041052Z Unpacking libglx-mesa0:amd64 (25.2.8-0ubuntu0.24.04.4) over (25.2.8-0ubuntu0.24.04.2) ...
2026-10-03T17:11:46.5410421Z Preparing to unpack .../28-libgbm1_25.2.8-0ubuntu0.24.04.4_amd64.deb ...
2026-10-03T17:11:46.5433967Z Unpacking libgbm1:amd64 (25.2.8-0ubuntu0.24.04.4) over (25.2.8-0ubuntu0.24.04.2) ...
2026-10-03T17:11:46.5798481Z Preparing to unpack .../29-mesa-libgallium_25.2.8-0ubuntu0.24.04.4_amd64.deb ...
2026-10-03T17:11:46.5831850Z Unpacking mesa-libgallium:amd64 (25.2.8-0ubuntu0.24.04.4) over (25.2.8-0ubuntu0.24.04.2) ...
2026-10-03T17:11:46.7445840Z Selecting previously unselected package libimath-3-1-29t64:amd64.
2026-10-03T17:11:46.7573977Z Preparing to unpack .../30-libimath-3-1-29t64_3.1.9-3.1ubuntu2_amd64.deb ...
2026-10-03T17:11:46.7581329Z Unpacking libimath-3-1-29t64:amd64 (3.1.9-3.1ubuntu2) ...
2026-10-03T17:11:46.7801168Z Selecting previously unselected package libjxr0t64:amd64.
2026-10-03T17:11:46.7929234Z Preparing to unpack .../31-libjxr0t64_1.2~git20170615.f752187-5.1ubuntu2_amd64.deb ...
2026-10-03T17:11:46.7935767Z Unpacking libjxr0t64:amd64 (1.2~git20170615.f752187-5.1ubuntu2) ...
2026-10-03T17:11:46.8153190Z Selecting previously unselected package libjxr-tools.
2026-10-03T17:11:46.8283007Z Preparing to unpack .../32-libjxr-tools_1.2~git20170615.f752187-5.1ubuntu2_amd64.deb ...
2026-10-03T17:11:46.8293546Z Unpacking libjxr-tools (1.2~git20170615.f752187-5.1ubuntu2) ...
2026-10-03T17:11:46.8494932Z Selecting previously unselected package libopenexr-3-1-30:amd64.
2026-10-03T17:11:46.8620548Z Preparing to unpack .../33-libopenexr-3-1-30_3.1.5-5.1build3_amd64.deb ...
2026-10-03T17:11:46.8630055Z Unpacking libopenexr-3-1-30:amd64 (3.1.5-5.1build3) ...
2026-10-03T17:11:46.8966612Z Selecting previously unselected package libwmflite-0.2-7:amd64.
2026-10-03T17:11:46.9093274Z Preparing to unpack .../34-libwmflite-0.2-7_0.2.13-1.1build3_amd64.deb ...
2026-10-03T17:11:46.9100211Z Unpacking libwmflite-0.2-7:amd64 (0.2.13-1.1build3) ...
2026-10-03T17:11:46.9285773Z Selecting previously unselected package libmagickcore-6.q16-7-extra:amd64.
2026-10-03T17:11:46.9410781Z Preparing to unpack .../35-libmagickcore-6.q16-7-extra_8%3a6.9.12.98+dfsg1-5.2build2_amd64.deb ...
2026-10-03T17:11:46.9417577Z Unpacking libmagickcore-6.q16-7-extra:amd64 (8:6.9.12.98+dfsg1-5.2build2) ...
2026-10-03T17:11:46.9644560Z Selecting previously unselected package libnetpbm11t64:amd64.
2026-10-03T17:11:46.9771755Z Preparing to unpack .../36-libnetpbm11t64_2%3a11.05.02-1.1build1_amd64.deb ...
2026-10-03T17:11:46.9780645Z Unpacking libnetpbm11t64:amd64 (2:11.05.02-1.1build1) ...
2026-10-03T17:11:46.9982979Z Selecting previously unselected package libpaper-utils.
2026-10-03T17:11:47.0110494Z Preparing to unpack .../37-libpaper-utils_1.1.29build1_amd64.deb ...
2026-10-03T17:11:47.0117325Z Unpacking libpaper-utils (1.1.29build1) ...
2026-10-03T17:11:47.0314017Z Selecting previously unselected package libpng-tools.
2026-10-03T17:11:47.0441199Z Preparing to unpack .../38-libpng-tools_1.6.43-5ubuntu0.6_amd64.deb ...
2026-10-03T17:11:47.0447284Z Unpacking libpng-tools (1.6.43-5ubuntu0.6) ...
2026-10-03T17:11:47.0663770Z Selecting previously unselected package libpthread-stubs0-dev:amd64.
2026-10-03T17:11:47.0790628Z Preparing to unpack .../39-libpthread-stubs0-dev_0.4-1build3_amd64.deb ...
2026-10-03T17:11:47.0797255Z Unpacking libpthread-stubs0-dev:amd64 (0.4-1build3) ...
2026-10-03T17:11:47.0978255Z Selecting previously unselected package libwayland-server0:amd64.
2026-10-03T17:11:47.1102074Z Preparing to unpack .../40-libwayland-server0_1.22.0-2.1build1_amd64.deb ...
2026-10-03T17:11:47.1110724Z Unpacking libwayland-server0:amd64 (1.22.0-2.1build1) ...
2026-10-03T17:11:47.1297150Z Selecting previously unselected package xorg-sgml-doctools.
2026-10-03T17:11:47.1417384Z Preparing to unpack .../41-xorg-sgml-doctools_1%3a1.11-1.1_all.deb ...
2026-10-03T17:11:47.1423644Z Unpacking xorg-sgml-doctools (1:1.11-1.1) ...
2026-10-03T17:11:47.1651479Z Selecting previously unselected package x11proto-dev.
2026-10-03T17:11:47.1779007Z Preparing to unpack .../42-x11proto-dev_2023.2-1_all.deb ...
2026-10-03T17:11:47.1785236Z Unpacking x11proto-dev (2023.2-1) ...
2026-10-03T17:11:47.2277548Z Selecting previously unselected package libxau-dev:amd64.
2026-10-03T17:11:47.2405116Z Preparing to unpack .../43-libxau-dev_1%3a1.0.9-1build6_amd64.deb ...
2026-10-03T17:11:47.2413520Z Unpacking libxau-dev:amd64 (1:1.0.9-1build6) ...
2026-10-03T17:11:47.2612450Z Selecting previously unselected package libxcb-xkb1:amd64.
2026-10-03T17:11:47.2735144Z Preparing to unpack .../44-libxcb-xkb1_1.15-1ubuntu2_amd64.deb ...
2026-10-03T17:11:47.2744070Z Unpacking libxcb-xkb1:amd64 (1.15-1ubuntu2) ...
2026-10-03T17:11:47.2926030Z Selecting previously unselected package libxdmcp-dev:amd64.
2026-10-03T17:11:47.3047454Z Preparing to unpack .../45-libxdmcp-dev_1%3a1.1.3-0ubuntu6_amd64.deb ...
2026-10-03T17:11:47.3053727Z Unpacking libxdmcp-dev:amd64 (1:1.1.3-0ubuntu6) ...
2026-10-03T17:11:47.3236507Z Selecting previously unselected package libxcb1-dev:amd64.
2026-10-03T17:11:47.3362968Z Preparing to unpack .../46-libxcb1-dev_1.15-1ubuntu2_amd64.deb ...
2026-10-03T17:11:47.3369640Z Unpacking libxcb1-dev:amd64 (1.15-1ubuntu2) ...
2026-10-03T17:11:47.3583459Z Selecting previously unselected package libxcb-xkb-dev:amd64.
2026-10-03T17:11:47.3706307Z Preparing to unpack .../47-libxcb-xkb-dev_1.15-1ubuntu2_amd64.deb ...
2026-10-03T17:11:47.3713343Z Unpacking libxcb-xkb-dev:amd64 (1.15-1ubuntu2) ...
2026-10-03T17:11:47.3916521Z Selecting previously unselected package libxkbcommon-dev:amd64.
2026-10-03T17:11:47.4042776Z Preparing to unpack .../48-libxkbcommon-dev_1.6.0-1build1_amd64.deb ...
2026-10-03T17:11:47.4049593Z Unpacking libxkbcommon-dev:amd64 (1.6.0-1build1) ...
2026-10-03T17:11:47.4279110Z Selecting previously unselected package libxkbcommon-x11-0:amd64.
2026-10-03T17:11:47.4403511Z Preparing to unpack .../49-libxkbcommon-x11-0_1.6.0-1build1_amd64.deb ...
2026-10-03T17:11:47.4411763Z Unpacking libxkbcommon-x11-0:amd64 (1.6.0-1build1) ...
2026-10-03T17:11:47.4611214Z Selecting previously unselected package mesa-vulkan-drivers:amd64.
2026-10-03T17:11:47.4737232Z Preparing to unpack .../50-mesa-vulkan-drivers_25.2.8-0ubuntu0.24.04.4_amd64.deb ...
2026-10-03T17:11:47.4745256Z Unpacking mesa-vulkan-drivers:amd64 (25.2.8-0ubuntu0.24.04.4) ...
2026-10-03T17:11:47.7644693Z Selecting previously unselected package mold.
2026-10-03T17:11:47.7774288Z Preparing to unpack .../51-mold_2.30.0+dfsg-1build1_amd64.deb ...
2026-10-03T17:11:47.7785786Z Unpacking mold (2.30.0+dfsg-1build1) ...
2026-10-03T17:11:47.8506745Z Selecting previously unselected package netpbm.
2026-10-03T17:11:47.8634512Z Preparing to unpack .../52-netpbm_2%3a11.05.02-1.1build1_amd64.deb ...
2026-10-03T17:11:47.8646650Z Unpacking netpbm (2:11.05.02-1.1build1) ...
2026-10-03T17:11:48.0217627Z Selecting previously unselected package libwayland-bin.
2026-10-03T17:11:48.0345837Z Preparing to unpack .../53-libwayland-bin_1.22.0-2.1build1_amd64.deb ...
2026-10-03T17:11:48.0359148Z Unpacking libwayland-bin (1.22.0-2.1build1) ...
2026-10-03T17:11:48.0559656Z Selecting previously unselected package libwayland-dev:amd64.
2026-10-03T17:11:48.0689961Z Preparing to unpack .../54-libwayland-dev_1.22.0-2.1build1_amd64.deb ...
2026-10-03T17:11:48.0701540Z Unpacking libwayland-dev:amd64 (1.22.0-2.1build1) ...
2026-10-03T17:11:48.0947003Z Selecting previously unselected package libxdo3:amd64.
2026-10-03T17:11:48.1075588Z Preparing to unpack .../55-libxdo3_1%3a3.20160805.1-5build1_amd64.deb ...
2026-10-03T17:11:48.1082938Z Unpacking libxdo3:amd64 (1:3.20160805.1-5build1) ...
2026-10-03T17:11:48.1262164Z Selecting previously unselected package libxkbcommon-x11-dev:amd64.
2026-10-03T17:11:48.1388724Z Preparing to unpack .../56-libxkbcommon-x11-dev_1.6.0-1build1_amd64.deb ...
2026-10-03T17:11:48.1396494Z Unpacking libxkbcommon-x11-dev:amd64 (1.6.0-1build1) ...
2026-10-03T17:11:48.1581717Z Selecting previously unselected package xdotool.
2026-10-03T17:11:48.1709455Z Preparing to unpack .../57-xdotool_1%3a3.20160805.1-5build1_amd64.deb ...
2026-10-03T17:11:48.1719338Z Unpacking xdotool (1:3.20160805.1-5build1) ...
2026-10-03T17:11:48.2363274Z Setting up mesa-vulkan-drivers:amd64 (25.2.8-0ubuntu0.24.04.4) ...
2026-10-03T17:11:48.2388156Z Setting up bzip2-doc (1.0.8-5.1ubuntu0.1) ...
2026-10-03T17:11:48.2406678Z Setting up libwayland-server0:amd64 (1.22.0-2.1build1) ...
2026-10-03T17:11:48.2431436Z Setting up libpaper1:amd64 (1.1.29build1) ...
2026-10-03T17:11:48.3813430Z 
2026-10-03T17:11:48.3814079Z Creating config file /etc/papersize with new version
2026-10-03T17:11:48.4278900Z Setting up mesa-libgallium:amd64 (25.2.8-0ubuntu0.24.04.4) ...
2026-10-03T17:11:48.4295831Z Setting up fonts-noto-mono (20201225-2) ...
2026-10-03T17:11:48.4317503Z Setting up libwmflite-0.2-7:amd64 (0.2.13-1.1build3) ...
2026-10-03T17:11:48.4333955Z Setting up libgbm1:amd64 (25.2.8-0ubuntu0.24.04.4) ...
2026-10-03T17:11:48.4352144Z Setting up libpng-tools (1.6.43-5ubuntu0.6) ...
2026-10-03T17:11:48.4368291Z Setting up libijs-0.35:amd64 (0.35-15.1build1) ...
2026-10-03T17:11:48.4387444Z Setting up libxkbcommon-dev:amd64 (1.6.0-1build1) ...
2026-10-03T17:11:48.4403699Z Setting up libgs-common (10.02.1~dfsg1-0ubuntu7.9) ...
2026-10-03T17:11:48.4418885Z Setting up libgl1-mesa-dri:amd64 (25.2.8-0ubuntu0.24.04.4) ...
2026-10-03T17:11:48.4491481Z Setting up libpng-dev:amd64 (1.6.43-5ubuntu0.6) ...
2026-10-03T17:11:48.4515712Z Setting up libpaper-utils (1.1.29build1) ...
2026-10-03T17:11:48.4532260Z Setting up libpthread-stubs0-dev:amd64 (0.4-1build3) ...
2026-10-03T17:11:48.4549482Z Setting up libnetpbm11t64:amd64 (2:11.05.02-1.1build1) ...
2026-10-03T17:11:48.4566395Z Setting up mold (2.30.0+dfsg-1build1) ...
2026-10-03T17:11:48.4587138Z Setting up poppler-data (0.4.12-1) ...
2026-10-03T17:11:48.4675753Z Setting up libxcb-xkb1:amd64 (1.15-1ubuntu2) ...
2026-10-03T17:11:48.4693728Z Setting up libxdo3:amd64 (1:3.20160805.1-5build1) ...
2026-10-03T17:11:48.4711593Z Setting up libwayland-bin (1.22.0-2.1build1) ...
2026-10-03T17:11:48.4729188Z Setting up libjxr0t64:amd64 (1.2~git20170615.f752187-5.1ubuntu2) ...
2026-10-03T17:11:48.4746671Z Setting up libjbig2dec0:amd64 (0.20-1ubuntu0.24.04.1) ...
2026-10-03T17:11:48.4763219Z Setting up uuid-dev:amd64 (2.39.3-9ubuntu6.6) ...
2026-10-03T17:11:48.4782126Z Setting up xfonts-encodings (1:1.0.5-0ubuntu2) ...
2026-10-03T17:11:48.4801323Z Setting up libxkbcommon-x11-0:amd64 (1.6.0-1build1) ...
2026-10-03T17:11:48.4818550Z Setting up libimath-3-1-29t64:amd64 (3.1.9-3.1ubuntu2) ...
2026-10-03T17:11:48.4836053Z Setting up libidn12:amd64 (1.42-1ubuntu0.1) ...
2026-10-03T17:11:48.4854219Z Setting up netpbm (2:11.05.02-1.1build1) ...
2026-10-03T17:11:48.4871635Z Setting up imagemagick-6.q16 (8:6.9.12.98+dfsg1-5.2build2) ...
2026-10-03T17:11:48.4942643Z update-alternatives: using /usr/bin/compare-im6.q16 to provide /usr/bin/compare (compare) in auto mode
2026-10-03T17:11:48.4987996Z update-alternatives: using /usr/bin/compare-im6.q16 to provide /usr/bin/compare-im6 (compare-im6) in auto mode
2026-10-03T17:11:48.5043278Z update-alternatives: using /usr/bin/animate-im6.q16 to provide /usr/bin/animate (animate) in auto mode
2026-10-03T17:11:48.5088175Z update-alternatives: using /usr/bin/animate-im6.q16 to provide /usr/bin/animate-im6 (animate-im6) in auto mode
2026-10-03T17:11:48.5143612Z update-alternatives: using /usr/bin/convert-im6.q16 to provide /usr/bin/convert (convert) in auto mode
2026-10-03T17:11:48.5188719Z update-alternatives: using /usr/bin/convert-im6.q16 to provide /usr/bin/convert-im6 (convert-im6) in auto mode
2026-10-03T17:11:48.5243472Z update-alternatives: using /usr/bin/composite-im6.q16 to provide /usr/bin/composite (composite) in auto mode
2026-10-03T17:11:48.5290348Z update-alternatives: using /usr/bin/composite-im6.q16 to provide /usr/bin/composite-im6 (composite-im6) in auto mode
2026-10-03T17:11:48.5347146Z update-alternatives: using /usr/bin/conjure-im6.q16 to provide /usr/bin/conjure (conjure) in auto mode
2026-10-03T17:11:48.5393333Z update-alternatives: using /usr/bin/conjure-im6.q16 to provide /usr/bin/conjure-im6 (conjure-im6) in auto mode
2026-10-03T17:11:48.5451053Z update-alternatives: using /usr/bin/import-im6.q16 to provide /usr/bin/import (import) in auto mode
2026-10-03T17:11:48.5497090Z update-alternatives: using /usr/bin/import-im6.q16 to provide /usr/bin/import-im6 (import-im6) in auto mode
2026-10-03T17:11:48.5554460Z update-alternatives: using /usr/bin/identify-im6.q16 to provide /usr/bin/identify (identify) in auto mode
2026-10-03T17:11:48.5602686Z update-alternatives: using /usr/bin/identify-im6.q16 to provide /usr/bin/identify-im6 (identify-im6) in auto mode
2026-10-03T17:11:48.5660328Z update-alternatives: using /usr/bin/stream-im6.q16 to provide /usr/bin/stream (stream) in auto mode
2026-10-03T17:11:48.5708120Z update-alternatives: using /usr/bin/stream-im6.q16 to provide /usr/bin/stream-im6 (stream-im6) in auto mode
2026-10-03T17:11:48.5765801Z update-alternatives: using /usr/bin/display-im6.q16 to provide /usr/bin/display (display) in auto mode
2026-10-03T17:11:48.5812855Z update-alternatives: using /usr/bin/display-im6.q16 to provide /usr/bin/display-im6 (display-im6) in auto mode
2026-10-03T17:11:48.5888441Z update-alternatives: using /usr/bin/montage-im6.q16 to provide /usr/bin/montage (montage) in auto mode
2026-10-03T17:11:48.5934754Z update-alternatives: using /usr/bin/montage-im6.q16 to provide /usr/bin/montage-im6 (montage-im6) in auto mode
2026-10-03T17:11:48.5991848Z update-alternatives: using /usr/bin/mogrify-im6.q16 to provide /usr/bin/mogrify (mogrify) in auto mode
2026-10-03T17:11:48.6060378Z update-alternatives: using /usr/bin/mogrify-im6.q16 to provide /usr/bin/mogrify-im6 (mogrify-im6) in auto mode
2026-10-03T17:11:48.6088311Z Setting up xorg-sgml-doctools (1:1.11-1.1) ...
2026-10-03T17:11:48.6114245Z Setting up fonts-droid-fallback (1:6.0.1r16-1.1build1) ...
2026-10-03T17:11:48.6316918Z Setting up libdjvulibre-text (3.5.28-2ubuntu0.24.04.2) ...
2026-10-03T17:11:48.6397445Z Setting up libbrotli-dev:amd64 (1.1.0-2build2) ...
2026-10-03T17:11:48.6419473Z Setting up libbz2-dev:amd64 (1.0.8-5.1ubuntu0.1) ...
2026-10-03T17:11:48.6445626Z Setting up libglx-mesa0:amd64 (25.2.8-0ubuntu0.24.04.4) ...
2026-10-03T17:11:48.6471714Z Setting up libjxr-tools (1.2~git20170615.f752187-5.1ubuntu2) ...
2026-10-03T17:11:48.6493226Z Setting up xdotool (1:3.20160805.1-5build1) ...
2026-10-03T17:11:48.6514788Z Setting up libdjvulibre21:amd64 (3.5.28-2ubuntu0.24.04.2) ...
2026-10-03T17:11:48.6543426Z Setting up xfonts-utils (1:7.7+6build3) ...
2026-10-03T17:11:48.6595488Z Setting up libwayland-dev:amd64 (1.22.0-2.1build1) ...
2026-10-03T17:11:48.6622819Z Setting up libfreetype-dev:amd64 (2.13.2+dfsg-1ubuntu0.1) ...
2026-10-03T17:11:48.6646842Z Setting up libopenexr-3-1-30:amd64 (3.1.5-5.1build3) ...
2026-10-03T17:11:48.6668871Z Setting up imagemagick (8:6.9.12.98+dfsg1-5.2build2) ...
2026-10-03T17:11:48.6709543Z Setting up libmagickcore-6.q16-7-extra:amd64 (8:6.9.12.98+dfsg1-5.2build2) ...
2026-10-03T17:11:48.6728314Z Setting up libfontconfig-dev:amd64 (2.15.0-1.1ubuntu2) ...
2026-10-03T17:11:48.6751175Z Setting up fonts-urw-base35 (20200910-8) ...
2026-10-03T17:11:48.8113085Z Setting up libgs10-common (10.02.1~dfsg1-0ubuntu7.9) ...
2026-10-03T17:11:48.8131937Z Setting up libfontconfig1-dev:amd64 (2.15.0-1.1ubuntu2) ...
2026-10-03T17:11:48.8156118Z Setting up libgs10:amd64 (10.02.1~dfsg1-0ubuntu7.9) ...
2026-10-03T17:11:48.8198557Z Setting up ghostscript (10.02.1~dfsg1-0ubuntu7.9) ...
2026-10-03T17:11:48.8281662Z Processing triggers for sgml-base (1.31) ...
2026-10-03T17:11:48.8482669Z Processing triggers for install-info (7.1-3build2) ...
2026-10-03T17:11:49.0456278Z Setting up x11proto-dev (2023.2-1) ...
2026-10-03T17:11:49.0481375Z Processing triggers for fontconfig (2.15.0-1.1ubuntu2) ...
2026-10-03T17:11:49.2422449Z Setting up libxau-dev:amd64 (1:1.0.9-1build6) ...
2026-10-03T17:11:49.2455633Z Processing triggers for hicolor-icon-theme (0.17-2) ...
2026-10-03T17:11:49.4620202Z Processing triggers for libc-bin (2.39-0ubuntu8.9) ...
2026-10-03T17:11:49.5041556Z Processing triggers for man-db (2.12.0-4build2) ...
2026-10-03T17:11:49.5066142Z Not building database; man-db/auto-update is not 'true'.
2026-10-03T17:11:49.5091129Z Setting up libxdmcp-dev:amd64 (1:1.1.3-0ubuntu6) ...
2026-10-03T17:11:49.5121562Z Setting up libxcb1-dev:amd64 (1.15-1ubuntu2) ...
2026-10-03T17:11:49.5149603Z Setting up libxcb-xkb-dev:amd64 (1.15-1ubuntu2) ...
2026-10-03T17:11:49.5185299Z Setting up libxkbcommon-x11-dev:amd64 (1.6.0-1build1) ...
2026-10-03T17:11:50.2019630Z 
2026-10-03T17:11:50.2022298Z Running kernel seems to be up-to-date.
2026-10-03T17:11:50.2022618Z 
2026-10-03T17:11:50.2022750Z No services need to be restarted.
2026-10-03T17:11:50.2022990Z 
2026-10-03T17:11:50.2023127Z No containers need to be restarted.
2026-10-03T17:11:50.2023343Z 
2026-10-03T17:11:50.2023500Z No user sessions are running outdated binaries.
2026-10-03T17:11:50.2023765Z 
2026-10-03T17:11:50.2024024Z No VM guests are running outdated hypervisor (qemu) binaries on this host.
2026-10-03T17:11:51.0353198Z ##[group]Run rustup toolchain install
2026-10-03T17:11:51.0353559Z [36;1mrustup toolchain install[0m
2026-10-03T17:11:51.0422520Z shell: /usr/bin/bash -e {0}
2026-10-03T17:11:51.0422791Z env:
2026-10-03T17:11:51.0423123Z   CARGO_TARGET_X86_64_UNKNOWN_LINUX_GNU_RUSTFLAGS: -C link-arg=-fuse-ld=mold
2026-10-03T17:11:51.0423536Z ##[endgroup]
2026-10-03T17:11:51.1587354Z info: syncing channel updates for 1.98.1-x86_64-unknown-linux-gnu
2026-10-03T17:11:51.5047817Z info: latest update on 2026-09-03 for version 1.98.1 (48a229cea 2026-09-01)
2026-10-03T17:11:51.5051989Z info: downloading 6 components
2026-10-03T17:12:00.9848798Z info: the active toolchain `1.98.1-x86_64-unknown-linux-gnu` has been installed
2026-10-03T17:12:00.9849727Z info: it's active because: overridden by '/home/runner/work/pane/pane/rust-toolchain.toml'
2026-10-03T17:12:00.9995683Z ##[group]Run Swatinem/rust-cache@v2
2026-10-03T17:12:00.9995984Z with:
2026-10-03T17:12:00.9996226Z   workspaces: .
guests
guests/fixtures/mixed-p2

2026-10-03T17:12:00.9996538Z   prefix-key: v0-rust
2026-10-03T17:12:00.9996763Z   add-job-id-key: true
2026-10-03T17:12:00.9997003Z   add-rust-environment-hash-key: true
2026-10-03T17:12:00.9997287Z   cache-targets: true
2026-10-03T17:12:00.9997502Z   cache-all-crates: false
2026-10-03T17:12:00.9997741Z   cache-workspace-crates: false
2026-10-03T17:12:00.9997981Z   save-if: true
2026-10-03T17:12:00.9998194Z   cache-provider: github
2026-10-03T17:12:00.9998419Z   cache-bin: true
2026-10-03T17:12:00.9998621Z   lookup-only: false
2026-10-03T17:12:00.9998827Z   cmd-format: {0}
2026-10-03T17:12:00.9999018Z env:
2026-10-03T17:12:00.9999512Z   CARGO_TARGET_X86_64_UNKNOWN_LINUX_GNU_RUSTFLAGS: -C link-arg=-fuse-ld=mold
2026-10-03T17:12:00.9999911Z ##[endgroup]
2026-10-03T17:12:01.7810792Z ##[group]Cache Configuration
2026-10-03T17:12:01.7811408Z Cache Provider:
2026-10-03T17:12:01.7811771Z     github
2026-10-03T17:12:01.7812127Z Workspaces:
2026-10-03T17:12:01.7812478Z     /home/runner/work/pane/pane
2026-10-03T17:12:01.7812938Z     /home/runner/work/pane/pane/guests
2026-10-03T17:12:01.7813507Z     /home/runner/work/pane/pane/guests/fixtures/mixed-p2
2026-10-03T17:12:01.7813916Z Cache Paths:
2026-10-03T17:12:01.7814205Z     /home/runner/.cargo/bin
2026-10-03T17:12:01.7814457Z     /home/runner/.cargo/.crates.toml
2026-10-03T17:12:01.7814723Z     /home/runner/.cargo/.crates2.json
2026-10-03T17:12:01.7814988Z     /home/runner/.cargo/registry
2026-10-03T17:12:01.7815230Z     /home/runner/.cargo/git
2026-10-03T17:12:01.7815474Z     /home/runner/work/pane/pane/target
2026-10-03T17:12:01.7815753Z     /home/runner/work/pane/pane/guests/target
2026-10-03T17:12:01.7816578Z     /home/runner/work/pane/pane/guests/fixtures/mixed-p2/target
2026-10-03T17:12:01.7816916Z Restore Key:
2026-10-03T17:12:01.7817129Z     v0-rust-check-Linux-x64-08ea455b
2026-10-03T17:12:01.7817384Z Cache Key:
2026-10-03T17:12:01.7817616Z     v0-rust-check-Linux-x64-08ea455b-47bebbd1
2026-10-03T17:12:01.7817890Z .. Prefix:
2026-10-03T17:12:01.7818142Z   - v0-rust-check-Linux-x64
2026-10-03T17:12:01.7818395Z .. Environment considered:
2026-10-03T17:12:01.7818623Z   - Rust Versions:
2026-10-03T17:12:01.7818947Z     - 1.98.1 x86_64-unknown-linux-gnu 48a229ceaefd4985c50990b14116b6d856af0985
2026-10-03T17:12:01.7819550Z   - CARGO_INCREMENTAL
2026-10-03T17:12:01.7819942Z   - CARGO_TARGET_X86_64_UNKNOWN_LINUX_GNU_RUSTFLAGS
2026-10-03T17:12:01.7820326Z .. Lockfiles considered:
2026-10-03T17:12:01.7820590Z   - /home/runner/work/pane/pane/.cargo/config.toml
2026-10-03T17:12:01.7820908Z   - /home/runner/work/pane/pane/Cargo.lock
2026-10-03T17:12:01.7821268Z   - /home/runner/work/pane/pane/crates/pane-core/Cargo.toml
2026-10-03T17:12:01.7821667Z   - /home/runner/work/pane/pane/crates/pane-target/Cargo.toml
2026-10-03T17:12:01.7822037Z   - /home/runner/work/pane/pane/crates/pane/Cargo.toml
2026-10-03T17:12:01.7822415Z   - /home/runner/work/pane/pane/guests/applications/Cargo.toml
2026-10-03T17:12:01.7822818Z   - /home/runner/work/pane/pane/guests/calculator/Cargo.toml
2026-10-03T17:12:01.7823165Z   - /home/runner/work/pane/pane/guests/Cargo.lock
2026-10-03T17:12:01.7823540Z   - /home/runner/work/pane/pane/guests/clipboard-history/Cargo.toml
2026-10-03T17:12:01.7823934Z   - /home/runner/work/pane/pane/guests/files/Cargo.toml
2026-10-03T17:12:01.7824334Z   - /home/runner/work/pane/pane/guests/fixtures/failing-start/Cargo.toml
2026-10-03T17:12:01.7824770Z   - /home/runner/work/pane/pane/guests/fixtures/faulty/Cargo.toml
2026-10-03T17:12:01.7825203Z   - /home/runner/work/pane/pane/guests/fixtures/mismatched-api/Cargo.toml
2026-10-03T17:12:01.7825658Z   - /home/runner/work/pane/pane/guests/fixtures/mixed-p2/Cargo.lock
2026-10-03T17:12:01.7826081Z   - /home/runner/work/pane/pane/guests/fixtures/mixed-p2/Cargo.toml
2026-10-03T17:12:01.7826495Z   - /home/runner/work/pane/pane/guests/fixtures/old-api/Cargo.toml
2026-10-03T17:12:01.7827277Z   - /home/runner/work/pane/pane/guests/fixtures/operations/Cargo.toml
2026-10-03T17:12:01.7828079Z   - /home/runner/work/pane/pane/guests/fixtures/refusing-view/Cargo.toml
2026-10-03T17:12:01.7828611Z   - /home/runner/work/pane/pane/guests/git/greeter/Cargo.toml
2026-10-03T17:12:01.7829011Z   - /home/runner/work/pane/pane/guests/pane-guest/Cargo.toml
2026-10-03T17:12:01.7829623Z   - /home/runner/work/pane/pane/guests/quicklinks/Cargo.toml
2026-10-03T17:12:01.7830046Z   - /home/runner/work/pane/pane/guests/sample-dependencies/Cargo.toml
2026-10-03T17:12:01.7830474Z   - /home/runner/work/pane/pane/guests/sample-helper/Cargo.toml
2026-10-03T17:12:01.7830880Z   - /home/runner/work/pane/pane/guests/sample-operations/Cargo.toml
2026-10-03T17:12:01.7831284Z   - /home/runner/work/pane/pane/guests/sample-query/Cargo.toml
2026-10-03T17:12:01.7831676Z   - /home/runner/work/pane/pane/guests/sample-rust/Cargo.toml
2026-10-03T17:12:01.7832084Z   - /home/runner/work/pane/pane/guests/sample-schedule/Cargo.toml
2026-10-03T17:12:01.7832483Z   - /home/runner/work/pane/pane/guests/sample-search/Cargo.toml
2026-10-03T17:12:01.7833014Z   - /home/runner/work/pane/pane/guests/sample-service/Cargo.toml
2026-10-03T17:12:01.7833422Z   - /home/runner/work/pane/pane/guests/sample-settings/Cargo.toml
2026-10-03T17:12:01.7833802Z   - /home/runner/work/pane/pane/rust-toolchain.toml
2026-10-03T17:12:01.7834163Z   - /home/runner/work/pane/pane/xtask/Cargo.toml
2026-10-03T17:12:01.7834651Z ##[endgroup]
2026-10-03T17:12:01.7834770Z 
2026-10-03T17:12:01.7834853Z ... Restoring cache ...
2026-10-03T17:12:01.8578924Z Cache hit for: v0-rust-check-Linux-x64-08ea455b-47bebbd1
2026-10-03T17:12:02.9249641Z Received 268435456 of 1103497413 (24.3%), 252.2 MBs/sec
2026-10-03T17:12:03.9252134Z Received 536870912 of 1103497413 (48.7%), 254.1 MBs/sec
2026-10-03T17:12:04.9247092Z Received 872415232 of 1103497413 (79.1%), 276.0 MBs/sec
2026-10-03T17:12:05.7255249Z Received 1103497413 of 1103497413 (100.0%), 276.1 MBs/sec
2026-10-03T17:12:05.7258801Z Cache Size: ~1052 MB (1103497413 B)
2026-10-03T17:12:05.7310108Z [command]/usr/bin/tar -xf /home/runner/work/_temp/66941284-f7f2-4851-9d98-2a5de930d4b1/cache.tzst -P -C /home/runner/work/pane/pane --use-compress-program unzstd
2026-10-03T17:12:12.1565526Z Cache restored successfully
2026-10-03T17:12:12.2057307Z Restored from cache key "v0-rust-check-Linux-x64-08ea455b-47bebbd1" full match: true.
2026-10-03T17:12:12.2341229Z ##[group]Run taiki-e/install-action@v2
2026-10-03T17:12:12.2341716Z with:
2026-10-03T17:12:12.2342049Z   tool: cargo-nextest@0.9.146
2026-10-03T17:12:12.2342457Z   checksum: true
2026-10-03T17:12:12.2342815Z   fallback: cargo-binstall
2026-10-03T17:12:12.2343186Z env:
2026-10-03T17:12:12.2343693Z   CARGO_TARGET_X86_64_UNKNOWN_LINUX_GNU_RUSTFLAGS: -C link-arg=-fuse-ld=mold
2026-10-03T17:12:12.2344364Z   CACHE_ON_FAILURE: false
2026-10-03T17:12:12.2344754Z   CARGO_INCREMENTAL: 0
2026-10-03T17:12:12.2345106Z ##[endgroup]
2026-10-03T17:12:12.2442876Z ##[start-action display=Run bail() {;id=__taiki-e_install-action.__run]
2026-10-03T17:12:12.2471092Z ##[group]Run bail() {
2026-10-03T17:12:12.2471365Z [36;1mbail() {[0m
2026-10-03T17:12:12.2471628Z [36;1m  printf '::error::install-action: %s\n' "$*"[0m
2026-10-03T17:12:12.2471937Z [36;1m  exit 1[0m
2026-10-03T17:12:12.2472142Z [36;1m}[0m
2026-10-03T17:12:12.2472544Z [36;1m# If /bin/sh is dash, environment variable containing % is not imported, but is fine[0m
2026-10-03T17:12:12.2473084Z [36;1m# because it also means that it will not be exposed to subprocess.[0m
2026-10-03T17:12:12.2473518Z [36;1mif /usr/bin/env | grep -Eq '^BASH_FUNC_'; then[0m
2026-10-03T17:12:12.2474073Z [36;1m  bail 'bash function injection via BASH_FUNC_ environment variable is not allowed for security reasons'[0m
2026-10-03T17:12:12.2474569Z [36;1mfi[0m
2026-10-03T17:12:12.2474816Z [36;1mif ! command -v bash >/dev/null; then[0m
2026-10-03T17:12:12.2475188Z [36;1m  if grep -Eq '^ID=alpine' /etc/os-release; then[0m
2026-10-03T17:12:12.2475680Z [36;1m    printf '::group::Install packages required for install-action (bash)\n'[0m
2026-10-03T17:12:12.2476188Z [36;1m    # NB: sync with apk_install in main.sh[0m
2026-10-03T17:12:12.2476683Z [36;1m    if command -v sudo >/dev/null; then[0m
2026-10-03T17:12:12.2477026Z [36;1m      sudo apk --no-cache add bash[0m
2026-10-03T17:12:12.2477355Z [36;1m    elif command -v doas >/dev/null; then[0m
2026-10-03T17:12:12.2477673Z [36;1m      doas apk --no-cache add bash[0m
2026-10-03T17:12:12.2477947Z [36;1m    else[0m
2026-10-03T17:12:12.2478166Z [36;1m      apk --no-cache add bash[0m
2026-10-03T17:12:12.2478434Z [36;1m    fi[0m
2026-10-03T17:12:12.2478654Z [36;1m    printf '::endgroup::\n'[0m
2026-10-03T17:12:12.2478910Z [36;1m  else[0m
2026-10-03T17:12:12.2479135Z [36;1m    bail 'this action requires bash'[0m
2026-10-03T17:12:12.2479618Z [36;1m  fi[0m
2026-10-03T17:12:12.2479900Z [36;1mfi[0m
2026-10-03T17:12:12.2480187Z [36;1mbash --noprofile --norc "${GITHUB_ACTION_PATH:?}/main.sh"[0m
2026-10-03T17:12:12.2482737Z shell: /usr/bin/env -u ENV -u BASH_ENV -u CDPATH -u SHELLOPTS -u BASHOPTS /bin/sh -eu {0}
2026-10-03T17:12:12.2483173Z env:
2026-10-03T17:12:12.2483490Z   CARGO_TARGET_X86_64_UNKNOWN_LINUX_GNU_RUSTFLAGS: -C link-arg=-fuse-ld=mold
2026-10-03T17:12:12.2483884Z   CACHE_ON_FAILURE: false
2026-10-03T17:12:12.2484124Z   CARGO_INCREMENTAL: 0
2026-10-03T17:12:12.2484365Z   INPUT_TOOL: cargo-nextest@0.9.146
2026-10-03T17:12:12.2484630Z   INPUT_CHECKSUM: true
2026-10-03T17:12:12.2484863Z   INPUT_FALLBACK: cargo-binstall
2026-10-03T17:12:12.2487308Z   DEFAULT_GITHUB_TOKEN: ***
2026-10-03T17:12:12.2487604Z   ACTION_USER_AGENT: taiki-e/install-action (v2)
2026-10-03T17:12:12.2487903Z   RUNNER_OS: Linux
2026-10-03T17:12:12.2488123Z   RUNNER_ARCH: X64
2026-10-03T17:12:12.2488325Z ##[endgroup]
2026-10-03T17:12:12.3288145Z info: host platform: x86_64_linux
2026-10-03T17:12:12.3778622Z info: installing cargo-nextest@0.9.146
2026-10-03T17:12:12.3985895Z info: downloading https://github.com/nextest-rs/nextest/releases/download/cargo-nextest-0.9.146/cargo-nextest-0.9.146-x86_64-unknown-linux-gnu.tar.gz
2026-10-03T17:12:13.1452098Z info: verifying sha256 checksum for cargo-nextest-0.9.146-x86_64-unknown-linux-gnu.tar.gz
2026-10-03T17:12:13.5661617Z info: cargo-nextest installed at /home/runner/.cargo/bin/cargo-nextest
2026-10-03T17:12:13.5665266Z + cargo-nextest nextest --version
2026-10-03T17:12:13.5693139Z cargo-nextest 0.9.146 (8af696ddc 2026-09-21)
2026-10-03T17:12:13.5693504Z release: 0.9.146
2026-10-03T17:12:13.5693806Z commit-hash: 8af696ddcce8fff2962d6a5168b6d138b8616a35
2026-10-03T17:12:13.5694168Z commit-date: 2026-09-21
2026-10-03T17:12:13.5694430Z host: x86_64-unknown-linux-gnu
2026-10-03T17:12:13.5696962Z 
2026-10-03T17:12:13.5714392Z ##[end-action id=__taiki-e_install-action.__run;outcome=success;conclusion=success;duration_ms=1327]
2026-10-03T17:12:13.5720603Z ##[start-action display=Run Set-StrictMode -Version Latest;id=__taiki-e_install-action.__run_2]
2026-10-03T17:12:13.5725767Z ##[end-action id=__taiki-e_install-action.__run_2;outcome=skipped;conclusion=skipped;duration_ms=0]
2026-10-03T17:12:13.5767007Z ##[group]Run cargo xtask ci
2026-10-03T17:12:13.5767318Z [36;1mcargo xtask ci[0m
2026-10-03T17:12:13.5833432Z shell: /usr/bin/bash -e {0}
2026-10-03T17:12:13.5833696Z env:
2026-10-03T17:12:13.5834028Z   CARGO_TARGET_X86_64_UNKNOWN_LINUX_GNU_RUSTFLAGS: -C link-arg=-fuse-ld=mold
2026-10-03T17:12:13.5834431Z   CACHE_ON_FAILURE: false
2026-10-03T17:12:13.5834665Z   CARGO_INCREMENTAL: 0
2026-10-03T17:12:13.5834897Z   PANE_TEST_REAL_CLIPBOARD: 
2026-10-03T17:12:13.5835138Z ##[endgroup]
2026-10-03T17:12:20.1183200Z pane-js: prebuilt components match their sources
2026-10-03T17:12:20.1192969Z pane-js: bundled npm packages are permissively licensed
2026-10-03T17:12:22.7083395Z    Compiling ring v0.17.14
2026-10-03T17:12:22.7180267Z     Checking pane-target v0.1.0 (/home/runner/work/pane/pane/crates/pane-target)
2026-10-03T17:12:22.7846589Z     Checking xtask v0.1.0 (/home/runner/work/pane/pane/xtask)
2026-10-03T17:12:25.0113999Z    Compiling rustls v0.23.45
2026-10-03T17:12:25.6915733Z     Checking rustls-webpki v0.103.15
2026-10-03T17:12:27.5180101Z     Checking tokio-rustls v0.26.6
2026-10-03T17:12:27.6350286Z     Checking pane-core v0.1.0 (/home/runner/work/pane/pane/crates/pane-core)
2026-10-03T17:12:32.6380560Z     Checking pane v0.1.0 (/home/runner/work/pane/pane/crates/pane)
2026-10-03T17:12:38.1201481Z     Finished `dev` profile [unoptimized + debuginfo] target(s) in 17.96s
2026-10-03T17:12:38.2486537Z     Checking pane-target v0.1.0 (/home/runner/work/pane/pane/crates/pane-target)
2026-10-03T17:12:38.2809500Z     Checking pane-echo v0.1.0 (/home/runner/work/pane/pane/guests/helpers/echo)
2026-10-03T17:12:38.3097519Z     Finished `dev` profile [unoptimized + debuginfo] target(s) in 0.10s
2026-10-03T17:12:38.5552570Z    Compiling proc-macro2 v1.0.107
2026-10-03T17:12:38.5553310Z    Compiling unicode-ident v1.0.26
2026-10-03T17:12:38.5555037Z    Compiling quote v1.0.47
2026-10-03T17:12:38.5555686Z    Compiling serde_core v1.0.229
2026-10-03T17:12:38.6169593Z    Compiling zmij v1.0.23
2026-10-03T17:12:38.7003256Z    Compiling foldhash v0.2.0
2026-10-03T17:12:38.7430737Z    Compiling equivalent v1.0.2
2026-10-03T17:12:38.7677329Z    Compiling hashbrown v0.17.1
2026-10-03T17:12:38.7800525Z    Compiling semver v1.0.28
2026-10-03T17:12:39.0080700Z    Compiling anyhow v1.0.104
2026-10-03T17:12:39.3260834Z    Compiling syn v3.0.6
2026-10-03T17:12:39.3411871Z    Compiling bitflags v2.13.2
2026-10-03T17:12:39.4010695Z    Compiling serde v1.0.229
2026-10-03T17:12:39.4690711Z    Compiling serde_json v1.0.151
2026-10-03T17:12:39.7935582Z    Compiling memchr v2.8.3
2026-10-03T17:12:39.7971074Z    Compiling prettyplease v0.3.0
2026-10-03T17:12:39.8882681Z    Compiling itoa v1.0.18
2026-10-03T17:12:39.9930641Z    Compiling id-arena v2.3.0
2026-10-03T17:12:40.0611449Z    Compiling leb128fmt v0.1.0
2026-10-03T17:12:40.1657405Z    Compiling log v0.4.34
2026-10-03T17:12:40.2560300Z    Compiling wit-bindgen-rust v0.62.0
2026-10-03T17:12:40.3231509Z    Compiling heck v0.5.0
2026-10-03T17:12:40.3940855Z    Compiling wit-bindgen-rust-macro v0.62.0
2026-10-03T17:12:40.4710465Z    Compiling wit-bindgen v0.62.0
2026-10-03T17:12:40.4740290Z    Compiling cfg-if v1.0.5
2026-10-03T17:12:40.4990554Z    Compiling dlmalloc v0.2.14
2026-10-03T17:12:40.9400582Z    Compiling indexmap v2.14.2
2026-10-03T17:12:41.5840435Z    Compiling wasmparser v0.259.0
2026-10-03T17:12:43.1008427Z    Compiling serde_derive v1.0.229
2026-10-03T17:12:43.3170561Z    Compiling futures-sink v0.3.34
2026-10-03T17:12:43.3560672Z    Compiling futures-core v0.3.34
2026-10-03T17:12:43.4071158Z    Compiling futures-macro v0.3.34
2026-10-03T17:12:44.0170845Z    Compiling pin-project-lite v0.2.17
2026-10-03T17:12:44.0500605Z    Compiling futures-task v0.3.34
2026-10-03T17:12:44.1031498Z    Compiling futures-util v0.3.34
2026-10-03T17:12:45.1599606Z    Compiling futures-channel v0.3.34
2026-10-03T17:12:45.1840504Z    Compiling futures-io v0.3.34
2026-10-03T17:12:45.6730849Z    Compiling futures v0.3.34
2026-10-03T17:12:46.9667492Z    Compiling wasm-encoder v0.259.0
2026-10-03T17:12:46.9668478Z    Compiling wit-parser v0.259.0
2026-10-03T17:12:48.4431406Z    Compiling wasm-metadata v0.259.0
2026-10-03T17:12:49.1081707Z    Compiling wit-bindgen-core v0.62.0
2026-10-03T17:12:49.1082386Z    Compiling wit-component v0.259.0
2026-10-03T17:12:52.7632676Z    Compiling pane-guest v0.1.0 (/home/runner/work/pane/pane/guests/pane-guest)
2026-10-03T17:12:52.7633507Z    Compiling wasip3 v0.9.0+wasi-0.3.0
2026-10-03T17:12:52.8469512Z    Compiling mismatched-api v0.1.0 (/home/runner/work/pane/pane/guests/fixtures/mismatched-api)
2026-10-03T17:12:52.8470923Z    Compiling old-api v0.1.0 (/home/runner/work/pane/pane/guests/fixtures/old-api)
2026-10-03T17:12:54.0903801Z    Compiling clipboard_history v0.1.0 (/home/runner/work/pane/pane/guests/clipboard-history)
2026-10-03T17:12:54.0905151Z    Compiling sample-dependencies v0.1.0 (/home/runner/work/pane/pane/guests/sample-dependencies)
2026-10-03T17:12:54.0906213Z    Compiling faulty v0.1.0 (/home/runner/work/pane/pane/guests/fixtures/faulty)
2026-10-03T17:12:54.0907192Z    Compiling sample-helper v0.1.0 (/home/runner/work/pane/pane/guests/sample-helper)
2026-10-03T17:12:54.8480941Z    Compiling operations-fixture v0.1.0 (/home/runner/work/pane/pane/guests/fixtures/operations)
2026-10-03T17:12:54.9720658Z    Compiling quicklinks v0.1.0 (/home/runner/work/pane/pane/guests/quicklinks)
2026-10-03T17:12:54.9953589Z    Compiling sample-operations v0.1.0 (/home/runner/work/pane/pane/guests/sample-operations)
2026-10-03T17:12:55.2931744Z    Compiling files v0.1.0 (/home/runner/work/pane/pane/guests/files)
2026-10-03T17:12:56.1601048Z    Compiling git-greeter v0.1.0 (/home/runner/work/pane/pane/guests/git/greeter)
2026-10-03T17:12:56.1830588Z    Compiling failing-start v0.1.0 (/home/runner/work/pane/pane/guests/fixtures/failing-start)
2026-10-03T17:12:56.2160915Z    Compiling sample-rust v0.1.0 (/home/runner/work/pane/pane/guests/sample-rust)
2026-10-03T17:12:56.2513015Z    Compiling sample-query v0.1.0 (/home/runner/work/pane/pane/guests/sample-query)
2026-10-03T17:12:56.7360635Z    Compiling sample-service v0.1.0 (/home/runner/work/pane/pane/guests/sample-service)
2026-10-03T17:12:56.8030816Z    Compiling sample-search v0.1.0 (/home/runner/work/pane/pane/guests/sample-search)
2026-10-03T17:12:57.0390682Z    Compiling sample-settings v0.1.0 (/home/runner/work/pane/pane/guests/sample-settings)
2026-10-03T17:12:57.4100760Z    Compiling calculator v0.1.0 (/home/runner/work/pane/pane/guests/calculator)
2026-10-03T17:12:57.4940875Z    Compiling applications v0.1.0 (/home/runner/work/pane/pane/guests/applications)
2026-10-03T17:12:57.7598260Z    Compiling refusing-view v0.1.0 (/home/runner/work/pane/pane/guests/fixtures/refusing-view)
2026-10-03T17:12:58.2490890Z    Compiling sample-schedule v0.1.0 (/home/runner/work/pane/pane/guests/sample-schedule)
2026-10-03T17:12:58.7324948Z     Finished `release` profile [optimized] target(s) in 20.41s
2026-10-03T17:12:58.8340484Z    Compiling serde_core v1.0.229
2026-10-03T17:12:58.8341120Z    Compiling proc-macro2 v1.0.107
2026-10-03T17:12:58.8343423Z    Compiling unicode-ident v1.0.26
2026-10-03T17:12:58.8344771Z    Compiling quote v1.0.47
2026-10-03T17:12:58.8945605Z    Compiling foldhash v0.2.0
2026-10-03T17:12:58.9724584Z    Compiling hashbrown v0.17.1
2026-10-03T17:12:58.9873636Z    Compiling equivalent v1.0.2
2026-10-03T17:12:59.0164739Z    Compiling semver v1.0.28
2026-10-03T17:12:59.2400523Z    Compiling bitflags v2.13.2
2026-10-03T17:12:59.3740773Z    Compiling zmij v1.0.23
2026-10-03T17:12:59.5149955Z    Compiling anyhow v1.0.104
2026-10-03T17:12:59.6420597Z    Compiling syn v3.0.6
2026-10-03T17:12:59.6969212Z    Compiling serde v1.0.229
2026-10-03T17:12:59.7080588Z    Compiling serde_json v1.0.151
2026-10-03T17:13:00.0402306Z    Compiling itoa v1.0.18
2026-10-03T17:13:00.0950601Z    Compiling prettyplease v0.3.0
2026-10-03T17:13:00.1499632Z    Compiling memchr v2.8.3
2026-10-03T17:13:00.1920673Z    Compiling leb128fmt v0.1.0
2026-10-03T17:13:00.2840445Z    Compiling log v0.4.34
2026-10-03T17:13:00.3938650Z    Compiling id-arena v2.3.0
2026-10-03T17:13:00.4625955Z    Compiling heck v0.5.0
2026-10-03T17:13:00.6121027Z    Compiling wit-bindgen-rust v0.62.0
2026-10-03T17:13:00.6910686Z    Compiling wit-bindgen-rust-macro v0.62.0
2026-10-03T17:13:00.7492073Z    Compiling wit-bindgen v0.62.0
2026-10-03T17:13:01.1156942Z    Compiling indexmap v2.14.2
2026-10-03T17:13:01.7675285Z    Compiling wasmparser v0.259.0
2026-10-03T17:13:02.1779633Z    Compiling macro-string v0.3.0
2026-10-03T17:13:02.7893327Z    Compiling serde_derive v1.0.229
2026-10-03T17:13:06.0720739Z    Compiling wasm-encoder v0.259.0
2026-10-03T17:13:06.0721450Z    Compiling wit-parser v0.259.0
2026-10-03T17:13:07.5608279Z    Compiling wasm-metadata v0.259.0
2026-10-03T17:13:08.2121302Z    Compiling wit-component v0.259.0
2026-10-03T17:13:08.2121895Z    Compiling wit-bindgen-core v0.62.0
2026-10-03T17:13:11.9503297Z    Compiling mixed-p2 v0.1.0 (/home/runner/work/pane/pane/guests/fixtures/mixed-p2)
2026-10-03T17:13:12.2520879Z     Finished `release` profile [optimized] target(s) in 13.50s
2026-10-03T17:13:12.3511977Z    Compiling pane-target v0.1.0 (/home/runner/work/pane/pane/crates/pane-target)
2026-10-03T17:13:12.4159771Z    Compiling pane-echo v0.1.0 (/home/runner/work/pane/pane/guests/helpers/echo)
2026-10-03T17:13:14.9126912Z     Finished `release` profile [optimized] target(s) in 2.59s
2026-10-03T17:13:16.8799729Z guests built into /home/runner/work/pane/pane/target/guests
2026-10-03T17:13:17.8618760Z    Compiling unicode-ident v1.0.26
2026-10-03T17:13:17.8660099Z    Compiling serde_core v1.0.229
2026-10-03T17:13:17.8703533Z    Compiling typeid v1.0.3
2026-10-03T17:13:17.8748551Z    Compiling foldhash v0.2.0
2026-10-03T17:13:17.9134850Z    Compiling proc-macro2 v1.0.107
2026-10-03T17:13:17.9270728Z    Compiling libm v0.2.16
2026-10-03T17:13:17.9980902Z    Compiling bitflags v2.13.2
2026-10-03T17:13:18.1780407Z    Compiling equivalent v1.0.2
2026-10-03T17:13:18.2200421Z    Compiling once_cell v1.21.4
2026-10-03T17:13:18.3670587Z    Compiling quote v1.0.47
2026-10-03T17:13:18.6291474Z    Compiling syn v3.0.6
2026-10-03T17:13:18.6377789Z    Compiling syn v2.0.119
2026-10-03T17:13:19.3083642Z    Compiling memchr v2.8.3
2026-10-03T17:13:20.0588854Z    Compiling pin-project-lite v0.2.17
2026-10-03T17:13:20.1050672Z    Compiling hashbrown v0.17.1
2026-10-03T17:13:20.2090511Z    Compiling serde_fmt v1.1.0
2026-10-03T17:13:20.3106075Z    Compiling erased-serde v0.4.10
2026-10-03T17:13:20.6630489Z    Compiling crossbeam-utils v0.8.23
2026-10-03T17:13:20.8120313Z    Compiling value-bag-serde1 v1.14.1
2026-10-03T17:13:20.8510205Z    Compiling value-bag v1.14.1
2026-10-03T17:13:21.1150573Z    Compiling jobserver v0.1.35
2026-10-03T17:13:21.2840734Z    Compiling log v0.4.34
2026-10-03T17:13:21.3740571Z    Compiling cc v1.5.1
2026-10-03T17:13:21.6490640Z    Compiling indexmap v2.14.2
2026-10-03T17:13:22.2940380Z    Compiling linux-raw-sys v0.12.1
2026-10-03T17:13:23.0620605Z    Compiling futures-io v0.3.34
2026-10-03T17:13:23.1680427Z    Compiling futures-core v0.3.34
2026-10-03T17:13:23.5064409Z    Compiling stable_deref_trait v1.2.1
2026-10-03T17:13:23.5501166Z    Compiling winnow v1.0.4
2026-10-03T17:13:23.6690929Z    Compiling rustix v1.1.5
2026-10-03T17:13:23.8280865Z    Compiling anyhow v1.0.104
2026-10-03T17:13:23.9750612Z    Compiling serde_derive v1.0.229
2026-10-03T17:13:24.1710776Z    Compiling thiserror-impl v2.0.21
2026-10-03T17:13:25.3583380Z    Compiling thiserror v2.0.21
2026-10-03T17:13:25.4110743Z    Compiling slab v0.4.12
2026-10-03T17:13:25.4220260Z    Compiling synstructure v0.14.0
2026-10-03T17:13:25.5306212Z    Compiling scopeguard v1.2.0
2026-10-03T17:13:25.5820775Z    Compiling allocator-api2 v0.2.21
2026-10-03T17:13:25.8740491Z    Compiling either v1.18.0
2026-10-03T17:13:25.9350851Z    Compiling zerofrom-derive v0.1.8
2026-10-03T17:13:26.0435480Z    Compiling crossbeam-epoch v0.9.21
2026-10-03T17:13:26.3258608Z    Compiling tracing-attributes v0.1.31
2026-10-03T17:13:27.1146226Z    Compiling serde v1.0.229
2026-10-03T17:13:27.1297794Z    Compiling tracing-core v0.1.36
2026-10-03T17:13:27.5461630Z    Compiling simd-adler32 v0.3.10
2026-10-03T17:13:27.6905701Z    Compiling smallvec v1.16.2
2026-10-03T17:13:27.7090965Z    Compiling zerofrom v0.1.8
2026-10-03T17:13:27.7193877Z    Compiling crossbeam-deque v0.8.8
2026-10-03T17:13:27.7850454Z    Compiling yoke-derive v0.8.3
2026-10-03T17:13:27.8593577Z    Compiling hashbrown v0.16.1
2026-10-03T17:13:27.8750559Z    Compiling fastrand v2.5.0
2026-10-03T17:13:28.0391831Z    Compiling rayon-core v1.13.0
2026-10-03T17:13:28.4440495Z    Compiling zerovec-derive v0.11.6
2026-10-03T17:13:28.7461695Z    Compiling yoke v0.8.3
2026-10-03T17:13:28.7880530Z    Compiling futures-macro v0.3.34
2026-10-03T17:13:28.8831312Z    Compiling subtle v2.6.1
2026-10-03T17:13:28.9935477Z    Compiling futures-task v0.3.34
2026-10-03T17:13:29.1141565Z    Compiling rand_core v0.10.1
2026-10-03T17:13:29.2125008Z    Compiling displaydoc v0.2.7
2026-10-03T17:13:29.4479092Z    Compiling getrandom v0.4.3
2026-10-03T17:13:29.5378468Z    Compiling zerovec v0.11.8
2026-10-03T17:13:29.6170418Z    Compiling rayon v1.12.0
2026-10-03T17:13:29.6840573Z    Compiling digest v0.10.7
2026-10-03T17:13:29.8581838Z    Compiling tracing v0.1.44
2026-10-03T17:13:29.8680236Z    Compiling itertools v0.14.0
2026-10-03T17:13:30.0410539Z    Compiling fnv v1.0.7
2026-10-03T17:13:30.0850608Z    Compiling futures-sink v0.3.34
2026-10-03T17:13:30.0901606Z    Compiling tinystr v0.8.4
2026-10-03T17:13:30.1366327Z    Compiling getrandom v0.2.17
2026-10-03T17:13:30.2350725Z    Compiling litemap v0.8.3
2026-10-03T17:13:30.2650453Z    Compiling rustc-hash v2.1.3
2026-10-03T17:13:30.3242908Z    Compiling writeable v0.6.4
2026-10-03T17:13:30.3930927Z    Compiling potential_utf v0.1.6
2026-10-03T17:13:30.4960708Z    Compiling icu_locale_core v2.3.0
2026-10-03T17:13:30.5194342Z    Compiling zerotrie v0.2.5
2026-10-03T17:13:30.7720530Z    Compiling bytes v1.12.1
2026-10-03T17:13:31.2580654Z    Compiling utf8_iter v1.0.4
2026-10-03T17:13:31.3422073Z    Compiling icu_collections v2.3.0
2026-10-03T17:13:31.4090869Z    Compiling icu_provider v2.3.1
2026-10-03T17:13:31.6820540Z    Compiling miniz_oxide v0.9.1
2026-10-03T17:13:31.7150935Z    Compiling icu_normalizer_data v2.3.0
2026-10-03T17:13:31.7550533Z    Compiling futures-channel v0.3.34
2026-10-03T17:13:31.7620399Z    Compiling atomic-waker v1.1.2
2026-10-03T17:13:31.8280782Z    Compiling icu_properties_data v2.3.0
2026-10-03T17:13:31.8367758Z    Compiling termcolor v1.4.1
2026-10-03T17:13:31.9260255Z    Compiling icu_properties v2.3.0
2026-10-03T17:13:31.9353573Z    Compiling futures-util v0.3.34
2026-10-03T17:13:32.1410643Z    Compiling flate2 v1.1.10
2026-10-03T17:13:32.3920600Z    Compiling wasmtime-internal-core v49.0.1
2026-10-03T17:13:32.5250493Z    Compiling serde_json v1.0.151
2026-10-03T17:13:33.0210590Z    Compiling tinyvec v1.13.3
2026-10-03T17:13:33.3590514Z    Compiling sha2 v0.10.9
2026-10-03T17:13:33.3840434Z    Compiling serde_spanned v1.1.1
2026-10-03T17:13:33.4640459Z    Compiling toml_writer v1.1.2+spec-1.1.0
2026-10-03T17:13:33.6220671Z    Compiling cranelift-bitset v0.136.1
2026-10-03T17:13:33.7091166Z    Compiling async-trait v0.1.92
2026-10-03T17:13:33.7790549Z    Compiling leb128fmt v0.1.0
2026-10-03T17:13:33.8810277Z    Compiling num-traits v0.2.19
2026-10-03T17:13:34.5157025Z    Compiling http v1.5.0
2026-10-03T17:13:34.5782700Z    Compiling pulley-macros v49.0.1
2026-10-03T17:13:34.6023860Z    Compiling percent-encoding v2.3.2
2026-10-03T17:13:34.7254013Z    Compiling form_urlencoded v1.2.2
2026-10-03T17:13:34.8018802Z    Compiling futures-executor v0.3.34
2026-10-03T17:13:34.8134917Z    Compiling cranelift-entity v0.136.1
2026-10-03T17:13:34.8860320Z    Compiling cobs v0.3.0
2026-10-03T17:13:35.0090588Z    Compiling zeroize_derive v1.5.0
2026-10-03T17:13:35.0320598Z    Compiling postcard v1.1.3
2026-10-03T17:13:35.2307303Z    Compiling cranelift-bforest v0.136.1
2026-10-03T17:13:35.3430637Z    Compiling futures v0.3.34
2026-10-03T17:13:35.3970649Z    Compiling pulley-interpreter v49.0.1
2026-10-03T17:13:35.4731606Z    Compiling zeroize v1.9.0
2026-10-03T17:13:35.5910971Z    Compiling target-lexicon v0.13.5
2026-10-03T17:13:35.5980333Z    Compiling gimli v0.33.0
2026-10-03T17:13:35.6239893Z    Compiling cranelift-codegen-shared v0.136.1
2026-10-03T17:13:35.6730657Z    Compiling icu_normalizer v2.3.0
2026-10-03T17:13:35.9140846Z    Compiling semver v1.0.28
2026-10-03T17:13:36.2063022Z    Compiling wasmparser v0.258.0
2026-10-03T17:13:36.2573312Z    Compiling idna_adapter v1.2.2
2026-10-03T17:13:37.2630703Z    Compiling cranelift-codegen-meta v0.136.1
2026-10-03T17:13:39.7404451Z    Compiling bumpalo v3.20.3
2026-10-03T17:13:39.9560605Z    Compiling zstd-sys v2.1.0+zstd.1.5.7
2026-10-03T17:13:40.2251441Z    Compiling wasmtime-internal-versioned-export-macros v49.0.1
2026-10-03T17:13:40.2651075Z    Compiling cranelift-codegen v0.136.1
2026-10-03T17:13:40.4743137Z    Compiling arbitrary v1.4.2
2026-10-03T17:13:41.3371161Z    Compiling wasmtime-internal-component-util v49.0.1
2026-10-03T17:13:41.3900366Z    Compiling cranelift-control v0.136.1
2026-10-03T17:13:47.7730515Z    Compiling wasmprinter v0.258.0
2026-10-03T17:13:51.9405332Z    Compiling regalloc2 v0.15.2
2026-10-03T17:13:53.2490620Z    Compiling cranelift-assembler-x64 v0.136.1
2026-10-03T17:13:58.8497511Z    Compiling idna v1.1.0
2026-10-03T17:14:05.9300426Z    Compiling wasm-encoder v0.258.0
2026-10-03T17:14:08.5630502Z    Compiling object v0.40.0
2026-10-03T17:14:08.7730679Z    Compiling simdutf8 v0.1.5
2026-10-03T17:14:08.9240723Z    Compiling core_detect v1.0.0
2026-10-03T17:14:09.0030537Z    Compiling encoding_rs v0.8.42
2026-10-03T17:14:10.9460636Z    Compiling url v2.5.8
2026-10-03T17:14:13.7256005Z    Compiling mio v1.2.3
2026-10-03T17:14:14.1920447Z    Compiling zstd-safe v7.3.0
2026-10-03T17:14:14.2050475Z    Compiling wit-parser v0.258.0
2026-10-03T17:14:15.7930321Z    Compiling wasmtime-environ v49.0.1
2026-10-03T17:14:19.5963958Z    Compiling wasm-metadata v0.258.0
2026-10-03T17:14:20.0030578Z    Compiling tempfile v3.27.0
2026-10-03T17:14:20.4064086Z    Compiling socket2 v0.6.5
2026-10-03T17:14:20.9040521Z    Compiling tokio v1.53.1
2026-10-03T17:14:22.3200556Z    Compiling wit-component v0.258.0
2026-10-03T17:14:26.9200343Z    Compiling wasmtime-internal-fiber v49.0.1
2026-10-03T17:14:27.0865542Z    Compiling memfd v0.6.6
2026-10-03T17:14:27.0954960Z    Compiling toml_parser v1.1.3+spec-1.1.0
2026-10-03T17:14:27.2590685Z    Compiling ring v0.17.14
2026-10-03T17:14:27.6300721Z    Compiling toml_datetime v1.1.1+spec-1.1.0
2026-10-03T17:14:27.8562636Z    Compiling dirs-sys-next v0.1.2
2026-10-03T17:14:27.8711352Z    Compiling as-raw-xcb-connection v1.0.1
2026-10-03T17:14:27.9120530Z    Compiling same-file v1.0.6
2026-10-03T17:14:28.0007175Z    Compiling xcursor v0.3.11
2026-10-03T17:14:28.1133098Z    Compiling walkdir v2.5.0
2026-10-03T17:14:28.3850524Z    Compiling directories-next v2.0.0
2026-10-03T17:14:28.4040543Z    Compiling toml v1.1.6+spec-1.1.0
2026-10-03T17:14:29.8152362Z    Compiling wasmtime-internal-wit-bindgen v49.0.1
2026-10-03T17:14:30.9861942Z    Compiling zstd v0.13.3
2026-10-03T17:14:31.1980412Z    Compiling wasmtime v49.0.1
2026-10-03T17:14:31.3678700Z    Compiling gethostname v1.1.0
2026-10-03T17:14:31.4230563Z    Compiling x11rb-protocol v0.13.2
2026-10-03T17:14:32.9630749Z    Compiling base64 v0.22.1
2026-10-03T17:14:33.2374155Z    Compiling wasmtime-internal-cache v49.0.1
2026-10-03T17:14:34.7650241Z    Compiling cranelift-native v0.136.1
2026-10-03T17:14:34.8510685Z    Compiling cranelift-frontend v0.136.1
2026-10-03T17:14:41.3170999Z    Compiling wasmtime-internal-unwinder v49.0.1
2026-10-03T17:14:41.5672585Z    Compiling wasmtime-internal-cranelift v49.0.1
2026-10-03T17:14:48.7761002Z    Compiling x11rb v0.13.2
2026-10-03T17:14:50.9750674Z    Compiling wasmtime-internal-component-macro v49.0.1
2026-10-03T17:14:53.0493140Z    Compiling io-lifetimes v2.0.4
2026-10-03T17:14:53.1180387Z    Compiling io-lifetimes v3.0.1
2026-10-03T17:14:53.1840915Z    Compiling rustls-pki-types v1.15.1
2026-10-03T17:14:53.6041609Z    Compiling wasmtime-internal-jit-icache-coherence v49.0.1
2026-10-03T17:14:53.6427335Z    Compiling untrusted v0.9.0
2026-10-03T17:14:53.6990684Z    Compiling cpufeatures v0.3.1
2026-10-03T17:14:53.7369895Z    Compiling chacha20 v0.10.2
2026-10-03T17:15:11.1557934Z    Compiling io-extras v0.19.0
2026-10-03T17:15:11.2452323Z    Compiling fs-set-times v0.20.3
2026-10-03T17:15:11.3370807Z    Compiling tokio-util v0.7.19
2026-10-03T17:15:12.0177172Z    Compiling http-body v1.1.0
2026-10-03T17:15:12.0990532Z    Compiling rustix-linux-procfs v0.1.1
2026-10-03T17:15:12.2930775Z    Compiling bytemuck_derive v1.12.1
2026-10-03T17:15:13.3670412Z    Compiling try-lock v0.2.5
2026-10-03T17:15:13.4220554Z    Compiling maybe-owned v0.3.4
2026-10-03T17:15:13.5490353Z    Compiling ipnet v2.12.2
2026-10-03T17:15:14.0166042Z    Compiling ambient-authority v0.0.2
2026-10-03T17:15:14.0510461Z    Compiling cap-primitives v4.0.3
2026-10-03T17:15:14.8080550Z    Compiling rustls v0.23.45
2026-10-03T17:15:14.8170179Z    Compiling want v0.3.1
2026-10-03T17:15:14.9121871Z    Compiling bytemuck v1.25.2
2026-10-03T17:15:15.1231016Z    Compiling h2 v0.4.19
2026-10-03T17:15:19.5950676Z    Compiling wasmtime-wasi-io v49.0.1
2026-10-03T17:15:20.3331095Z    Compiling rustls-webpki v0.103.15
2026-10-03T17:15:20.7570893Z    Compiling httparse v1.10.1
2026-10-03T17:15:21.0030394Z    Compiling rand v0.10.3
2026-10-03T17:15:21.4640881Z    Compiling inotify-sys v0.1.5
2026-10-03T17:15:21.5210526Z    Compiling arrayvec v0.7.8
2026-10-03T17:15:21.6670397Z    Compiling httpdate v1.0.3
2026-10-03T17:15:21.6830426Z    Compiling wasmtime-wasi v49.0.1
2026-10-03T17:15:21.8420492Z    Compiling hyper v1.11.1
2026-10-03T17:15:23.7210538Z    Compiling inotify v0.11.2
2026-10-03T17:15:30.9496299Z    Compiling http-body-util v0.1.5
2026-10-03T17:15:31.1550666Z    Compiling sha1 v0.10.7
2026-10-03T17:15:31.3130739Z    Compiling notify-types v2.1.0
2026-10-03T17:15:31.5960643Z    Compiling openssl-probe v0.2.1
2026-10-03T17:15:31.7070456Z    Compiling rustls-native-certs v0.8.4
2026-10-03T17:15:31.9900962Z    Compiling notify v8.2.0
2026-10-03T17:15:33.2390439Z    Compiling sha1-checked v0.10.0
2026-10-03T17:15:33.5499004Z    Compiling tokio-rustls v0.26.6
2026-10-03T17:15:33.7482081Z    Compiling unicode-normalization v0.1.25
2026-10-03T17:15:34.1250545Z    Compiling unicase v2.9.0
2026-10-03T17:15:34.2620831Z    Compiling parking v2.2.1
2026-10-03T17:15:34.3560567Z    Compiling zerocopy-derive v0.8.59
2026-10-03T17:15:36.0590395Z    Compiling zerocopy v0.8.59
2026-10-03T17:15:39.9460654Z    Compiling wasmtime-wasi-http v49.0.1
2026-10-03T17:15:41.6680551Z    Compiling num-integer v0.1.47
2026-10-03T17:15:41.9770898Z    Compiling async-task v4.7.1
2026-10-03T17:15:42.1160421Z    Compiling siphasher v1.0.4
2026-10-03T17:15:42.2588028Z    Compiling futures-lite v2.6.1
2026-10-03T17:15:42.9530445Z    Compiling event-listener v5.4.2
2026-10-03T17:15:43.1440737Z    Compiling pane-core v0.1.0 (/home/runner/work/pane/pane/crates/pane-core)
2026-10-03T17:15:43.8031028Z    Compiling concurrent-queue v2.5.0
2026-10-03T17:15:43.9511103Z    Compiling event-listener-strategy v0.5.4
2026-10-03T17:15:44.0350527Z    Compiling num-bigint v0.4.8
2026-10-03T17:15:45.7130473Z    Compiling toml_edit v0.25.15+spec-1.1.0
2026-10-03T17:15:46.7420365Z    Compiling half v2.7.1
2026-10-03T17:15:47.2060416Z    Compiling lock_api v0.4.14
2026-10-03T17:15:47.3914249Z    Compiling libloading v0.8.9
2026-10-03T17:15:47.5360424Z    Compiling sha1_smol v1.0.1
2026-10-03T17:15:47.6778402Z    Compiling proc-macro-crate v3.5.0
2026-10-03T17:15:48.0768737Z    Compiling miniz_oxide v0.8.9
2026-10-03T17:15:48.3588707Z    Compiling zvariant_utils v4.2.0
2026-10-03T17:15:48.7520535Z    Compiling enumflags2_derive v0.7.12
2026-10-03T17:15:49.1640757Z    Compiling equator-macro v0.4.2
2026-10-03T17:15:49.7104010Z    Compiling zvariant_derive v5.15.0
2026-10-03T17:15:49.7147509Z    Compiling equator v0.4.2
2026-10-03T17:15:49.8860546Z    Compiling enumflags2 v0.7.12
2026-10-03T17:15:49.9582785Z    Compiling font-types v0.12.5
2026-10-03T17:15:50.0530845Z    Compiling zcheapstr v1.1.0
2026-10-03T17:15:50.1630513Z    Compiling endi v1.1.1
2026-10-03T17:15:50.2510447Z    Compiling aligned-vec v0.6.4
2026-10-03T17:15:50.3280396Z    Compiling async-channel v2.5.0
2026-10-03T17:15:50.3951086Z    Compiling profiling-procmacros v1.0.18
2026-10-03T17:15:50.4760615Z    Compiling v_frame v0.3.9
2026-10-03T17:15:50.6100551Z    Compiling profiling v1.0.18
2026-10-03T17:15:50.6457563Z    Compiling dlib v0.5.3
2026-10-03T17:15:50.6680490Z    Compiling slotmap v1.1.1
2026-10-03T17:15:51.1100654Z    Compiling getrandom v0.3.4
2026-10-03T17:15:51.2590519Z    Compiling read-fonts v0.41.0
2026-10-03T17:15:51.3780996Z    Compiling polling v3.11.0
2026-10-03T17:15:51.5951003Z    Compiling as-slice v0.2.1
2026-10-03T17:15:51.6320455Z    Compiling aligned v0.4.3
2026-10-03T17:15:51.6980438Z    Compiling rand_core v0.9.5
2026-10-03T17:15:52.0981496Z    Compiling uuid v1.26.1
2026-10-03T17:15:52.5451537Z    Compiling phf_shared v0.13.1
2026-10-03T17:15:52.7428131Z    Compiling polycool v0.4.0
2026-10-03T17:15:53.0820556Z    Compiling num-complex v0.4.6
2026-10-03T17:15:53.5020710Z    Compiling fdeflate v0.3.7
2026-10-03T17:15:53.9340512Z    Compiling arg_enum_proc_macro v0.3.4
2026-10-03T17:15:54.3750814Z    Compiling nom v8.0.0
2026-10-03T17:15:57.2030707Z    Compiling memmap2 v0.9.11
2026-10-03T17:15:57.3700745Z    Compiling quick-error v2.0.1
2026-10-03T17:15:57.4240806Z    Compiling float-cmp v0.9.0
2026-10-03T17:15:57.4918487Z    Compiling static_assertions v1.1.0
2026-10-03T17:15:57.5310509Z    Compiling y4m v0.8.0
2026-10-03T17:15:57.6870669Z    Compiling roxmltree v0.20.0
2026-10-03T17:15:58.4490597Z    Compiling fontconfig-parser v0.5.8
2026-10-03T17:15:59.1893378Z    Compiling strict-num v0.1.1
2026-10-03T17:16:02.3090449Z    Compiling wayland-sys v0.31.11
2026-10-03T17:16:02.6970958Z    Compiling zvariant v5.15.0
2026-10-03T17:16:04.9418625Z    Compiling ppv-lite86 v0.2.21
2026-10-03T17:16:05.2661022Z    Compiling no_std_io2 v0.9.4
2026-10-03T17:16:05.3030844Z    Compiling arrayref v0.3.9
2026-10-03T17:16:05.3360739Z    Compiling bit-vec v0.9.1
2026-10-03T17:16:05.3510359Z    Compiling unicode-width v0.2.2
2026-10-03T17:16:05.5167083Z    Compiling unicode-segmentation v1.13.3
2026-10-03T17:16:05.5370348Z    Compiling hexf-parse v0.2.1
2026-10-03T17:16:05.6196117Z    Compiling codespan-reporting v0.13.1
2026-10-03T17:16:05.8703042Z    Compiling bit-set v0.9.1
2026-10-03T17:16:05.9670443Z    Compiling tiny-skia-path v0.12.0
2026-10-03T17:16:06.1050493Z    Compiling bitstream-io v4.10.0
2026-10-03T17:16:06.7000968Z    Compiling rand_chacha v0.9.0
2026-10-03T17:16:06.7060183Z    Compiling zbus_names v4.3.4
2026-10-03T17:16:07.3683564Z    Compiling async-io v2.6.0
2026-10-03T17:16:08.1880611Z    Compiling skrifa v0.44.0
2026-10-03T17:16:08.4850579Z    Compiling rgb v0.8.53
2026-10-03T17:16:08.7881049Z    Compiling euclid v0.22.14
2026-10-03T17:16:09.4960523Z    Compiling piper v0.2.5
2026-10-03T17:16:09.6460551Z    Compiling maybe-rayon v0.1.1
2026-10-03T17:16:09.6810904Z    Compiling num-derive v0.4.2
2026-10-03T17:16:10.5037367Z    Compiling serde_bytes v0.11.19
2026-10-03T17:16:10.6610352Z    Compiling simd_helpers v0.1.0
2026-10-03T17:16:10.8730532Z    Compiling errno v0.3.14
2026-10-03T17:16:10.9610686Z    Compiling pulp-wasm-simd-flag v0.1.1
2026-10-03T17:16:10.9930509Z    Compiling weezl v0.1.12
2026-10-03T17:16:11.4170571Z    Compiling new_debug_unreachable v1.0.6
2026-10-03T17:16:11.4520558Z    Compiling reborrow v0.5.5
2026-10-03T17:16:11.4900620Z    Compiling zune-core v0.5.3
2026-10-03T17:16:11.6997026Z    Compiling zune-jpeg v0.5.15
2026-10-03T17:16:12.6180664Z    Compiling signal-hook-registry v1.4.8
2026-10-03T17:16:13.6210952Z    Compiling blocking v1.7.0
2026-10-03T17:16:13.8630323Z    Compiling rand v0.9.5
2026-10-03T17:16:14.4300496Z    Compiling async-lock v3.4.2
2026-10-03T17:16:14.9516445Z    Compiling ref-cast-impl v1.0.27
2026-10-03T17:16:15.3135248Z    Compiling enumn v0.1.14
2026-10-03T17:16:15.5930527Z    Compiling pin-project-internal v1.1.13
2026-10-03T17:16:15.8369017Z    Compiling serde_derive_internals v0.30.0
2026-10-03T17:16:16.5410884Z    Compiling unicode-bidi v0.3.18
2026-10-03T17:16:16.6910410Z    Compiling byteorder-lite v0.1.0
2026-10-03T17:16:16.9030510Z    Compiling imgref v1.12.3
2026-10-03T17:16:17.0480719Z    Compiling unicode-script v0.5.8
2026-10-03T17:16:17.1435796Z    Compiling color_quant v1.1.0
2026-10-03T17:16:17.2640320Z    Compiling gif v0.14.2
2026-10-03T17:16:17.3320526Z    Compiling loop9 v0.1.5
2026-10-03T17:16:17.3920803Z    Compiling image-webp v0.2.4
2026-10-03T17:16:18.0250525Z    Compiling schemars_derive v1.2.2
2026-10-03T17:16:18.8551600Z    Compiling pin-project v1.1.13
2026-10-03T17:16:18.8930184Z    Compiling ref-cast v1.0.27
2026-10-03T17:16:19.5673970Z    Compiling async-signal v0.2.14
2026-10-03T17:16:19.7270497Z    Compiling lyon_geom v1.0.19
2026-10-03T17:16:19.7330093Z    Compiling fontdb v0.24.0
2026-10-03T17:16:20.1162582Z    Compiling parking_lot_core v0.9.12
2026-10-03T17:16:20.3220611Z    Compiling spin v0.9.9
2026-10-03T17:16:20.4558199Z    Compiling num-rational v0.4.2
2026-10-03T17:16:20.4970448Z    Compiling avif-serialize v0.8.9
2026-10-03T17:16:20.9550994Z    Compiling nanorand v0.7.0
2026-10-03T17:16:21.1480583Z    Compiling zune-inflate v0.2.54
2026-10-03T17:16:21.1635655Z    Compiling thiserror-impl v1.0.69
2026-10-03T17:16:21.4010410Z    Compiling simplecss v0.2.2
2026-10-03T17:16:21.8538563Z    Compiling roxmltree v0.21.1
2026-10-03T17:16:22.2530628Z    Compiling pico-args v0.5.0
2026-10-03T17:16:22.4280687Z    Compiling imagesize v0.15.0
2026-10-03T17:16:22.7541492Z    Compiling dyn-clone v1.0.20
2026-10-03T17:16:22.8270533Z    Compiling base64 v0.23.1
2026-10-03T17:16:22.9270563Z    Compiling data-url v0.3.2
2026-10-03T17:16:23.1980540Z    Compiling bit_field v0.10.3
2026-10-03T17:16:23.2250509Z    Compiling xmlwriter v0.1.0
2026-10-03T17:16:23.2965717Z    Compiling lebe v0.5.3
2026-10-03T17:16:23.3810889Z    Compiling unicode-vo v0.1.0
2026-10-03T17:16:23.4311115Z    Compiling gimli v0.32.3
2026-10-03T17:16:23.4402677Z    Compiling thiserror v1.0.69
2026-10-03T17:16:23.4891468Z    Compiling parking_lot v0.12.5
2026-10-03T17:16:23.8890754Z    Compiling lyon_path v1.0.19
2026-10-03T17:16:24.3790288Z    Compiling async-process v2.5.0
2026-10-03T17:16:25.0820495Z    Compiling object v0.37.3
2026-10-03T17:16:25.7620561Z    Compiling addr2line v0.25.1
2026-10-03T17:16:26.6225389Z    Compiling async-executor v1.14.0
2026-10-03T17:16:26.9430467Z    Compiling wayland-backend v0.3.17
2026-10-03T17:16:27.0830549Z    Compiling pxfm v0.1.30
2026-10-03T17:16:28.5220461Z    Compiling rustc-demangle v0.1.28
2026-10-03T17:16:28.9490560Z    Compiling raw-window-handle v0.6.2
2026-10-03T17:16:29.1230527Z    Compiling iana-time-zone v0.1.65
2026-10-03T17:16:29.3280535Z    Compiling regex-syntax v0.8.11
2026-10-03T17:16:30.3322078Z    Compiling fax v0.2.7
2026-10-03T17:16:30.5710618Z    Compiling smol_str v0.3.6
2026-10-03T17:16:30.7441368Z    Compiling tiff v0.11.3
2026-10-03T17:16:32.3206076Z    Compiling moxcms v0.8.1
2026-10-03T17:16:32.5480419Z    Compiling chrono v0.4.45
2026-10-03T17:16:33.5850930Z    Compiling backtrace v0.3.76
2026-10-03T17:16:34.2230867Z    Compiling palette_derive v0.7.7
2026-10-03T17:16:35.3690650Z    Compiling zbus_macros v5.19.0
2026-10-03T17:16:35.4062956Z    Compiling convert_case v0.10.0
2026-10-03T17:16:35.6183875Z    Compiling phf_generator v0.13.1
2026-10-03T17:16:35.7360566Z    Compiling async-broadcast v0.7.2
2026-10-03T17:16:35.9030472Z    Compiling qoi v0.4.1
2026-10-03T17:16:36.0700546Z    Compiling approx v0.5.1
2026-10-03T17:16:36.1580893Z    Compiling gpui_ce_util v0.2.6 (https://github.com/hoangvu12/gpui-ce?rev=bcf3a0acd047c1873293069d0ed42085a38f699b#bcf3a0ac)
2026-10-03T17:16:36.2832192Z    Compiling serde_repr v0.1.21
2026-10-03T17:16:36.6208746Z    Compiling async-recursion v1.1.1
2026-10-03T17:16:37.0813757Z    Compiling ordered-stream v0.2.0
2026-10-03T17:16:37.3483253Z    Compiling crossbeam-queue v0.3.14
2026-10-03T17:16:37.4641009Z    Compiling quick-xml v0.41.0
2026-10-03T17:16:38.1596859Z    Compiling aho-corasick v1.1.5
2026-10-03T17:16:38.4335406Z    Compiling spirv v0.4.0+sdk-1.4.341.0
2026-10-03T17:16:40.6120568Z    Compiling float_next_after v1.0.0
2026-10-03T17:16:40.6540589Z    Compiling fixedbitset v0.5.7
2026-10-03T17:16:40.6630380Z    Compiling web-time v1.1.0
2026-10-03T17:16:40.7015955Z    Compiling atomic v0.5.3
2026-10-03T17:16:40.8277143Z    Compiling pollster v0.2.5
2026-10-03T17:16:40.9070562Z    Compiling hex v0.4.3
2026-10-03T17:16:40.9400583Z    Compiling rustc-hash v1.1.0
2026-10-03T17:16:40.9848552Z    Compiling downcast-rs v1.2.1
2026-10-03T17:16:41.0285557Z    Compiling scoped-tls v1.0.1
2026-10-03T17:16:41.0780834Z    Compiling palette_math v0.7.7
2026-10-03T17:16:41.1380829Z    Compiling zbus v5.19.0
2026-10-03T17:16:42.2280480Z    Compiling naga v29.0.4
2026-10-03T17:16:42.7090531Z    Compiling lyon_tessellation v1.0.22
2026-10-03T17:16:43.7120522Z    Compiling regex-automata v0.4.18
2026-10-03T17:16:47.9470499Z    Compiling wayland-scanner v0.31.11
2026-10-03T17:16:49.5030670Z    Compiling phf_macros v0.13.1
2026-10-03T17:16:50.1120533Z    Compiling derive_more-impl v2.1.1
2026-10-03T17:16:52.9790734Z    Compiling av-scenechange v0.14.1
2026-10-03T17:16:53.6877855Z    Compiling av1-grain v0.2.5
2026-10-03T17:16:54.5590629Z    Compiling lyon_algorithms v1.0.21
2026-10-03T17:16:54.7930556Z    Compiling png v0.18.1
2026-10-03T17:16:55.0290653Z    Compiling kurbo v0.13.1
2026-10-03T17:16:56.1640500Z    Compiling read-fonts v0.43.3
2026-10-03T17:16:57.6520629Z    Compiling raw-cpuid v11.6.0
2026-10-03T17:16:59.7138617Z    Compiling snafu-derive v0.8.9
2026-10-03T17:16:59.9420654Z    Compiling strum_macros v0.27.2
2026-10-03T17:17:01.4961126Z    Compiling gpui_ce_derive_refineable v0.2.2 (https://github.com/hoangvu12/gpui-ce?rev=bcf3a0acd047c1873293069d0ed42085a38f699b#bcf3a0ac)
2026-10-03T17:17:01.9411021Z    Compiling byteorder v1.5.0
2026-10-03T17:17:02.0780381Z    Compiling link-section v0.19.3
2026-10-03T17:17:02.1230601Z    Compiling svg_fmt v0.4.5
2026-10-03T17:17:02.2910511Z    Compiling ctor v1.0.13
2026-10-03T17:17:02.2970116Z    Compiling etagere v0.2.15
2026-10-03T17:17:02.3791148Z    Compiling gpui_ce_refineable v0.2.2 (https://github.com/hoangvu12/gpui-ce?rev=bcf3a0acd047c1873293069d0ed42085a38f699b#bcf3a0ac)
2026-10-03T17:17:02.4391242Z    Compiling skrifa v0.46.2
2026-10-03T17:17:02.5310833Z    Compiling hash32 v0.3.1
2026-10-03T17:17:02.6076502Z    Compiling strum v0.27.2
2026-10-03T17:17:02.6663481Z    Compiling snafu v0.8.9
2026-10-03T17:17:02.9060656Z    Compiling pulp v0.22.3
2026-10-03T17:17:06.2850636Z    Compiling phf v0.13.1
2026-10-03T17:17:06.8900452Z    Compiling svgtypes v0.16.1
2026-10-03T17:17:07.0180589Z    Compiling lyon v1.0.19
2026-10-03T17:17:07.0570470Z    Compiling rav1e v0.8.1
2026-10-03T17:17:07.6030101Z    Compiling derive_more v2.1.1
2026-10-03T17:17:07.6780526Z    Compiling wayland-client v0.31.15
2026-10-03T17:17:08.1380431Z    Compiling regex v1.13.1
2026-10-03T17:17:09.8550652Z    Compiling accesskit v0.24.1
2026-10-03T17:17:10.3626392Z    Compiling zbus_xml v5.2.1
2026-10-03T17:17:10.5540364Z    Compiling harfrust v0.12.0
2026-10-03T17:17:13.0440521Z    Compiling spin v0.10.1
2026-10-03T17:17:14.0131098Z    Compiling gpui_ce_macros v0.1.0 (https://github.com/hoangvu12/gpui-ce?rev=bcf3a0acd047c1873293069d0ed42085a38f699b#bcf3a0ac)
2026-10-03T17:17:14.9917525Z    Compiling core_maths v0.1.1
2026-10-03T17:17:15.9422238Z    Compiling num_cpus v1.17.0
2026-10-03T17:17:16.1842194Z    Compiling wgsl-rs-ir v0.1.0 (https://github.com/schell/wgsl-rs?rev=b2de16a1b81e67d76bc265c296184f882864badb#b2de16a1)
2026-10-03T17:17:16.3070302Z    Compiling inventory v0.3.24
2026-10-03T17:17:16.3610571Z    Compiling seahash v4.1.0
2026-10-03T17:17:16.4665741Z    Compiling pollster v0.4.0
2026-10-03T17:17:16.5450780Z    Compiling waker-fn v1.2.0
2026-10-03T17:17:16.5890488Z    Compiling foldhash v0.1.5
2026-10-03T17:17:16.6990666Z    Compiling hashbrown v0.15.5
2026-10-03T17:17:17.0339072Z    Compiling wgsl-rs-macros v0.1.0 (https://github.com/schell/wgsl-rs?rev=b2de16a1b81e67d76bc265c296184f882864badb#b2de16a1)
2026-10-03T17:17:17.4550415Z    Compiling embed-resource v3.0.11
2026-10-03T17:17:17.7480557Z    Compiling usvg v0.48.1
2026-10-03T17:17:21.3780525Z    Compiling ravif v0.13.0
2026-10-03T17:17:21.8817438Z    Compiling zbus-lockstep v0.5.2
2026-10-03T17:17:23.9870916Z    Compiling exr v1.74.2
2026-10-03T17:17:27.0880674Z    Compiling heapless v0.9.3
2026-10-03T17:17:27.7100405Z    Compiling ash v0.38.0+1.3.281
2026-10-03T17:17:28.6160528Z    Compiling tiny-skia v0.12.0
2026-10-03T17:17:29.4878204Z    Compiling wgpu-types v29.0.4
2026-10-03T17:17:30.9920686Z    Compiling schemars v1.2.2
2026-10-03T17:17:32.0090498Z    Compiling flume v0.11.1
2026-10-03T17:17:32.8590311Z    Compiling convert_case v0.11.0
2026-10-03T17:17:33.8800502Z    Compiling strum_macros v0.26.4
2026-10-03T17:17:35.9610522Z    Compiling gpu-descriptor-types v0.2.0
2026-10-03T17:17:36.6320601Z    Compiling wait-timeout v0.2.1
2026-10-03T17:17:36.8710431Z    Compiling glam v0.30.10
2026-10-03T17:17:38.7000440Z    Compiling quick-error v1.2.3
2026-10-03T17:17:38.7510466Z    Compiling bit-vec v0.8.0
2026-10-03T17:17:38.9182592Z    Compiling presser v0.3.1
2026-10-03T17:17:38.9425024Z    Compiling codespan-reporting v0.11.1
2026-10-03T17:17:38.9990474Z    Compiling gpu-allocator v0.28.0
2026-10-03T17:17:39.3360338Z    Compiling bit-set v0.8.0
2026-10-03T17:17:39.4370439Z    Compiling rusty-fork v0.3.1
2026-10-03T17:17:43.1461068Z    Compiling gpu-descriptor v0.3.2
2026-10-03T17:17:43.4400378Z    Compiling gpui_ce_sum_tree v0.2.2 (https://github.com/hoangvu12/gpui-ce?rev=bcf3a0acd047c1873293069d0ed42085a38f699b#bcf3a0ac)
2026-10-03T17:17:43.8586532Z    Compiling strum v0.26.3
2026-10-03T17:17:43.9220977Z    Compiling palette v0.7.7
2026-10-03T17:17:44.5730704Z    Compiling futures-concurrency v7.7.1
2026-10-03T17:17:49.5650511Z    Compiling proptest-macro v0.5.0
2026-10-03T17:17:50.2260990Z    Compiling gpui_ce_scheduler v0.2.2 (https://github.com/hoangvu12/gpui-ce?rev=bcf3a0acd047c1873293069d0ed42085a38f699b#bcf3a0ac)
2026-10-03T17:17:50.5363544Z    Compiling gpui_ce_shared_string v0.1.0 (https://github.com/hoangvu12/gpui-ce?rev=bcf3a0acd047c1873293069d0ed42085a38f699b#bcf3a0ac)
2026-10-03T17:17:50.6290563Z    Compiling wgpu-naga-bridge v29.0.4
2026-10-03T17:17:50.7068419Z    Compiling resvg v0.48.1
2026-10-03T17:17:52.0450601Z    Compiling image v0.25.10
2026-10-03T17:17:54.7690487Z    Compiling zbus-lockstep-macros v0.5.2
2026-10-03T17:17:59.5791533Z    Compiling gpui-ce v0.2.2 (https://github.com/hoangvu12/gpui-ce?rev=bcf3a0acd047c1873293069d0ed42085a38f699b#bcf3a0ac)
2026-10-03T17:17:59.8600770Z    Compiling khronos-egl v6.0.0
2026-10-03T17:18:00.4971588Z    Compiling postage v0.5.0
2026-10-03T17:18:00.8701539Z    Compiling gpui_ce_collections v0.2.2 (https://github.com/hoangvu12/gpui-ce?rev=bcf3a0acd047c1873293069d0ed42085a38f699b#bcf3a0ac)
2026-10-03T17:18:02.5970606Z    Compiling rand_xorshift v0.4.0
2026-10-03T17:18:02.6800606Z    Compiling taffy v0.13.0
2026-10-03T17:18:02.7020731Z    Compiling font-types v0.11.3
2026-10-03T17:18:02.7690532Z    Compiling ordered-float v5.5.0
2026-10-03T17:18:02.8660627Z    Compiling block-padding v0.3.3
2026-10-03T17:18:02.9370541Z    Compiling freetype-sys v0.20.1
2026-10-03T17:18:03.0310842Z    Compiling renderdoc-sys v1.1.0
2026-10-03T17:18:03.0630806Z    Compiling glow v0.17.0
2026-10-03T17:18:03.1077696Z    Compiling unarray v0.1.4
2026-10-03T17:18:03.1590981Z    Compiling read-fonts v0.37.0
2026-10-03T17:18:03.1740300Z    Compiling proptest v1.11.0
2026-10-03T17:18:04.4384405Z    Compiling wgpu-hal v29.0.4
2026-10-03T17:18:07.8730468Z    Compiling inout v0.1.4
2026-10-03T17:18:12.4007821Z    Compiling atspi-common v0.13.0
2026-10-03T17:18:13.4500847Z    Compiling wgsl-rs v0.1.0 (https://github.com/schell/wgsl-rs?rev=b2de16a1b81e67d76bc265c296184f882864badb#b2de16a1)
2026-10-03T17:18:18.8600676Z    Compiling naga v24.0.0
2026-10-03T17:18:19.0510511Z    Compiling wayland-protocols v0.32.13
2026-10-03T17:18:28.4518751Z    Compiling option-ext v0.2.0
2026-10-03T17:18:28.4910544Z    Compiling dirs-sys v0.4.1
2026-10-03T17:18:28.7420684Z    Compiling const-random-macro v0.1.16
2026-10-03T17:18:28.9938314Z    Compiling pathfinder_simd v0.5.6
2026-10-03T17:18:29.3682502Z    Compiling gpui_ce_render v0.1.0 (https://github.com/hoangvu12/gpui-ce?rev=bcf3a0acd047c1873293069d0ed42085a38f699b#bcf3a0ac)
2026-10-03T17:18:29.4210452Z    Compiling cipher v0.4.4
2026-10-03T17:18:29.5957471Z    Compiling wgpu-core-deps-windows-linux-android v29.0.4
2026-10-03T17:18:29.6320281Z    Compiling ttf-parser v0.25.1
2026-10-03T17:18:30.0480517Z    Compiling num-iter v0.1.46
2026-10-03T17:18:30.1080562Z    Compiling hmac v0.12.1
2026-10-03T17:18:30.1830483Z    Compiling yazi v0.2.1
2026-10-03T17:18:30.6570751Z    Compiling zeno v0.3.3
2026-10-03T17:18:31.2500426Z    Compiling zed-font-kit v0.14.1-zed
2026-10-03T17:18:31.2600293Z    Compiling swash v0.2.10
2026-10-03T17:18:32.4850382Z    Compiling fontdb v0.23.0
2026-10-03T17:18:33.0930572Z    Compiling wgpu-core v29.0.4
2026-10-03T17:18:36.1320427Z    Compiling pathfinder_geometry v0.5.1
2026-10-03T17:18:36.3200220Z    Compiling const-random v0.1.18
2026-10-03T17:18:36.3560340Z    Compiling dirs v5.0.1
2026-10-03T17:18:36.4191014Z    Compiling atspi-proxies v0.13.0
2026-10-03T17:18:38.6245824Z    Compiling skrifa v0.40.0
2026-10-03T17:18:43.5100864Z    Compiling harfrust v0.5.2
2026-10-03T17:18:46.4840390Z    Compiling yeslogic-fontconfig-sys v6.0.1
2026-10-03T17:18:47.1361210Z    Compiling accesskit_consumer v0.38.0
2026-10-03T17:18:48.3369867Z    Compiling async-fs v2.2.0
2026-10-03T17:18:49.0580369Z    Compiling is-docker v0.2.0
2026-10-03T17:18:49.2480280Z    Compiling sys-locale v0.3.2
2026-10-03T17:18:49.3390448Z    Compiling linebender_resource_handle v0.1.1
2026-10-03T17:18:49.3920521Z    Compiling lazy_static v1.5.0
2026-10-03T17:18:49.4016983Z    Compiling self_cell v1.3.0
2026-10-03T17:18:49.4620275Z    Compiling rangemap v1.8.0
2026-10-03T17:18:49.4680090Z    Compiling float-ord v0.3.2
2026-10-03T17:18:49.5520501Z    Compiling unicode-linebreak v0.1.5
2026-10-03T17:18:49.8870419Z    Compiling cosmic-text v0.19.0
2026-10-03T17:18:50.8870284Z    Compiling is-wsl v0.4.0
2026-10-03T17:18:51.0390288Z    Compiling accesskit_atspi_common v0.19.1
2026-10-03T17:18:53.2060331Z    Compiling wgpu v29.0.4
2026-10-03T17:18:54.8654806Z    Compiling atspi v0.29.0
2026-10-03T17:18:54.9600342Z    Compiling ahash v0.8.12
2026-10-03T17:18:55.2663528Z    Compiling xim-parser v0.2.2
2026-10-03T17:18:56.5230545Z    Compiling num-bigint-dig v0.9.1
2026-10-03T17:18:57.8131008Z    Compiling pbkdf2 v0.12.2
2026-10-03T17:18:57.8664325Z    Compiling hkdf v0.12.4
2026-10-03T17:18:57.9390564Z    Compiling num v0.4.3
2026-10-03T17:18:57.9860772Z    Compiling cbc v0.1.2
2026-10-03T17:18:58.0371176Z    Compiling aes v0.8.4
2026-10-03T17:18:58.0702289Z    Compiling ashpd v0.13.13
2026-10-03T17:18:58.5900871Z    Compiling async-net v2.0.0
2026-10-03T17:18:59.1814253Z    Compiling calloop v0.14.4
2026-10-03T17:18:59.9550694Z    Compiling xim-ctext v0.3.0
2026-10-03T17:19:00.0430488Z    Compiling md-5 v0.10.6
2026-10-03T17:19:00.1340704Z    Compiling hashbrown v0.14.5
2026-10-03T17:19:00.6708245Z    Compiling xkeysym v0.2.1
2026-10-03T17:19:01.4450847Z    Compiling xkbcommon v0.8.0
2026-10-03T17:19:01.7181018Z    Compiling zed-xim v0.4.0-zed
2026-10-03T17:19:01.7350321Z    Compiling oo7 v0.6.0
2026-10-03T17:19:01.9231019Z    Compiling calloop-wayland-source v0.4.1
2026-10-03T17:19:01.9318611Z    Compiling smol v2.0.2
2026-10-03T17:19:01.9956009Z    Compiling gpui_ce_wgpu v0.1.0 (https://github.com/hoangvu12/gpui-ce?rev=bcf3a0acd047c1873293069d0ed42085a38f699b#bcf3a0ac)
2026-10-03T17:19:02.2170782Z    Compiling accesskit_unix v0.22.1
2026-10-03T17:19:05.2100356Z    Compiling open v5.4.4
2026-10-03T17:19:05.2420626Z    Compiling wayland-protocols-plasma v0.3.12
2026-10-03T17:19:05.4040647Z    Compiling wayland-protocols-wlr v0.3.12
2026-10-03T17:19:07.0559559Z    Compiling wayland-cursor v0.31.14
2026-10-03T17:19:07.2910372Z    Compiling notify-rust v4.18.1
2026-10-03T17:19:08.9732516Z    Compiling filedescriptor v0.8.3
2026-10-03T17:19:09.1187928Z    Compiling x11-clipboard v0.9.3
2026-10-03T17:19:09.1741279Z    Compiling gpui_ce_elements v0.1.0 (https://github.com/hoangvu12/gpui-ce?rev=bcf3a0acd047c1873293069d0ed42085a38f699b#bcf3a0ac)
2026-10-03T17:19:09.5307904Z    Compiling gpui_ce_linux v0.1.0 (https://github.com/hoangvu12/gpui-ce?rev=bcf3a0acd047c1873293069d0ed42085a38f699b#bcf3a0ac)
2026-10-03T17:19:14.7200221Z    Compiling gpui_ce_platform v0.1.0 (https://github.com/hoangvu12/gpui-ce?rev=bcf3a0acd047c1873293069d0ed42085a38f699b#bcf3a0ac)
2026-10-03T17:19:15.8450608Z    Compiling pane v0.1.0 (/home/runner/work/pane/pane/crates/pane)
2026-10-03T17:21:32.8089830Z    Compiling xtask v0.1.0 (/home/runner/work/pane/pane/xtask)
2026-10-03T17:21:33.6740622Z    Compiling pane-target v0.1.0 (/home/runner/work/pane/pane/crates/pane-target)
2026-10-03T17:21:57.5980731Z     Finished `test` profile [unoptimized + debuginfo] target(s) in 8m 40s
2026-10-03T17:22:00.9699898Z ────────────
2026-10-03T17:22:00.9709737Z  Nextest run ID 8ec6ff7f-ba7f-45fb-9e5e-cab6a9f73b1d with nextest profile: default
2026-10-03T17:22:00.9719546Z     Starting 1272 tests across 62 binaries
2026-10-03T17:22:00.9941001Z         PASS [   0.009s] (   1/1272) pane settings::tests::overrides_parse_the_environment_values
2026-10-03T17:22:01.0317052Z         PASS [   0.039s] (   2/1272) pane settings::tests::a_system_appearance_change_re_resolves_a_following_theme
2026-10-03T17:22:01.0327367Z         PASS [   0.039s] (   3/1272) pane settings::tests::an_unreadable_record_refuses_choices_and_is_not_replaced
2026-10-03T17:22:02.4263984Z         PASS [   1.384s] (   4/1272) pane::hotkeys a_command_hotkey_cannot_take_the_open_pane_keys
2026-10-03T17:22:03.2403187Z         PASS [   2.217s] (   5/1272) pane::aliases an_alias_and_a_fallback_set_in_the_window_send_the_typed_text_to_the_command
2026-10-03T17:22:04.3145483Z         PASS [   3.327s] (   6/1272) pane::command_search the_commands_own_search_field_lists_the_service_results
2026-10-03T17:22:04.4629739Z         PASS [   2.040s] (   7/1272) pane::hotkeys pressing_keys_on_the_hotkey_screen_assigns_them_and_the_hotkey_opens_the_command
2026-10-03T17:22:05.4339739Z         PASS [   2.246s] (   8/1272) pane::install a_chosen_package_is_previewed_installed_and_run
2026-10-03T17:22:06.1945077Z         PASS [   1.884s] (   9/1272) pane::install a_package_that_keeps_crashing_is_paused_and_retried
2026-10-03T17:22:06.5538050Z         PASS [   2.095s] (  10/1272) pane::install a_reload_that_fails_to_start_offers_retry
2026-10-03T17:22:07.3501471Z         PASS [   1.158s] (  11/1272) pane::install an_installed_package_cache_is_cleared_after_confirming
2026-10-03T17:22:08.2355625Z         PASS [   1.675s] (  12/1272) pane::install an_installed_package_is_disabled_and_enabled_from_the_extension_list
2026-10-03T17:22:09.9539482Z         PASS [   8.916s] (  13/1272) pane::develop the_window_shows_a_failed_build_and_the_reload_after_a_fix
2026-10-03T17:22:10.2230310Z         PASS [   0.275s] (  14/1272) pane::install an_unsupported_folder_is_explained_and_escape_returns_to_root
2026-10-03T17:22:10.2313585Z         PASS [   1.997s] (  15/1272) pane::install an_installed_package_is_uninstalled_after_choosing_what_to_keep
2026-10-03T17:22:10.3703290Z         PASS [   0.144s] (  16/1272) pane::install cancelling_the_folder_picker_stays_on_root
2026-10-03T17:22:11.4575182Z         PASS [   1.227s] (  17/1272) pane::install retained_data_is_deleted_from_the_extension_list_after_confirming
2026-10-03T17:22:11.6028780Z         PASS [   1.235s] (  18/1272) pane::install uninstalling_a_required_dependency_shows_its_dependent_and_the_choices_in_the_window
2026-10-03T17:22:11.6258109Z         PASS [   6.194s] (  19/1272) pane::install a_short_confirmation_after_a_scrolled_extension_list_shows_its_first_choice
2026-10-03T17:22:12.7441654Z         PASS [   1.115s] (  20/1272) pane::launcher_settings a_jump_from_the_settings_search_focuses_the_select
2026-10-03T17:22:12.9447272Z         PASS [   0.201s] (  21/1272) pane::launcher_settings a_move_that_fails_is_said_not_hidden
2026-10-03T17:22:13.0829958Z         PASS [   1.626s] (  22/1272) pane::launcher_settings a_commands_hotkey_still_opens_its_command_with_the_root_preference
2026-10-03T17:22:13.2535998Z   TRY 1 FAIL [   1.644s] (─────────) pane::launcher_settings a_disconnected_or_unanswered_choice_falls_back_and_says_so
2026-10-03T17:22:13.2624609Z   stdout ───
2026-10-03T17:22:13.2627969Z 
2026-10-03T17:22:13.2694247Z     running 1 test
2026-10-03T17:22:13.2754524Z     test a_disconnected_or_unanswered_choice_falls_back_and_says_so ... FAILED
2026-10-03T17:22:13.2762413Z 
2026-10-03T17:22:13.2797179Z     failures:
2026-10-03T17:22:13.2828427Z 
2026-10-03T17:22:13.2887062Z     failures:
2026-10-03T17:22:13.2902347Z         a_disconnected_or_unanswered_choice_falls_back_and_says_so
2026-10-03T17:22:13.2911775Z 
2026-10-03T17:22:13.2933706Z     test result: FAILED. 0 passed; 1 failed; 0 ignored; 0 measured; 21 filtered out; finished in 1.62s
2026-10-03T17:22:13.2959646Z 
2026-10-03T17:22:13.2992032Z   stderr ───
2026-10-03T17:22:13.2995892Z 
2026-10-03T17:22:13.3029807Z     thread 'a_disconnected_or_unanswered_choice_falls_back_and_says_so' (16692) panicked at crates/pane/tests/launcher_settings.rs:484:5:
2026-10-03T17:22:13.3036737Z     the choice is explained, {
2026-10-03T17:22:13.3081793Z       "root": "n",
2026-10-03T17:22:13.3085600Z       "gpui_focus": "h",
2026-10-03T17:22:13.3110039Z       "active_descendant_focus": "c",
2026-10-03T17:22:13.3170004Z       "frame": {
2026-10-03T17:22:13.3178471Z         "rendered_at": "2026-10-03T17:22:13.226+00:00",
2026-10-03T17:22:13.3190213Z         "frame_number": 1,
2026-10-03T17:22:13.3194574Z         "window_title": "Settings",
2026-10-03T17:22:13.3199825Z         "node_count": 14,
2026-10-03T17:22:13.3200407Z         "tab_stop_count": 3,
2026-10-03T17:22:13.3202934Z         "viewport_size": {
2026-10-03T17:22:13.3206129Z           "width": 740.0,
2026-10-03T17:22:13.3209099Z           "height": 530.0
2026-10-03T17:22:13.3228406Z         },
2026-10-03T17:22:13.3273516Z         "scale_factor": 2.0
2026-10-03T17:22:13.3295987Z       },
2026-10-03T17:22:13.3305543Z       "nodes": {
2026-10-03T17:22:13.3319719Z         "a": {
2026-10-03T17:22:13.3327084Z           "accesskit_id": "15771091246681327687",
2026-10-03T17:22:13.3361422Z           "element_id": "Name(\"settings-search-field\")",
2026-10-03T17:22:13.3374325Z           "view": "pane::features::settings::SettingsWindow",
2026-10-03T17:22:13.3397891Z           "source_location": "crates/pane/src/features/settings/search.rs:458:5",
2026-10-03T17:22:13.3435250Z           "aria": {
2026-10-03T17:22:13.3461282Z             "role": "EditableComboBox",
2026-10-03T17:22:13.3471100Z             "on_action": [
2026-10-03T17:22:13.3482589Z               "Focus"
2026-10-03T17:22:13.3494664Z             ],
2026-10-03T17:22:13.3528704Z             "label": "Search settings",
2026-10-03T17:22:13.3574314Z             "value": "",
2026-10-03T17:22:13.3589525Z             "placeholder": "Search settings"
2026-10-03T17:22:13.3604530Z           }
2026-10-03T17:22:13.3617633Z         },
2026-10-03T17:22:13.3659564Z         "b": {
2026-10-03T17:22:13.3677077Z           "accesskit_id": "4866087091850061502",
2026-10-03T17:22:13.3690564Z           "element_id": "NamedInteger(\"section\", 0)",
2026-10-03T17:22:13.3724460Z           "view": "pane::features::settings::SettingsWindow",
2026-10-03T17:22:13.3751165Z           "source_location": "crates/pane/src/ui/result_row.rs:60:15",
2026-10-03T17:22:13.3789742Z           "aria": {
2026-10-03T17:22:13.3808414Z             "role": "ListBoxOption",
2026-10-03T17:22:13.3821914Z             "on_action": [
2026-10-03T17:22:13.3849730Z               "Click"
2026-10-03T17:22:13.3862725Z             ],
2026-10-03T17:22:13.3882772Z             "label": "General",
2026-10-03T17:22:13.3908415Z             "selected": false
2026-10-03T17:22:13.3952218Z           }
2026-10-03T17:22:13.3972668Z         },
2026-10-03T17:22:13.4003774Z         "c": {
2026-10-03T17:22:13.4017865Z           "accesskit_id": "6982455575952473194",
2026-10-03T17:22:13.4033181Z           "element_id": "NamedInteger(\"section\", 1)",
2026-10-03T17:22:13.4047571Z           "view": "pane::features::settings::SettingsWindow",
2026-10-03T17:22:13.4061513Z           "source_location": "crates/pane/src/ui/result_row.rs:60:15",
2026-10-03T17:22:13.4068270Z           "aria": {
2026-10-03T17:22:13.4074707Z             "role": "ListBoxOption",
2026-10-03T17:22:13.4098157Z             "on_action": [
2026-10-03T17:22:13.4129983Z               "Click"
2026-10-03T17:22:13.4137565Z             ],
2026-10-03T17:22:13.4140424Z             "label": "Launcher",
2026-10-03T17:22:13.4159760Z             "selected": true
2026-10-03T17:22:13.4167251Z           }
2026-10-03T17:22:13.4173744Z         },
2026-10-03T17:22:13.4178774Z         "d": {
2026-10-03T17:22:13.4182902Z           "accesskit_id": "13273673249935482759",
2026-10-03T17:22:13.4185903Z           "element_id": "NamedInteger(\"section\", 2)",
2026-10-03T17:22:13.4189670Z           "view": "pane::features::settings::SettingsWindow",
2026-10-03T17:22:13.4196060Z           "source_location": "crates/pane/src/ui/result_row.rs:60:15",
2026-10-03T17:22:13.4204778Z           "aria": {
2026-10-03T17:22:13.4230009Z             "role": "ListBoxOption",
2026-10-03T17:22:13.4266575Z             "on_action": [
2026-10-03T17:22:13.4281073Z               "Click"
2026-10-03T17:22:13.4302534Z             ],
2026-10-03T17:22:13.4316202Z             "label": "Appearance",
2026-10-03T17:22:13.4330323Z             "selected": false
2026-10-03T17:22:13.4351503Z           }
2026-10-03T17:22:13.4365023Z         },
2026-10-03T17:22:13.4390781Z         "e": {
2026-10-03T17:22:13.4437970Z           "accesskit_id": "3189701941956757618",
2026-10-03T17:22:13.4449170Z           "element_id": "NamedInteger(\"section\", 3)",
2026-10-03T17:22:13.4468336Z           "view": "pane::features::settings::SettingsWindow",
2026-10-03T17:22:13.4482378Z           "source_location": "crates/pane/src/ui/result_row.rs:60:15",
2026-10-03T17:22:13.4502344Z           "aria": {
2026-10-03T17:22:13.4517394Z             "role": "ListBoxOption",
2026-10-03T17:22:13.4529768Z             "on_action": [
2026-10-03T17:22:13.4534069Z               "Click"
2026-10-03T17:22:13.4537726Z             ],
2026-10-03T17:22:13.4544799Z             "label": "Shortcuts",
2026-10-03T17:22:13.4548423Z             "selected": false
2026-10-03T17:22:13.4555987Z           }
2026-10-03T17:22:13.4569984Z         },
2026-10-03T17:22:13.4580055Z         "f": {
2026-10-03T17:22:13.4604375Z           "accesskit_id": "15225389039130098424",
2026-10-03T17:22:13.4609603Z           "element_id": "NamedInteger(\"section\", 4)",
2026-10-03T17:22:13.4617778Z           "view": "pane::features::settings::SettingsWindow",
2026-10-03T17:22:13.4625113Z           "source_location": "crates/pane/src/ui/result_row.rs:60:15",
2026-10-03T17:22:13.4629724Z           "aria": {
2026-10-03T17:22:13.4650333Z             "role": "ListBoxOption",
2026-10-03T17:22:13.4653990Z             "on_action": [
2026-10-03T17:22:13.4679837Z               "Click"
2026-10-03T17:22:13.4690999Z             ],
2026-10-03T17:22:13.4705268Z             "label": "Extensions",
2026-10-03T17:22:13.4721503Z             "selected": false
2026-10-03T17:22:13.4738867Z           }
2026-10-03T17:22:13.4753725Z         },
2026-10-03T17:22:13.4775769Z         "g": {
2026-10-03T17:22:13.4804639Z           "accesskit_id": "17534740954133582944",
2026-10-03T17:22:13.4814851Z           "element_id": "NamedInteger(\"section\", 5)",
2026-10-03T17:22:13.4825510Z           "view": "pane::features::settings::SettingsWindow",
2026-10-03T17:22:13.4837356Z           "source_location": "crates/pane/src/ui/result_row.rs:60:15",
2026-10-03T17:22:13.4852724Z           "aria": {
2026-10-03T17:22:13.4886174Z             "role": "ListBoxOption",
2026-10-03T17:22:13.4898644Z             "on_action": [
2026-10-03T17:22:13.4906567Z               "Click"
2026-10-03T17:22:13.4917425Z             ],
2026-10-03T17:22:13.4928944Z             "label": "About",
2026-10-03T17:22:13.4973185Z             "selected": false
2026-10-03T17:22:13.4989730Z           }
2026-10-03T17:22:13.4999186Z         },
2026-10-03T17:22:13.5043172Z         "h": {
2026-10-03T17:22:13.5049963Z           "accesskit_id": "5240332096231811110",
2026-10-03T17:22:13.5057281Z           "children": [
2026-10-03T17:22:13.5069853Z             "b",
2026-10-03T17:22:13.5087704Z             "c",
2026-10-03T17:22:13.5131485Z             "d",
2026-10-03T17:22:13.5173397Z             "e",
2026-10-03T17:22:13.5185726Z             "f",
2026-10-03T17:22:13.5199079Z             "g"
2026-10-03T17:22:13.5239728Z           ],
2026-10-03T17:22:13.5252296Z           "element_id": "Name(\"sections\")",
2026-10-03T17:22:13.5269740Z           "view": "pane::features::settings::SettingsWindow",
2026-10-03T17:22:13.5290280Z           "source_location": "crates/pane/src/features/settings/mod.rs:314:17",
2026-10-03T17:22:13.5307401Z           "aria": {
2026-10-03T17:22:13.5325164Z             "role": "ListBox",
2026-10-03T17:22:13.5365437Z             "on_action": [
2026-10-03T17:22:13.5381708Z               "Focus"
2026-10-03T17:22:13.5397385Z             ],
2026-10-03T17:22:13.5416090Z             "label": "Settings sections"
2026-10-03T17:22:13.5453648Z           }
2026-10-03T17:22:13.5463508Z         },
2026-10-03T17:22:13.5471711Z         "i": {
2026-10-03T17:22:13.5481103Z           "accesskit_id": "6552787065447303630",
2026-10-03T17:22:13.5539739Z           "element_id": "Name(\"trigger\")",
2026-10-03T17:22:13.5561537Z           "source_location": "crates/pane/src/ui/select.rs:605:19",
2026-10-03T17:22:13.5576212Z           "aria": {
2026-10-03T17:22:13.5591499Z             "role": "ComboBox",
2026-10-03T17:22:13.5607396Z             "on_action": [
2026-10-03T17:22:13.5665270Z               "Click",
2026-10-03T17:22:13.5680260Z               "Focus"
2026-10-03T17:22:13.5694022Z             ],
2026-10-03T17:22:13.5707750Z             "label": "Display",
2026-10-03T17:22:13.5744098Z             "description": "The display the launcher opens on",
2026-10-03T17:22:13.5785505Z             "value": "Active window's display",
2026-10-03T17:22:13.5791046Z             "expanded": false
2026-10-03T17:22:13.5802965Z           }
2026-10-03T17:22:13.5845862Z         },
2026-10-03T17:22:13.5857570Z         "j": {
2026-10-03T17:22:13.5867604Z           "accesskit_id": "5442691450652888154",
2026-10-03T17:22:13.5876743Z           "element_id": "Name(\"launcher-fallback\")",
2026-10-03T17:22:13.5885997Z           "view": "pane::features::settings::SettingsWindow",
2026-10-03T17:22:13.5909746Z           "source_location": "crates/pane/src/features/settings/launcher.rs:546:5",
2026-10-03T17:22:13.5959719Z           "aria": {
2026-10-03T17:22:13.5991577Z             "role": "Status",
2026-10-03T17:22:13.6031497Z             "label": "Pane cannot open on the display of the window you are working in: it is not connected, or this system does not tell Pane where it is. The launcher opens on the primary display instead."
2026-10-03T17:22:13.6054017Z           }
2026-10-03T17:22:13.6066199Z         },
2026-10-03T17:22:13.6073154Z         "k": {
2026-10-03T17:22:13.6081287Z           "accesskit_id": "1748417423946330287",
2026-10-03T17:22:13.6099713Z           "element_id": "Name(\"Restore the current view\")",
2026-10-03T17:22:13.6141199Z           "view": "pane::features::settings::SettingsWindow",
2026-10-03T17:22:13.6152444Z           "source_location": "crates/pane/src/features/settings/launcher.rs:477:15",
2026-10-03T17:22:13.6171562Z           "aria": {
2026-10-03T17:22:13.6184179Z             "role": "RadioButton",
2026-10-03T17:22:13.6213453Z             "on_action": [
2026-10-03T17:22:13.6255556Z               "Click"
2026-10-03T17:22:13.6291529Z             ],
2026-10-03T17:22:13.6339754Z             "label": "Restore the current view",
2026-10-03T17:22:13.6384603Z             "description": "Show what the launcher was left on, when it is still valid; the provisional default",
2026-10-03T17:22:13.6396973Z             "toggled": "False"
2026-10-03T17:22:13.6427843Z           }
2026-10-03T17:22:13.6449934Z         },
2026-10-03T17:22:13.6477586Z         "l": {
2026-10-03T17:22:13.6480988Z           "accesskit_id": "10814223515421245247",
2026-10-03T17:22:13.6484558Z           "element_id": "Name(\"Start at root search\")",
2026-10-03T17:22:13.6972872Z           "view": "pane::features::settings::SettingsWindow",
2026-10-03T17:22:13.6974020Z           "source_location": "crates/pane/src/features/settings/launcher.rs:477:15",
2026-10-03T17:22:13.6974704Z           "aria": {
2026-10-03T17:22:13.6975096Z             "role": "RadioButton",
2026-10-03T17:22:13.6975648Z             "on_action": [
2026-10-03T17:22:13.6976094Z               "Click"
2026-10-03T17:22:13.6976459Z             ],
2026-10-03T17:22:13.6976850Z             "label": "Start at root search",
2026-10-03T17:22:13.6977578Z             "description": "Begin from root search with an empty query, whatever was left",
2026-10-03T17:22:13.6978314Z             "toggled": "True"
2026-10-03T17:22:13.6978717Z           }
2026-10-03T17:22:13.6979057Z         },
2026-10-03T17:22:13.6979625Z         "m": {
2026-10-03T17:22:13.6980026Z           "accesskit_id": "6091025114247384428",
2026-10-03T17:22:13.6980589Z           "element_id": "Name(\"launcher-dismissal\")",
2026-10-03T17:22:13.6981252Z           "view": "pane::features::settings::SettingsWindow",
2026-10-03T17:22:13.6982049Z           "source_location": "crates/pane/src/features/settings/launcher.rs:546:5",
2026-10-03T17:22:13.6982732Z           "aria": {
2026-10-03T17:22:13.6983113Z             "role": "Status",
2026-10-03T17:22:13.6985503Z             "label": "Escape still backs out of what is open — a composition, a menu, an open screen — before it clears the query, and only then hides the launcher. Hiding never quits Pane: the Settings window stays open, and the next opening of the launcher reuses the same live window."
2026-10-03T17:22:13.6990386Z           }
2026-10-03T17:22:13.6990758Z         },
2026-10-03T17:22:13.6991496Z         "n": {
2026-10-03T17:22:13.6991915Z           "accesskit_id": "0",
2026-10-03T17:22:13.6992363Z           "children": [
2026-10-03T17:22:13.6992743Z             "a",
2026-10-03T17:22:13.6993091Z             "h",
2026-10-03T17:22:13.6993437Z             "i",
2026-10-03T17:22:13.6994236Z             "j",
2026-10-03T17:22:13.6994599Z             "k",
2026-10-03T17:22:13.6994939Z             "l",
2026-10-03T17:22:13.6995286Z             "m"
2026-10-03T17:22:13.6996054Z           ],
2026-10-03T17:22:13.6996415Z           "aria": {
2026-10-03T17:22:13.6996782Z             "role": "Window",
2026-10-03T17:22:13.6997204Z             "label": "Settings"
2026-10-03T17:22:13.6999068Z           }
2026-10-03T17:22:13.6999615Z         }
2026-10-03T17:22:13.6999951Z       }
2026-10-03T17:22:13.7010005Z     }
2026-10-03T17:22:13.7010606Z     note: run with `RUST_BACKTRACE=1` environment variable to display a backtrace
2026-10-03T17:22:13.7011190Z 
2026-10-03T17:22:13.7011889Z         PASS [   0.496s] (  23/1272) pane::launcher_settings a_platform_that_cannot_choose_the_display_explains_and_offers_nothing
2026-10-03T17:22:14.3312002Z   TRY 2 FAIL [   1.079s] (─────────) pane::launcher_settings a_disconnected_or_unanswered_choice_falls_back_and_says_so
2026-10-03T17:22:14.3370419Z   stdout ───
2026-10-03T17:22:14.3379073Z 
2026-10-03T17:22:14.3408948Z     running 1 test
2026-10-03T17:22:14.3430329Z     test a_disconnected_or_unanswered_choice_falls_back_and_says_so ... FAILED
2026-10-03T17:22:14.3431148Z 
2026-10-03T17:22:14.3431596Z     failures:
2026-10-03T17:22:14.3431977Z 
2026-10-03T17:22:14.3432343Z     failures:
2026-10-03T17:22:14.3433084Z         a_disconnected_or_unanswered_choice_falls_back_and_says_so
2026-10-03T17:22:14.3433806Z 
2026-10-03T17:22:14.3434447Z     test result: FAILED. 0 passed; 1 failed; 0 ignored; 0 measured; 21 filtered out; finished in 1.05s
2026-10-03T17:22:14.3435267Z 
2026-10-03T17:22:14.3435719Z   stderr ───
2026-10-03T17:22:14.3436424Z 
2026-10-03T17:22:14.3437316Z     thread 'a_disconnected_or_unanswered_choice_falls_back_and_says_so' (16738) panicked at crates/pane/tests/launcher_settings.rs:484:5:
2026-10-03T17:22:14.3438528Z     the choice is explained, {
2026-10-03T17:22:14.3439128Z       "root": "n",
2026-10-03T17:22:14.3439891Z       "gpui_focus": "h",
2026-10-03T17:22:14.3440499Z       "active_descendant_focus": "c",
2026-10-03T17:22:14.3441319Z       "frame": {
2026-10-03T17:22:14.3442226Z         "rendered_at": "2026-10-03T17:22:14.315+00:00",
2026-10-03T17:22:14.3443124Z         "frame_number": 1,
2026-10-03T17:22:14.3443793Z         "window_title": "Settings",
2026-10-03T17:22:14.3444368Z         "node_count": 14,
2026-10-03T17:22:14.3444908Z         "tab_stop_count": 3,
2026-10-03T17:22:14.3445465Z         "viewport_size": {
2026-10-03T17:22:14.3445984Z           "width": 740.0,
2026-10-03T17:22:14.3446489Z           "height": 530.0
2026-10-03T17:22:14.3446999Z         },
2026-10-03T17:22:14.3447466Z         "scale_factor": 2.0
2026-10-03T17:22:14.3447987Z       },
2026-10-03T17:22:14.3448442Z       "nodes": {
2026-10-03T17:22:14.3448906Z         "a": {
2026-10-03T17:22:14.3449586Z           "accesskit_id": "15771091246681327687",
2026-10-03T17:22:14.3450305Z           "element_id": "Name(\"settings-search-field\")",
2026-10-03T17:22:14.3451094Z           "view": "pane::features::settings::SettingsWindow",
2026-10-03T17:22:14.3451959Z           "source_location": "crates/pane/src/features/settings/search.rs:458:5",
2026-10-03T17:22:14.3452766Z           "aria": {
2026-10-03T17:22:14.3453272Z             "role": "EditableComboBox",
2026-10-03T17:22:14.3453865Z             "on_action": [
2026-10-03T17:22:14.3454378Z               "Focus"
2026-10-03T17:22:14.3454873Z             ],
2026-10-03T17:22:14.3455367Z             "label": "Search settings",
2026-10-03T17:22:14.3455940Z             "value": "",
2026-10-03T17:22:14.3456481Z             "placeholder": "Search settings"
2026-10-03T17:22:14.3457067Z           }
2026-10-03T17:22:14.3457523Z         },
2026-10-03T17:22:14.3457970Z         "b": {
2026-10-03T17:22:14.3458470Z           "accesskit_id": "4866087091850061502",
2026-10-03T17:22:14.3459134Z           "element_id": "NamedInteger(\"section\", 0)",
2026-10-03T17:22:14.3460123Z           "view": "pane::features::settings::SettingsWindow",
2026-10-03T17:22:14.3461004Z           "source_location": "crates/pane/src/ui/result_row.rs:60:15",
2026-10-03T17:22:14.3461721Z           "aria": {
2026-10-03T17:22:14.3462297Z             "role": "ListBoxOption",
2026-10-03T17:22:14.3462899Z             "on_action": [
2026-10-03T17:22:14.3463417Z               "Click"
2026-10-03T17:22:14.3463944Z             ],
2026-10-03T17:22:14.3464437Z             "label": "General",
2026-10-03T17:22:14.3465271Z             "selected": false
2026-10-03T17:22:14.3465808Z           }
2026-10-03T17:22:14.3466264Z         },
2026-10-03T17:22:14.3466740Z         "c": {
2026-10-03T17:22:14.3467249Z           "accesskit_id": "6982455575952473194",
2026-10-03T17:22:14.3467926Z           "element_id": "NamedInteger(\"section\", 1)",
2026-10-03T17:22:14.3468663Z           "view": "pane::features::settings::SettingsWindow",
2026-10-03T17:22:14.3469723Z           "source_location": "crates/pane/src/ui/result_row.rs:60:15",
2026-10-03T17:22:14.3470455Z           "aria": {
2026-10-03T17:22:14.3470976Z             "role": "ListBoxOption",
2026-10-03T17:22:14.3471568Z             "on_action": [
2026-10-03T17:22:14.3472164Z               "Click"
2026-10-03T17:22:14.3472755Z             ],
2026-10-03T17:22:14.3473305Z             "label": "Launcher",
2026-10-03T17:22:14.3473864Z             "selected": true
2026-10-03T17:22:14.3474380Z           }
2026-10-03T17:22:14.3474823Z         },
2026-10-03T17:22:14.3475282Z         "d": {
2026-10-03T17:22:14.3475777Z           "accesskit_id": "13273673249935482759",
2026-10-03T17:22:14.3476460Z           "element_id": "NamedInteger(\"section\", 2)",
2026-10-03T17:22:14.3477388Z           "view": "pane::features::settings::SettingsWindow",
2026-10-03T17:22:14.3478228Z           "source_location": "crates/pane/src/ui/result_row.rs:60:15",
2026-10-03T17:22:14.3479019Z           "aria": {
2026-10-03T17:22:14.3480710Z             "role": "ListBoxOption",
2026-10-03T17:22:14.3481350Z             "on_action": [
2026-10-03T17:22:14.3481875Z               "Click"
2026-10-03T17:22:14.3482485Z             ],
2026-10-03T17:22:14.3482991Z             "label": "Appearance",
2026-10-03T17:22:14.3483584Z             "selected": false
2026-10-03T17:22:14.3484097Z           }
2026-10-03T17:22:14.3484577Z         },
2026-10-03T17:22:14.3485042Z         "e": {
2026-10-03T17:22:14.3485540Z           "accesskit_id": "3189701941956757618",
2026-10-03T17:22:14.3486227Z           "element_id": "NamedInteger(\"section\", 3)",
2026-10-03T17:22:14.3486993Z           "view": "pane::features::settings::SettingsWindow",
2026-10-03T17:22:14.3487802Z           "source_location": "crates/pane/src/ui/result_row.rs:60:15",
2026-10-03T17:22:14.3488507Z           "aria": {
2026-10-03T17:22:14.3489296Z             "role": "ListBoxOption",
2026-10-03T17:22:14.3490119Z             "on_action": [
2026-10-03T17:22:14.3490907Z               "Click"
2026-10-03T17:22:14.3491520Z             ],
2026-10-03T17:22:14.3492288Z             "label": "Shortcuts",
2026-10-03T17:22:14.3493106Z             "selected": false
2026-10-03T17:22:14.3493761Z           }
2026-10-03T17:22:14.3494252Z         },
2026-10-03T17:22:14.3494924Z         "f": {
2026-10-03T17:22:14.3495479Z           "accesskit_id": "15225389039130098424",
2026-10-03T17:22:14.3496383Z           "element_id": "NamedInteger(\"section\", 4)",
2026-10-03T17:22:14.3497343Z           "view": "pane::features::settings::SettingsWindow",
2026-10-03T17:22:14.3498420Z           "source_location": "crates/pane/src/ui/result_row.rs:60:15",
2026-10-03T17:22:14.3499138Z           "aria": {
2026-10-03T17:22:14.3500107Z             "role": "ListBoxOption",
2026-10-03T17:22:14.3500912Z             "on_action": [
2026-10-03T17:22:14.3501522Z               "Click"
2026-10-03T17:22:14.3502268Z             ],
2026-10-03T17:22:14.3503065Z             "label": "Extensions",
2026-10-03T17:22:14.3503675Z             "selected": false
2026-10-03T17:22:14.3504586Z           }
2026-10-03T17:22:14.3505168Z         },
2026-10-03T17:22:14.3505870Z         "g": {
2026-10-03T17:22:14.3506395Z           "accesskit_id": "17534740954133582944",
2026-10-03T17:22:14.3507314Z           "element_id": "NamedInteger(\"section\", 5)",
2026-10-03T17:22:14.3508448Z           "view": "pane::features::settings::SettingsWindow",
2026-10-03T17:22:14.3509647Z           "source_location": "crates/pane/src/ui/result_row.rs:60:15",
2026-10-03T17:22:14.3510842Z           "aria": {
2026-10-03T17:22:14.3511601Z             "role": "ListBoxOption",
2026-10-03T17:22:14.3512954Z             "on_action": [
2026-10-03T17:22:14.3514056Z               "Click"
2026-10-03T17:22:14.3514685Z             ],
2026-10-03T17:22:14.3515613Z             "label": "About",
2026-10-03T17:22:14.3516561Z             "selected": false
2026-10-03T17:22:14.3517142Z           }
2026-10-03T17:22:14.3517871Z         },
2026-10-03T17:22:14.3518358Z         "h": {
2026-10-03T17:22:14.3519099Z           "accesskit_id": "5240332096231811110",
2026-10-03T17:22:14.3520139Z           "children": [
2026-10-03T17:22:14.3520751Z             "b",
2026-10-03T17:22:14.3521766Z             "c",
2026-10-03T17:22:14.3522468Z             "d",
2026-10-03T17:22:14.3523091Z             "e",
2026-10-03T17:22:14.3523615Z             "f",
2026-10-03T17:22:14.3524432Z             "g"
2026-10-03T17:22:14.3524916Z           ],
2026-10-03T17:22:14.3525761Z           "element_id": "Name(\"sections\")",
2026-10-03T17:22:14.3539806Z           "view": "pane::features::settings::SettingsWindow",
2026-10-03T17:22:14.3541093Z           "source_location": "crates/pane/src/features/settings/mod.rs:314:17",
2026-10-03T17:22:14.3542229Z           "aria": {
2026-10-03T17:22:14.3542751Z             "role": "ListBox",
2026-10-03T17:22:14.3570162Z             "on_action": [
2026-10-03T17:22:14.3570619Z               "Focus"
2026-10-03T17:22:14.3570968Z             ],
2026-10-03T17:22:14.3571320Z             "label": "Settings sections"
2026-10-03T17:22:14.3571781Z           }
2026-10-03T17:22:14.3572057Z         },
2026-10-03T17:22:14.3572328Z         "i": {
2026-10-03T17:22:14.3572642Z           "accesskit_id": "6552787065447303630",
2026-10-03T17:22:14.3573146Z           "element_id": "Name(\"trigger\")",
2026-10-03T17:22:14.3573721Z           "source_location": "crates/pane/src/ui/select.rs:605:19",
2026-10-03T17:22:14.3574293Z           "aria": {
2026-10-03T17:22:14.3574649Z             "role": "ComboBox",
2026-10-03T17:22:14.3575053Z             "on_action": [
2026-10-03T17:22:14.3575446Z               "Click",
2026-10-03T17:22:14.3575754Z               "Focus"
2026-10-03T17:22:14.3576049Z             ],
2026-10-03T17:22:14.3576358Z             "label": "Display",
2026-10-03T17:22:14.3576864Z             "description": "The display the launcher opens on",
2026-10-03T17:22:14.3577445Z             "value": "Active window's display",
2026-10-03T17:22:14.3577924Z             "expanded": false
2026-10-03T17:22:14.3578352Z           }
2026-10-03T17:22:14.3578624Z         },
2026-10-03T17:22:14.3578901Z         "j": {
2026-10-03T17:22:14.3579240Z           "accesskit_id": "5442691450652888154",
2026-10-03T17:22:14.3579898Z           "element_id": "Name(\"launcher-fallback\")",
2026-10-03T17:22:14.3580466Z           "view": "pane::features::settings::SettingsWindow",
2026-10-03T17:22:14.3584902Z           "source_location": "crates/pane/src/features/settings/launcher.rs:546:5",
2026-10-03T17:22:14.3585688Z           "aria": {
2026-10-03T17:22:14.3586047Z             "role": "Status",
2026-10-03T17:22:14.3587291Z             "label": "Pane cannot open on the display of the window you are working in: it is not connected, or this system does not tell Pane where it is. The launcher opens on the primary display instead."
2026-10-03T17:22:14.3588586Z           }
2026-10-03T17:22:14.3588914Z         },
2026-10-03T17:22:14.3589192Z         "k": {
2026-10-03T17:22:14.3589674Z           "accesskit_id": "1748417423946330287",
2026-10-03T17:22:14.3590224Z           "element_id": "Name(\"Restore the current view\")",
2026-10-03T17:22:14.3590783Z           "view": "pane::features::settings::SettingsWindow",
2026-10-03T17:22:14.3591502Z           "source_location": "crates/pane/src/features/settings/launcher.rs:477:15",
2026-10-03T17:22:14.3592233Z           "aria": {
2026-10-03T17:22:14.3592631Z             "role": "RadioButton",
2026-10-03T17:22:14.3593139Z             "on_action": [
2026-10-03T17:22:14.3593550Z               "Click"
2026-10-03T17:22:14.3593889Z             ],
2026-10-03T17:22:14.3594271Z             "label": "Restore the current view",
2026-10-03T17:22:14.3595432Z             "description": "Show what the launcher was left on, when it is still valid; the provisional default",
2026-10-03T17:22:14.3596335Z             "toggled": "False"
2026-10-03T17:22:14.3596826Z           }
2026-10-03T17:22:14.3597166Z         },
2026-10-03T17:22:14.3597444Z         "l": {
2026-10-03T17:22:14.3597760Z           "accesskit_id": "10814223515421245247",
2026-10-03T17:22:14.3598259Z           "element_id": "Name(\"Start at root search\")",
2026-10-03T17:22:14.3598945Z           "view": "pane::features::settings::SettingsWindow",
2026-10-03T17:22:14.3599850Z           "source_location": "crates/pane/src/features/settings/launcher.rs:477:15",
2026-10-03T17:22:14.3600443Z           "aria": {
2026-10-03T17:22:14.3600812Z             "role": "RadioButton",
2026-10-03T17:22:14.3601279Z             "on_action": [
2026-10-03T17:22:14.3601691Z               "Click"
2026-10-03T17:22:14.3602022Z             ],
2026-10-03T17:22:14.3602384Z             "label": "Start at root search",
2026-10-03T17:22:14.3603136Z             "description": "Begin from root search with an empty query, whatever was left",
2026-10-03T17:22:14.3603932Z             "toggled": "True"
2026-10-03T17:22:14.3604354Z           }
2026-10-03T17:22:14.3604809Z         },
2026-10-03T17:22:14.3605091Z         "m": {
2026-10-03T17:22:14.3605429Z           "accesskit_id": "6091025114247384428",
2026-10-03T17:22:14.3605949Z           "element_id": "Name(\"launcher-dismissal\")",
2026-10-03T17:22:14.3606487Z           "view": "pane::features::settings::SettingsWindow",
2026-10-03T17:22:14.3607215Z           "source_location": "crates/pane/src/features/settings/launcher.rs:546:5",
2026-10-03T17:22:14.3607895Z           "aria": {
2026-10-03T17:22:14.3608250Z             "role": "Status",
2026-10-03T17:22:14.3610896Z             "label": "Escape still backs out of what is open — a composition, a menu, an open screen — before it clears the query, and only then hides the launcher. Hiding never quits Pane: the Settings window stays open, and the next opening of the launcher reuses the same live window."
2026-10-03T17:22:14.3612737Z           }
2026-10-03T17:22:14.3613012Z         },
2026-10-03T17:22:14.3613279Z         "n": {
2026-10-03T17:22:14.3613613Z           "accesskit_id": "0",
2026-10-03T17:22:14.3614011Z           "children": [
2026-10-03T17:22:14.3614329Z             "a",
2026-10-03T17:22:14.3614612Z             "h",
2026-10-03T17:22:14.3614915Z             "i",
2026-10-03T17:22:14.3615243Z             "j",
2026-10-03T17:22:14.3615607Z             "k",
2026-10-03T17:22:14.3615963Z             "l",
2026-10-03T17:22:14.3616341Z             "m"
2026-10-03T17:22:14.3616741Z           ],
2026-10-03T17:22:14.3617146Z           "aria": {
2026-10-03T17:22:14.3617551Z             "role": "Window",
2026-10-03T17:22:14.3617954Z             "label": "Settings"
2026-10-03T17:22:14.3618300Z           }
2026-10-03T17:22:14.3618563Z         }
2026-10-03T17:22:14.3618853Z       }
2026-10-03T17:22:14.3619127Z     }
2026-10-03T17:22:14.3619768Z     note: run with `RUST_BACKTRACE=1` environment variable to display a backtrace
2026-10-03T17:22:14.3620281Z 
2026-10-03T17:22:14.3620841Z         PASS [   0.918s] (  24/1272) pane::launcher_settings a_view_whose_command_is_gone_returns_safely_to_root_search
2026-10-03T17:22:14.5998918Z         PASS [   7.252s] (  25/1272) pane::install an_installed_package_is_reloaded_from_the_extension_list
2026-10-03T17:22:14.7346768Z   TRY 1 FAIL [   0.379s] (─────────) pane::launcher_settings arrows_home_and_end_move_the_highlight_without_saving
2026-10-03T17:22:14.7347788Z   stdout ───
2026-10-03T17:22:14.7348016Z 
2026-10-03T17:22:14.7348178Z     running 1 test
2026-10-03T17:22:14.7348750Z     test arrows_home_and_end_move_the_highlight_without_saving ... FAILED
2026-10-03T17:22:14.7349284Z 
2026-10-03T17:22:14.7349693Z     failures:
2026-10-03T17:22:14.7349915Z 
2026-10-03T17:22:14.7350054Z     failures:
2026-10-03T17:22:14.7350533Z         arrows_home_and_end_move_the_highlight_without_saving
2026-10-03T17:22:14.7351384Z 
2026-10-03T17:22:14.7351879Z     test result: FAILED. 0 passed; 1 failed; 0 ignored; 0 measured; 21 filtered out; finished in 0.36s
2026-10-03T17:22:14.7352543Z 
2026-10-03T17:22:14.7352783Z   stderr ───
2026-10-03T17:22:14.7353022Z 
2026-10-03T17:22:14.7353727Z     thread 'arrows_home_and_end_move_the_highlight_without_saving' (16775) panicked at crates/pane/tests/launcher_settings.rs:1302:5:
2026-10-03T17:22:14.7354800Z     assertion `left == right` failed
2026-10-03T17:22:14.7372581Z       left: Some("Search choices")
2026-10-03T17:22:14.7373146Z      right: Some("Primary display")
2026-10-03T17:22:14.7373859Z     note: run with `RUST_BACKTRACE=1` environment variable to display a backtrace
2026-10-03T17:22:14.7374415Z 
2026-10-03T17:22:15.1388946Z   TRY 1 FAIL [   0.539s] (─────────) pane::launcher_settings choices_the_system_does_not_answer_are_explained_not_offered
2026-10-03T17:22:15.1393095Z   stdout ───
2026-10-03T17:22:15.1396197Z 
2026-10-03T17:22:15.1396635Z     running 1 test
2026-10-03T17:22:15.1430062Z     test choices_the_system_does_not_answer_are_explained_not_offered ... FAILED
2026-10-03T17:22:15.1462121Z 
2026-10-03T17:22:15.1490376Z     failures:
2026-10-03T17:22:15.1490847Z 
2026-10-03T17:22:15.1510367Z     failures:
2026-10-03T17:22:15.1530064Z         choices_the_system_does_not_answer_are_explained_not_offered
2026-10-03T17:22:15.1533179Z 
2026-10-03T17:22:15.1533839Z     test result: FAILED. 0 passed; 1 failed; 0 ignored; 0 measured; 21 filtered out; finished in 0.52s
2026-10-03T17:22:15.1537049Z 
2026-10-03T17:22:15.1537592Z   stderr ───
2026-10-03T17:22:15.1537963Z 
2026-10-03T17:22:15.1538831Z     thread 'choices_the_system_does_not_answer_are_explained_not_offered' (16781) panicked at crates/pane/tests/launcher_settings.rs:453:5:
2026-10-03T17:22:15.1542802Z     nothing was kept
2026-10-03T17:22:15.1544926Z     note: run with `RUST_BACKTRACE=1` environment variable to display a backtrace
2026-10-03T17:22:15.1548218Z 
2026-10-03T17:22:15.1549113Z   TRY 3 FAIL [   0.820s] (  26/1272) pane::launcher_settings a_disconnected_or_unanswered_choice_falls_back_and_says_so
2026-10-03T17:22:15.1553107Z   stdout ───
2026-10-03T17:22:15.1553373Z 
2026-10-03T17:22:15.1553569Z     running 1 test
2026-10-03T17:22:15.1554216Z     test a_disconnected_or_unanswered_choice_falls_back_and_says_so ... FAILED
2026-10-03T17:22:15.1554844Z 
2026-10-03T17:22:15.1555141Z     failures:
2026-10-03T17:22:15.1555473Z 
2026-10-03T17:22:15.1555738Z     failures:
2026-10-03T17:22:15.1556329Z         a_disconnected_or_unanswered_choice_falls_back_and_says_so
2026-10-03T17:22:15.1556719Z 
2026-10-03T17:22:15.1557105Z     test result: FAILED. 0 passed; 1 failed; 0 ignored; 0 measured; 21 filtered out; finished in 0.79s
2026-10-03T17:22:15.1557751Z 
2026-10-03T17:22:15.1558067Z   stderr ───
2026-10-03T17:22:15.1558398Z 
2026-10-03T17:22:15.1559151Z     thread 'a_disconnected_or_unanswered_choice_falls_back_and_says_so' (16770) panicked at crates/pane/tests/launcher_settings.rs:484:5:
2026-10-03T17:22:15.1560513Z     the choice is explained, {
2026-10-03T17:22:15.1560953Z       "root": "n",
2026-10-03T17:22:15.1561439Z       "gpui_focus": "h",
2026-10-03T17:22:15.1561957Z       "active_descendant_focus": "c",
2026-10-03T17:22:15.1562475Z       "frame": {
2026-10-03T17:22:15.1562836Z         "rendered_at": "2026-10-03T17:22:15.143+00:00",
2026-10-03T17:22:15.1563355Z         "frame_number": 1,
2026-10-03T17:22:15.1563826Z         "window_title": "Settings",
2026-10-03T17:22:15.1564372Z         "node_count": 14,
2026-10-03T17:22:15.1564878Z         "tab_stop_count": 3,
2026-10-03T17:22:15.1565253Z         "viewport_size": {
2026-10-03T17:22:15.1565591Z           "width": 740.0,
2026-10-03T17:22:15.1566059Z           "height": 530.0
2026-10-03T17:22:15.1566542Z         },
2026-10-03T17:22:15.1567011Z         "scale_factor": 2.0
2026-10-03T17:22:15.1567377Z       },
2026-10-03T17:22:15.1567671Z       "nodes": {
2026-10-03T17:22:15.1568065Z         "a": {
2026-10-03T17:22:15.1568846Z           "accesskit_id": "15771091246681327687",
2026-10-03T17:22:15.1569774Z           "element_id": "Name(\"settings-search-field\")",
2026-10-03T17:22:15.1570520Z           "view": "pane::features::settings::SettingsWindow",
2026-10-03T17:22:15.1571256Z           "source_location": "crates/pane/src/features/settings/search.rs:458:5",
2026-10-03T17:22:15.1571896Z           "aria": {
2026-10-03T17:22:15.1572380Z             "role": "EditableComboBox",
2026-10-03T17:22:15.1572981Z             "on_action": [
2026-10-03T17:22:15.1573522Z               "Focus"
2026-10-03T17:22:15.1574003Z             ],
2026-10-03T17:22:15.1574355Z             "label": "Search settings",
2026-10-03T17:22:15.1574734Z             "value": "",
2026-10-03T17:22:15.1575090Z             "placeholder": "Search settings"
2026-10-03T17:22:15.1575535Z           }
2026-10-03T17:22:15.1575956Z         },
2026-10-03T17:22:15.1576377Z         "b": {
2026-10-03T17:22:15.1576879Z           "accesskit_id": "4866087091850061502",
2026-10-03T17:22:15.1577514Z           "element_id": "NamedInteger(\"section\", 0)",
2026-10-03T17:22:15.1578230Z           "view": "pane::features::settings::SettingsWindow",
2026-10-03T17:22:15.1578979Z           "source_location": "crates/pane/src/ui/result_row.rs:60:15",
2026-10-03T17:22:15.1580059Z           "aria": {
2026-10-03T17:22:15.1580535Z             "role": "ListBoxOption",
2026-10-03T17:22:15.1581092Z             "on_action": [
2026-10-03T17:22:15.1581600Z               "Click"
2026-10-03T17:22:15.1581934Z             ],
2026-10-03T17:22:15.1582251Z             "label": "General",
2026-10-03T17:22:15.1582765Z             "selected": false
2026-10-03T17:22:15.1583258Z           }
2026-10-03T17:22:15.1583721Z         },
2026-10-03T17:22:15.1584226Z         "c": {
2026-10-03T17:22:15.1584724Z           "accesskit_id": "6982455575952473194",
2026-10-03T17:22:15.1585384Z           "element_id": "NamedInteger(\"section\", 1)",
2026-10-03T17:22:15.1586142Z           "view": "pane::features::settings::SettingsWindow",
2026-10-03T17:22:15.1586936Z           "source_location": "crates/pane/src/ui/result_row.rs:60:15",
2026-10-03T17:22:15.1587675Z           "aria": {
2026-10-03T17:22:15.1588169Z             "role": "ListBoxOption",
2026-10-03T17:22:15.1588797Z             "on_action": [
2026-10-03T17:22:15.1589737Z               "Click"
2026-10-03T17:22:15.1590593Z             ],
2026-10-03T17:22:15.1591109Z             "label": "Launcher",
2026-10-03T17:22:15.1591697Z             "selected": true
2026-10-03T17:22:15.1592255Z           }
2026-10-03T17:22:15.1592701Z         },
2026-10-03T17:22:15.1593146Z         "d": {
2026-10-03T17:22:15.1593509Z           "accesskit_id": "13273673249935482759",
2026-10-03T17:22:15.1593970Z           "element_id": "NamedInteger(\"section\", 2)",
2026-10-03T17:22:15.1594468Z           "view": "pane::features::settings::SettingsWindow",
2026-10-03T17:22:15.1595122Z           "source_location": "crates/pane/src/ui/result_row.rs:60:15",
2026-10-03T17:22:15.1595831Z           "aria": {
2026-10-03T17:22:15.1596382Z             "role": "ListBoxOption",
2026-10-03T17:22:15.1596949Z             "on_action": [
2026-10-03T17:22:15.1597442Z               "Click"
2026-10-03T17:22:15.1597948Z             ],
2026-10-03T17:22:15.1598448Z             "label": "Appearance",
2026-10-03T17:22:15.1599068Z             "selected": false
2026-10-03T17:22:15.1599824Z           }
2026-10-03T17:22:15.1600305Z         },
2026-10-03T17:22:15.1600645Z         "e": {
2026-10-03T17:22:15.1601003Z           "accesskit_id": "3189701941956757618",
2026-10-03T17:22:15.1601465Z           "element_id": "NamedInteger(\"section\", 3)",
2026-10-03T17:22:15.1602070Z           "view": "pane::features::settings::SettingsWindow",
2026-10-03T17:22:15.1602854Z           "source_location": "crates/pane/src/ui/result_row.rs:60:15",
2026-10-03T17:22:15.1603581Z           "aria": {
2026-10-03T17:22:15.1604113Z             "role": "ListBoxOption",
2026-10-03T17:22:15.1604549Z             "on_action": [
2026-10-03T17:22:15.1605019Z               "Click"
2026-10-03T17:22:15.1605734Z             ],
2026-10-03T17:22:15.1606200Z             "label": "Shortcuts",
2026-10-03T17:22:15.1606666Z             "selected": false
2026-10-03T17:22:15.1607191Z           }
2026-10-03T17:22:15.1607652Z         },
2026-10-03T17:22:15.1608063Z         "f": {
2026-10-03T17:22:15.1608429Z           "accesskit_id": "15225389039130098424",
2026-10-03T17:22:15.1608972Z           "element_id": "NamedInteger(\"section\", 4)",
2026-10-03T17:22:15.1609905Z           "view": "pane::features::settings::SettingsWindow",
2026-10-03T17:22:15.1610713Z           "source_location": "crates/pane/src/ui/result_row.rs:60:15",
2026-10-03T17:22:15.1611418Z           "aria": {
2026-10-03T17:22:15.1611789Z             "role": "ListBoxOption",
2026-10-03T17:22:15.1612179Z             "on_action": [
2026-10-03T17:22:15.1612530Z               "Click"
2026-10-03T17:22:15.1612950Z             ],
2026-10-03T17:22:15.1613437Z             "label": "Extensions",
2026-10-03T17:22:15.1614034Z             "selected": false
2026-10-03T17:22:15.1614568Z           }
2026-10-03T17:22:15.1615031Z         },
2026-10-03T17:22:15.1615429Z         "g": {
2026-10-03T17:22:15.1615781Z           "accesskit_id": "17534740954133582944",
2026-10-03T17:22:15.1616580Z           "element_id": "NamedInteger(\"section\", 5)",
2026-10-03T17:22:15.1617373Z           "view": "pane::features::settings::SettingsWindow",
2026-10-03T17:22:15.1618259Z           "source_location": "crates/pane/src/ui/result_row.rs:60:15",
2026-10-03T17:22:15.1618893Z           "aria": {
2026-10-03T17:22:15.1619260Z             "role": "ListBoxOption",
2026-10-03T17:22:15.1620099Z             "on_action": [
2026-10-03T17:22:15.1620626Z               "Click"
2026-10-03T17:22:15.1621153Z             ],
2026-10-03T17:22:15.1621631Z             "label": "About",
2026-10-03T17:22:15.1622166Z             "selected": false
2026-10-03T17:22:15.1622532Z           }
2026-10-03T17:22:15.1622935Z         },
2026-10-03T17:22:15.1623390Z         "h": {
2026-10-03T17:22:15.1623939Z           "accesskit_id": "5240332096231811110",
2026-10-03T17:22:15.1624449Z           "children": [
2026-10-03T17:22:15.1625084Z             "b",
2026-10-03T17:22:15.1625616Z             "c",
2026-10-03T17:22:15.1625973Z             "d",
2026-10-03T17:22:15.1626302Z             "e",
2026-10-03T17:22:15.1626653Z             "f",
2026-10-03T17:22:15.1627143Z             "g"
2026-10-03T17:22:15.1627609Z           ],
2026-10-03T17:22:15.1628151Z           "element_id": "Name(\"sections\")",
2026-10-03T17:22:15.1628997Z           "view": "pane::features::settings::SettingsWindow",
2026-10-03T17:22:15.1631814Z           "source_location": "crates/pane/src/features/settings/mod.rs:314:17",
2026-10-03T17:22:15.1632511Z           "aria": {
2026-10-03T17:22:15.1632863Z             "role": "ListBox",
2026-10-03T17:22:15.1633257Z             "on_action": [
2026-10-03T17:22:15.1633628Z               "Focus"
2026-10-03T17:22:15.1633966Z             ],
2026-10-03T17:22:15.1634320Z             "label": "Settings sections"
2026-10-03T17:22:15.1634774Z           }
2026-10-03T17:22:15.1635079Z         },
2026-10-03T17:22:15.1635380Z         "i": {
2026-10-03T17:22:15.1635734Z           "accesskit_id": "6552787065447303630",
2026-10-03T17:22:15.1636235Z           "element_id": "Name(\"trigger\")",
2026-10-03T17:22:15.1636809Z           "source_location": "crates/pane/src/ui/select.rs:605:19",
2026-10-03T17:22:15.1637354Z           "aria": {
2026-10-03T17:22:15.1637699Z             "role": "ComboBox",
2026-10-03T17:22:15.1638108Z             "on_action": [
2026-10-03T17:22:15.1638468Z               "Click",
2026-10-03T17:22:15.1638775Z               "Focus"
2026-10-03T17:22:15.1639072Z             ],
2026-10-03T17:22:15.1639587Z             "label": "Display",
2026-10-03T17:22:15.1640070Z             "description": "The display the launcher opens on",
2026-10-03T17:22:15.1640604Z             "value": "Active window's display",
2026-10-03T17:22:15.1641044Z             "expanded": false
2026-10-03T17:22:15.1641446Z           }
2026-10-03T17:22:15.1641634Z         },
2026-10-03T17:22:15.1641932Z         "j": {
2026-10-03T17:22:15.1642247Z           "accesskit_id": "5442691450652888154",
2026-10-03T17:22:15.1642722Z           "element_id": "Name(\"launcher-fallback\")",
2026-10-03T17:22:15.1643504Z           "view": "pane::features::settings::SettingsWindow",
2026-10-03T17:22:15.1644197Z           "source_location": "crates/pane/src/features/settings/launcher.rs:546:5",
2026-10-03T17:22:15.1644617Z           "aria": {
2026-10-03T17:22:15.1644822Z             "role": "Status",
2026-10-03T17:22:15.1645857Z             "label": "Pane cannot open on the display of the window you are working in: it is not connected, or this system does not tell Pane where it is. The launcher opens on the primary display instead."
2026-10-03T17:22:15.1647058Z           }
2026-10-03T17:22:15.1647321Z         },
2026-10-03T17:22:15.1647608Z         "k": {
2026-10-03T17:22:15.1647830Z           "accesskit_id": "1748417423946330287",
2026-10-03T17:22:15.1648156Z           "element_id": "Name(\"Restore the current view\")",
2026-10-03T17:22:15.1648571Z           "view": "pane::features::settings::SettingsWindow",
2026-10-03T17:22:15.1649621Z           "source_location": "crates/pane/src/features/settings/launcher.rs:477:15",
2026-10-03T17:22:15.1650270Z           "aria": {
2026-10-03T17:22:15.1650585Z             "role": "RadioButton",
2026-10-03T17:22:15.1650980Z             "on_action": [
2026-10-03T17:22:15.1651258Z               "Click"
2026-10-03T17:22:15.1651460Z             ],
2026-10-03T17:22:15.1651679Z             "label": "Restore the current view",
2026-10-03T17:22:15.1652167Z             "description": "Show what the launcher was left on, when it is still valid; the provisional default",
2026-10-03T17:22:15.1652644Z             "toggled": "False"
2026-10-03T17:22:15.1652865Z           }
2026-10-03T17:22:15.1653045Z         },
2026-10-03T17:22:15.1653219Z         "l": {
2026-10-03T17:22:15.1653424Z           "accesskit_id": "10814223515421245247",
2026-10-03T17:22:15.1653874Z           "element_id": "Name(\"Start at root search\")",
2026-10-03T17:22:15.1654425Z           "view": "pane::features::settings::SettingsWindow",
2026-10-03T17:22:15.1655114Z           "source_location": "crates/pane/src/features/settings/launcher.rs:477:15",
2026-10-03T17:22:15.1655698Z           "aria": {
2026-10-03T17:22:15.1656017Z             "role": "RadioButton",
2026-10-03T17:22:15.1656271Z             "on_action": [
2026-10-03T17:22:15.1656484Z               "Click"
2026-10-03T17:22:15.1656683Z             ],
2026-10-03T17:22:15.1656888Z             "label": "Start at root search",
2026-10-03T17:22:15.1657308Z             "description": "Begin from root search with an empty query, whatever was left",
2026-10-03T17:22:15.1657719Z             "toggled": "True"
2026-10-03T17:22:15.1657999Z           }
2026-10-03T17:22:15.1658270Z         },
2026-10-03T17:22:15.1658536Z         "m": {
2026-10-03T17:22:15.1658847Z           "accesskit_id": "6091025114247384428",
2026-10-03T17:22:15.1659533Z           "element_id": "Name(\"launcher-dismissal\")",
2026-10-03T17:22:15.1660079Z           "view": "pane::features::settings::SettingsWindow",
2026-10-03T17:22:15.1660689Z           "source_location": "crates/pane/src/features/settings/launcher.rs:546:5",
2026-10-03T17:22:15.1661074Z           "aria": {
2026-10-03T17:22:15.1661278Z             "role": "Status",
2026-10-03T17:22:15.1662988Z             "label": "Escape still backs out of what is open — a composition, a menu, an open screen — before it clears the query, and only then hides the launcher. Hiding never quits Pane: the Settings window stays open, and the next opening of the launcher reuses the same live window."
2026-10-03T17:22:15.1666502Z           }
2026-10-03T17:22:15.1666784Z         },
2026-10-03T17:22:15.1667053Z         "n": {
2026-10-03T17:22:15.1667353Z           "accesskit_id": "0",
2026-10-03T17:22:15.1667710Z           "children": [
2026-10-03T17:22:15.1667926Z             "a",
2026-10-03T17:22:15.1668282Z             "h",
2026-10-03T17:22:15.1668463Z             "i",
2026-10-03T17:22:15.1668641Z             "j",
2026-10-03T17:22:15.1668823Z             "k",
2026-10-03T17:22:15.1669003Z             "l",
2026-10-03T17:22:15.1669185Z             "m"
2026-10-03T17:22:15.1669722Z           ],
2026-10-03T17:22:15.1670018Z           "aria": {
2026-10-03T17:22:15.1670330Z             "role": "Window",
2026-10-03T17:22:15.1670709Z             "label": "Settings"
2026-10-03T17:22:15.1671064Z           }
2026-10-03T17:22:15.1671328Z         }
2026-10-03T17:22:15.1671597Z       }
2026-10-03T17:22:15.1671881Z     }
2026-10-03T17:22:15.1672251Z     note: run with `RUST_BACKTRACE=1` environment variable to display a backtrace
2026-10-03T17:22:15.1672571Z 
2026-10-03T17:22:15.1672742Z   Cancelling due to test failure: 3 tests still running
2026-10-03T17:22:15.1673825Z   TRY 2 FAIL [   0.414s] (─────────) pane::launcher_settings arrows_home_and_end_move_the_highlight_without_saving
2026-10-03T17:22:15.1674559Z   stdout ───
2026-10-03T17:22:15.1674725Z 
2026-10-03T17:22:15.1674815Z     running 1 test
2026-10-03T17:22:15.1675128Z     test arrows_home_and_end_move_the_highlight_without_saving ... FAILED
2026-10-03T17:22:15.1675418Z 
2026-10-03T17:22:15.1675502Z     failures:
2026-10-03T17:22:15.1675843Z 
2026-10-03T17:22:15.1675986Z     failures:
2026-10-03T17:22:15.1676378Z         arrows_home_and_end_move_the_highlight_without_saving
2026-10-03T17:22:15.1676768Z 
2026-10-03T17:22:15.1677196Z     test result: FAILED. 0 passed; 1 failed; 0 ignored; 0 measured; 21 filtered out; finished in 0.40s
2026-10-03T17:22:15.1677770Z 
2026-10-03T17:22:15.1677969Z   stderr ───
2026-10-03T17:22:15.1678084Z 
2026-10-03T17:22:15.1678547Z     thread 'arrows_home_and_end_move_the_highlight_without_saving' (16787) panicked at crates/pane/tests/launcher_settings.rs:1302:5:
2026-10-03T17:22:15.1679656Z     assertion `left == right` failed
2026-10-03T17:22:15.1680104Z       left: Some("Search choices")
2026-10-03T17:22:15.1680574Z      right: Some("Primary display")
2026-10-03T17:22:15.1681135Z     note: run with `RUST_BACKTRACE=1` environment variable to display a backtrace
2026-10-03T17:22:15.1681455Z 
2026-10-03T17:22:15.4993989Z   TRY 2 FAIL [   0.359s] (─────────) pane::launcher_settings choices_the_system_does_not_answer_are_explained_not_offered
2026-10-03T17:22:15.4994912Z   stdout ───
2026-10-03T17:22:15.4995044Z 
2026-10-03T17:22:15.4995138Z     running 1 test
2026-10-03T17:22:15.4995489Z     test choices_the_system_does_not_answer_are_explained_not_offered ... FAILED
2026-10-03T17:22:15.4995944Z 
2026-10-03T17:22:15.4996027Z     failures:
2026-10-03T17:22:15.4996150Z 
2026-10-03T17:22:15.4996230Z     failures:
2026-10-03T17:22:15.4996506Z         choices_the_system_does_not_answer_are_explained_not_offered
2026-10-03T17:22:15.4996771Z 
2026-10-03T17:22:15.4997160Z     test result: FAILED. 0 passed; 1 failed; 0 ignored; 0 measured; 21 filtered out; finished in 0.34s
2026-10-03T17:22:15.4997535Z 
2026-10-03T17:22:15.4997647Z   stderr ───
2026-10-03T17:22:15.4997781Z 
2026-10-03T17:22:15.4998357Z     thread 'choices_the_system_does_not_answer_are_explained_not_offered' (16793) panicked at crates/pane/tests/launcher_settings.rs:453:5:
2026-10-03T17:22:15.4998963Z     nothing was kept
2026-10-03T17:22:15.4999553Z     note: run with `RUST_BACKTRACE=1` environment variable to display a backtrace
2026-10-03T17:22:15.4999944Z 
2026-10-03T17:22:24.0548646Z   TRY 1 FAIL [  10.976s] (─────────) pane::launcher_settings a_save_that_fails_is_reported_and_the_shown_choice_stays_what_was_saved
2026-10-03T17:22:24.0550106Z   stdout ───
2026-10-03T17:22:24.0550278Z 
2026-10-03T17:22:24.0550383Z     running 1 test
2026-10-03T17:22:24.0550808Z     test a_save_that_fails_is_reported_and_the_shown_choice_stays_what_was_saved ... FAILED
2026-10-03T17:22:24.0551203Z 
2026-10-03T17:22:24.0551299Z     failures:
2026-10-03T17:22:24.0551422Z 
2026-10-03T17:22:24.0551513Z     failures:
2026-10-03T17:22:24.0551849Z         a_save_that_fails_is_reported_and_the_shown_choice_stays_what_was_saved
2026-10-03T17:22:24.0552521Z 
2026-10-03T17:22:24.0552830Z     test result: FAILED. 0 passed; 1 failed; 0 ignored; 0 measured; 21 filtered out; finished in 10.95s
2026-10-03T17:22:24.0553248Z 
2026-10-03T17:22:24.0553424Z   stderr ───
2026-10-03T17:22:24.0553567Z 
2026-10-03T17:22:24.0554063Z     thread 'a_save_that_fails_is_reported_and_the_shown_choice_stays_what_was_saved' (16732) panicked at crates/pane/tests/launcher_settings.rs:842:9:
2026-10-03T17:22:24.0554765Z     timed out: the page shows {
2026-10-03T17:22:24.0555034Z       "root": "m",
2026-10-03T17:22:24.0555261Z       "gpui_focus": "i",
2026-10-03T17:22:24.0555605Z       "active_descendant_focus": null,
2026-10-03T17:22:24.0556033Z       "frame": {
2026-10-03T17:22:24.0556612Z         "rendered_at": "2026-10-03T17:22:24.050+00:00",
2026-10-03T17:22:24.0557117Z         "frame_number": 435,
2026-10-03T17:22:24.0557578Z         "window_title": "Settings",
2026-10-03T17:22:24.0558002Z         "node_count": 13,
2026-10-03T17:22:24.0558434Z         "tab_stop_count": 3,
2026-10-03T17:22:24.0558852Z         "viewport_size": {
2026-10-03T17:22:24.0559220Z           "width": 740.0,
2026-10-03T17:22:24.0559794Z           "height": 530.0
2026-10-03T17:22:24.0560093Z         },
2026-10-03T17:22:24.0560596Z         "scale_factor": 2.0
2026-10-03T17:22:24.0560915Z       },
2026-10-03T17:22:24.0561174Z       "nodes": {
2026-10-03T17:22:24.0561443Z         "a": {
2026-10-03T17:22:24.0561789Z           "accesskit_id": "15771091246681327687",
2026-10-03T17:22:24.0562212Z           "element_id": "Name(\"settings-search-field\")",
2026-10-03T17:22:24.0562636Z           "view": "pane::features::settings::SettingsWindow",
2026-10-03T17:22:24.0563115Z           "source_location": "crates/pane/src/features/settings/search.rs:458:5",
2026-10-03T17:22:24.0563608Z           "aria": {
2026-10-03T17:22:24.0563918Z             "role": "EditableComboBox",
2026-10-03T17:22:24.0564360Z             "on_action": [
2026-10-03T17:22:24.0564754Z               "Focus"
2026-10-03T17:22:24.0564989Z             ],
2026-10-03T17:22:24.0565196Z             "label": "Search settings",
2026-10-03T17:22:24.0565451Z             "value": "",
2026-10-03T17:22:24.0565703Z             "placeholder": "Search settings"
2026-10-03T17:22:24.0565971Z           }
2026-10-03T17:22:24.0572600Z         },
2026-10-03T17:22:24.0572953Z         "b": {
2026-10-03T17:22:24.0573202Z           "accesskit_id": "4866087091850061502",
2026-10-03T17:22:24.0573530Z           "element_id": "NamedInteger(\"section\", 0)",
2026-10-03T17:22:24.0573896Z           "view": "pane::features::settings::SettingsWindow",
2026-10-03T17:22:24.0574303Z           "source_location": "crates/pane/src/ui/result_row.rs:60:15",
2026-10-03T17:22:24.0574642Z           "aria": {
2026-10-03T17:22:24.0574856Z             "role": "ListBoxOption",
2026-10-03T17:22:24.0575112Z             "on_action": [
2026-10-03T17:22:24.0575331Z               "Click"
2026-10-03T17:22:24.0575530Z             ],
2026-10-03T17:22:24.0575735Z             "label": "General",
2026-10-03T17:22:24.0575983Z             "selected": false
2026-10-03T17:22:24.0576243Z           }
2026-10-03T17:22:24.0576418Z         },
2026-10-03T17:22:24.0576602Z         "c": {
2026-10-03T17:22:24.0576810Z           "accesskit_id": "6982455575952473194",
2026-10-03T17:22:24.0577124Z           "element_id": "NamedInteger(\"section\", 1)",
2026-10-03T17:22:24.0577467Z           "view": "pane::features::settings::SettingsWindow",
2026-10-03T17:22:24.0577874Z           "source_location": "crates/pane/src/ui/result_row.rs:60:15",
2026-10-03T17:22:24.0578202Z           "aria": {
2026-10-03T17:22:24.0578415Z             "role": "ListBoxOption",
2026-10-03T17:22:24.0578666Z             "on_action": [
2026-10-03T17:22:24.0578882Z               "Click"
2026-10-03T17:22:24.0579084Z             ],
2026-10-03T17:22:24.0579278Z             "label": "Launcher",
2026-10-03T17:22:24.0579812Z             "selected": true
2026-10-03T17:22:24.0580036Z           }
2026-10-03T17:22:24.0580216Z         },
2026-10-03T17:22:24.0580632Z         "d": {
2026-10-03T17:22:24.0580846Z           "accesskit_id": "13273673249935482759",
2026-10-03T17:22:24.0581162Z           "element_id": "NamedInteger(\"section\", 2)",
2026-10-03T17:22:24.0581526Z           "view": "pane::features::settings::SettingsWindow",
2026-10-03T17:22:24.0581914Z           "source_location": "crates/pane/src/ui/result_row.rs:60:15",
2026-10-03T17:22:24.0582240Z           "aria": {
2026-10-03T17:22:24.0582449Z             "role": "ListBoxOption",
2026-10-03T17:22:24.0582708Z             "on_action": [
2026-10-03T17:22:24.0582921Z               "Click"
2026-10-03T17:22:24.0583119Z             ],
2026-10-03T17:22:24.0583319Z             "label": "Appearance",
2026-10-03T17:22:24.0583566Z             "selected": false
2026-10-03T17:22:24.0583792Z           }
2026-10-03T17:22:24.0583977Z         },
2026-10-03T17:22:24.0584154Z         "e": {
2026-10-03T17:22:24.0584360Z           "accesskit_id": "3189701941956757618",
2026-10-03T17:22:24.0584668Z           "element_id": "NamedInteger(\"section\", 3)",
2026-10-03T17:22:24.0585012Z           "view": "pane::features::settings::SettingsWindow",
2026-10-03T17:22:24.0585386Z           "source_location": "crates/pane/src/ui/result_row.rs:60:15",
2026-10-03T17:22:24.0585842Z           "aria": {
2026-10-03T17:22:24.0586066Z             "role": "ListBoxOption",
2026-10-03T17:22:24.0586313Z             "on_action": [
2026-10-03T17:22:24.0586525Z               "Click"
2026-10-03T17:22:24.0586720Z             ],
2026-10-03T17:22:24.0586923Z             "label": "Shortcuts",
2026-10-03T17:22:24.0587166Z             "selected": false
2026-10-03T17:22:24.0587383Z           }
2026-10-03T17:22:24.0587558Z         },
2026-10-03T17:22:24.0587735Z         "f": {
2026-10-03T17:22:24.0587947Z           "accesskit_id": "15225389039130098424",
2026-10-03T17:22:24.0588256Z           "element_id": "NamedInteger(\"section\", 4)",
2026-10-03T17:22:24.0588592Z           "view": "pane::features::settings::SettingsWindow",
2026-10-03T17:22:24.0588971Z           "source_location": "crates/pane/src/ui/result_row.rs:60:15",
2026-10-03T17:22:24.0589645Z           "aria": {
2026-10-03T17:22:24.0589863Z             "role": "ListBoxOption",
2026-10-03T17:22:24.0590111Z             "on_action": [
2026-10-03T17:22:24.0590325Z               "Click"
2026-10-03T17:22:24.0590531Z             ],
2026-10-03T17:22:24.0590729Z             "label": "Extensions",
2026-10-03T17:22:24.0590974Z             "selected": false
2026-10-03T17:22:24.0591188Z           }
2026-10-03T17:22:24.0591360Z         },
2026-10-03T17:22:24.0591538Z         "g": {
2026-10-03T17:22:24.0591745Z           "accesskit_id": "17534740954133582944",
2026-10-03T17:22:24.0592050Z           "element_id": "NamedInteger(\"section\", 5)",
2026-10-03T17:22:24.0592383Z           "view": "pane::features::settings::SettingsWindow",
2026-10-03T17:22:24.0592760Z           "source_location": "crates/pane/src/ui/result_row.rs:60:15",
2026-10-03T17:22:24.0593079Z           "aria": {
2026-10-03T17:22:24.0593286Z             "role": "ListBoxOption",
2026-10-03T17:22:24.0593532Z             "on_action": [
2026-10-03T17:22:24.0593758Z               "Click"
2026-10-03T17:22:24.0593951Z             ],
2026-10-03T17:22:24.0594136Z             "label": "About",
2026-10-03T17:22:24.0594361Z             "selected": false
2026-10-03T17:22:24.0594581Z           }
2026-10-03T17:22:24.0594754Z         },
2026-10-03T17:22:24.0594926Z         "h": {
2026-10-03T17:22:24.0595128Z           "accesskit_id": "5240332096231811110",
2026-10-03T17:22:24.0595394Z           "children": [
2026-10-03T17:22:24.0595604Z             "b",
2026-10-03T17:22:24.0595789Z             "c",
2026-10-03T17:22:24.0595970Z             "d",
2026-10-03T17:22:24.0596152Z             "e",
2026-10-03T17:22:24.0596340Z             "f",
2026-10-03T17:22:24.0596521Z             "g"
2026-10-03T17:22:24.0596706Z           ],
2026-10-03T17:22:24.0596914Z           "element_id": "Name(\"sections\")",
2026-10-03T17:22:24.0597232Z           "view": "pane::features::settings::SettingsWindow",
2026-10-03T17:22:24.0597774Z           "source_location": "crates/pane/src/features/settings/mod.rs:314:17",
2026-10-03T17:22:24.0598139Z           "aria": {
2026-10-03T17:22:24.0598339Z             "role": "ListBox",
2026-10-03T17:22:24.0598569Z             "on_action": [
2026-10-03T17:22:24.0598787Z               "Focus"
2026-10-03T17:22:24.0598979Z             ],
2026-10-03T17:22:24.0599182Z             "label": "Settings sections"
2026-10-03T17:22:24.0599684Z           }
2026-10-03T17:22:24.0599862Z         },
2026-10-03T17:22:24.0600037Z         "i": {
2026-10-03T17:22:24.0600239Z           "accesskit_id": "6552787065447303630",
2026-10-03T17:22:24.0600531Z           "element_id": "Name(\"trigger\")",
2026-10-03T17:22:24.0600862Z           "source_location": "crates/pane/src/ui/select.rs:605:19",
2026-10-03T17:22:24.0601190Z           "aria": {
2026-10-03T17:22:24.0601391Z             "role": "ComboBox",
2026-10-03T17:22:24.0601627Z             "on_action": [
2026-10-03T17:22:24.0601853Z               "Click",
2026-10-03T17:22:24.0602050Z               "Focus"
2026-10-03T17:22:24.0602364Z             ],
2026-10-03T17:22:24.0602667Z             "label": "Display",
2026-10-03T17:22:24.0603220Z             "description": "The display the launcher opens on",
2026-10-03T17:22:24.0603558Z             "value": "Pointer's display",
2026-10-03T17:22:24.0603829Z             "expanded": false
2026-10-03T17:22:24.0604062Z           }
2026-10-03T17:22:24.0604242Z         },
2026-10-03T17:22:24.0604415Z         "j": {
2026-10-03T17:22:24.0604616Z           "accesskit_id": "1748417423946330287",
2026-10-03T17:22:24.0604928Z           "element_id": "Name(\"Restore the current view\")",
2026-10-03T17:22:24.0605283Z           "view": "pane::features::settings::SettingsWindow",
2026-10-03T17:22:24.0605717Z           "source_location": "crates/pane/src/features/settings/launcher.rs:477:15",
2026-10-03T17:22:24.0606097Z           "aria": {
2026-10-03T17:22:24.0606305Z             "role": "RadioButton",
2026-10-03T17:22:24.0606552Z             "on_action": [
2026-10-03T17:22:24.0606776Z               "Click"
2026-10-03T17:22:24.0606968Z             ],
2026-10-03T17:22:24.0607175Z             "label": "Restore the current view",
2026-10-03T17:22:24.0607663Z             "description": "Show what the launcher was left on, when it is still valid; the provisional default",
2026-10-03T17:22:24.0608138Z             "toggled": "False"
2026-10-03T17:22:24.0608361Z           }
2026-10-03T17:22:24.0608533Z         },
2026-10-03T17:22:24.0608704Z         "k": {
2026-10-03T17:22:24.0608913Z           "accesskit_id": "10814223515421245247",
2026-10-03T17:22:24.0609223Z           "element_id": "Name(\"Start at root search\")",
2026-10-03T17:22:24.0609812Z           "view": "pane::features::settings::SettingsWindow",
2026-10-03T17:22:24.0610232Z           "source_location": "crates/pane/src/features/settings/launcher.rs:477:15",
2026-10-03T17:22:24.0610618Z           "aria": {
2026-10-03T17:22:24.0610822Z             "role": "RadioButton",
2026-10-03T17:22:24.0611070Z             "on_action": [
2026-10-03T17:22:24.0611278Z               "Click"
2026-10-03T17:22:24.0611477Z             ],
2026-10-03T17:22:24.0611678Z             "label": "Start at root search",
2026-10-03T17:22:24.0612093Z             "description": "Begin from root search with an empty query, whatever was left",
2026-10-03T17:22:24.0612500Z             "toggled": "True"
2026-10-03T17:22:24.0612722Z           }
2026-10-03T17:22:24.0612899Z         },
2026-10-03T17:22:24.0613072Z         "l": {
2026-10-03T17:22:24.0613277Z           "accesskit_id": "6091025114247384428",
2026-10-03T17:22:24.0613582Z           "element_id": "Name(\"launcher-dismissal\")",
2026-10-03T17:22:24.0613928Z           "view": "pane::features::settings::SettingsWindow",
2026-10-03T17:22:24.0614347Z           "source_location": "crates/pane/src/features/settings/launcher.rs:546:5",
2026-10-03T17:22:24.0614721Z           "aria": {
2026-10-03T17:22:24.0614919Z             "role": "Status",
2026-10-03T17:22:24.0616299Z             "label": "Escape still backs out of what is open — a composition, a menu, an open screen — before it clears the query, and only then hides the launcher. Hiding never quits Pane: the Settings window stays open, and the next opening of the launcher reuses the same live window."
2026-10-03T17:22:24.0617316Z           }
2026-10-03T17:22:24.0617490Z         },
2026-10-03T17:22:24.0617664Z         "m": {
2026-10-03T17:22:24.0617863Z           "accesskit_id": "0",
2026-10-03T17:22:24.0618094Z           "children": [
2026-10-03T17:22:24.0618298Z             "a",
2026-10-03T17:22:24.0618482Z             "h",
2026-10-03T17:22:24.0618669Z             "i",
2026-10-03T17:22:24.0618855Z             "j",
2026-10-03T17:22:24.0619034Z             "k",
2026-10-03T17:22:24.0619216Z             "l"
2026-10-03T17:22:24.0619525Z           ],
2026-10-03T17:22:24.0619711Z           "aria": {
2026-10-03T17:22:24.0619909Z             "role": "Window",
2026-10-03T17:22:24.0620144Z             "label": "Settings"
2026-10-03T17:22:24.0620379Z           }
2026-10-03T17:22:24.0620556Z         }
2026-10-03T17:22:24.0620728Z       }
2026-10-03T17:22:24.0620894Z     }
2026-10-03T17:22:24.0621327Z     note: run with `RUST_BACKTRACE=1` environment variable to display a backtrace
2026-10-03T17:22:24.0621646Z 
2026-10-03T17:22:24.0621781Z ────────────
2026-10-03T17:22:24.0622063Z      Summary [  23.096s] 26/1272 tests run: 25 passed, 1 failed, 0 skipped
2026-10-03T17:22:24.0622643Z   TRY 3 FAIL [   0.820s] (  26/1272) pane::launcher_settings a_disconnected_or_unanswered_choice_falls_back_and_says_so
2026-10-03T17:22:24.0623392Z warning: 1246/1272 tests were not run due to test failure (run with --no-fail-fast to run all tests, or run with --max-fail)
2026-10-03T17:22:24.1690851Z error: test run failed
2026-10-03T17:22:24.1797624Z xtask: cd "/home/runner/work/pane/pane" && "/home/runner/.rustup/toolchains/1.98.1-x86_64-unknown-linux-gnu/bin/cargo" "nextest" "run" "--locked" "--workspace" "--retries" "2" failed with exit status: 100
2026-10-03T17:22:24.2232853Z ##[error]Process completed with exit code 1.
2026-10-03T17:22:24.4146058Z Post job cleanup.
2026-10-03T17:22:24.6792775Z [command]/usr/bin/git version
2026-10-03T17:22:24.6965054Z git version 2.55.0
2026-10-03T17:22:24.7023271Z Temporarily overriding HOME='/home/runner/work/_temp/6fcd21d4-e12d-42bc-ac6e-4b7fcef6f4e6' before making global git config changes
2026-10-03T17:22:24.7024718Z Adding repository directory to the temporary git global config as a safe directory
2026-10-03T17:22:24.7029512Z [command]/usr/bin/git config --global --add safe.directory /home/runner/work/pane/pane
2026-10-03T17:22:24.7117188Z [command]/usr/bin/git config --local --name-only --get-regexp core\.sshCommand
2026-10-03T17:22:24.7159051Z [command]/usr/bin/git submodule foreach --recursive sh -c "git config --local --name-only --get-regexp 'core\.sshCommand' && git config --local --unset-all 'core.sshCommand' || :"
2026-10-03T17:22:24.7751016Z [command]/usr/bin/git config --local --name-only --get-regexp http\.https\:\/\/github\.com\/\.extraheader
2026-10-03T17:22:24.7789921Z http.https://github.com/.extraheader
2026-10-03T17:22:24.7810910Z [command]/usr/bin/git config --local --unset-all http.https://github.com/.extraheader
2026-10-03T17:22:24.7854620Z [command]/usr/bin/git submodule foreach --recursive sh -c "git config --local --name-only --get-regexp 'http\.https\:\/\/github\.com\/\.extraheader' && git config --local --unset-all 'http.https://github.com/.extraheader' || :"
2026-10-03T17:22:24.8112986Z [command]/usr/bin/git config --local --name-only --get-regexp ^includeIf\.gitdir:
2026-10-03T17:22:24.8155572Z [command]/usr/bin/git submodule foreach --recursive git config --local --show-origin --name-only --get-regexp remote.origin.url
2026-10-03T17:22:24.8646180Z Cleaning up orphan processes
2026-10-03T17:22:24.9471600Z ##[warning]Node.js 20 is deprecated. The following actions target Node.js 20 but are being forced to run on Node.js 24: actions/checkout@v4. For more information see: https://github.blog/changelog/2025-09-19-deprecation-of-node-20-on-github-actions-runners/
